[0.006s] Invoking command in '/home/alex/Desktop/2DOF-Turret/build/custom_msgs': CONDA_PROMPT_MODIFIER=(base) /usr/bin/cmake /home/alex/Desktop/2DOF-Turret/2dof_ros2_ws/src/custom_msgs -DCMAKE_INSTALL_PREFIX=/home/alex/Desktop/2DOF-Turret/install/custom_msgs
[0.014s] -- Found ament_cmake: 1.3.12 (/opt/ros/humble/share/ament_cmake/cmake)
[0.100s] -- Found rosidl_default_generators: 1.2.0 (/opt/ros/humble/share/rosidl_default_generators/cmake)
[0.102s] -- Using all available rosidl_typesupport_c: rosidl_typesupport_fastrtps_c;rosidl_typesupport_introspection_c
[0.103s] -- Found rosidl_adapter: 3.1.7 (/opt/ros/humble/share/rosidl_adapter/cmake)
[0.121s] -- Using all available rosidl_typesupport_cpp: rosidl_typesupport_fastrtps_cpp;rosidl_typesupport_introspection_cpp
[0.203s] [31mCMake Error at /opt/ros/humble/share/rosidl_adapter/cmake/rosidl_adapt_interfaces.cmake:59 (message):
[0.203s]   execute_process(/home/alex/miniconda3/bin/python3 -m rosidl_adapter
[0.203s]   --package-name custom_msgs --arguments-file
[0.203s]   /home/alex/Desktop/2DOF-Turret/build/custom_msgs/rosidl_adapter__arguments__custom_msgs.json
[0.203s]   --output-dir
[0.203s]   /home/alex/Desktop/2DOF-Turret/build/custom_msgs/rosidl_adapter/custom_msgs
[0.203s]   --output-file
[0.203s]   /home/alex/Desktop/2DOF-Turret/build/custom_msgs/rosidl_adapter/custom_msgs.idls)
[0.203s]   returned error code 1:
[0.204s] 
[0.204s]   Traceback (most recent call last):
[0.204s] 
[0.204s]     File "<frozen runpy>", line 198, in _run_module_as_main
[0.204s]     File "<frozen runpy>", line 88, in _run_code
[0.204s]     File "/opt/ros/humble/local/lib/python3.10/dist-packages/rosidl_adapter/__main__.py", line 19, in <module>
[0.204s]       sys.exit(main())
[0.204s]                ~~~~^^
[0.204s]     File "/opt/ros/humble/local/lib/python3.10/dist-packages/rosidl_adapter/main.py", line 53, in main
[0.204s]       abs_idl_file = convert_to_idl(
[0.204s]           pathlib.Path(basepath), args.package_name,
[0.204s]           pathlib.Path(relative_path), output_dir)
[0.204s]     File "/opt/ros/humble/local/lib/python3.10/dist-packages/rosidl_adapter/__init__.py", line 18, in convert_to_idl
[0.204s]       from rosidl_adapter.msg import convert_msg_to_idl
[0.204s]     File "/opt/ros/humble/local/lib/python3.10/dist-packages/rosidl_adapter/msg/__init__.py", line 16, in <module>
[0.204s]       from rosidl_adapter.resource import expand_template
[0.204s]     File "/opt/ros/humble/local/lib/python3.10/dist-packages/rosidl_adapter/resource/__init__.py", line 19, in <module>
[0.204s]       import em
[0.204s] 
[0.204s]   ModuleNotFoundError: No module named 'em'
[0.204s] 
[0.204s] Call Stack (most recent call first):
[0.204s]   /opt/ros/humble/share/rosidl_cmake/cmake/rosidl_generate_interfaces.cmake:130 (rosidl_adapt_interfaces)
[0.204s]   CMakeLists.txt:8 (rosidl_generate_interfaces)
[0.205s] 
[0.205s] [0m
[0.205s] -- Configuring incomplete, errors occurred!
[0.205s] See also "/home/alex/Desktop/2DOF-Turret/build/custom_msgs/CMakeFiles/CMakeOutput.log".
[0.207s] Invoked command in '/home/alex/Desktop/2DOF-Turret/build/custom_msgs' returned '1': CONDA_PROMPT_MODIFIER=(base) /usr/bin/cmake /home/alex/Desktop/2DOF-Turret/2dof_ros2_ws/src/custom_msgs -DCMAKE_INSTALL_PREFIX=/home/alex/Desktop/2DOF-Turret/install/custom_msgs
