[0.005s] Invoking command in '/home/alex/Desktop/2DOF-Turret/2dof_ros2_ws/build/turret_control': AMENT_PREFIX_PATH=/home/alex/Desktop/2DOF-Turret/2dof_ros2_ws/install/custom_msgs:${AMENT_PREFIX_PATH} CMAKE_PREFIX_PATH=/home/alex/Desktop/2DOF-Turret/2dof_ros2_ws/install/custom_msgs:/opt/ros/humble LD_LIBRARY_PATH=/home/alex/Desktop/2DOF-Turret/2dof_ros2_ws/install/custom_msgs/lib:${LD_LIBRARY_PATH} PYTHONPATH=/home/alex/Desktop/2DOF-Turret/2dof_ros2_ws/install/custom_msgs/local/lib/python3.10/dist-packages:${PYTHONPATH} /usr/bin/cmake /home/alex/Desktop/2DOF-Turret/2dof_ros2_ws/src/turret_control -DAMENT_CMAKE_SYMLINK_INSTALL=1 -DCMAKE_INSTALL_PREFIX=/home/alex/Desktop/2DOF-Turret/2dof_ros2_ws/install/turret_control
[0.037s] -- The C compiler identification is GNU 11.4.0
[0.071s] -- The CXX compiler identification is GNU 11.4.0
[0.075s] -- Detecting C compiler ABI info
[0.114s] -- Detecting C compiler ABI info - done
[0.119s] -- Check for working C compiler: /usr/bin/cc - skipped
[0.119s] -- Detecting C compile features
[0.119s] -- Detecting C compile features - done
[0.121s] -- Detecting CXX compiler ABI info
[0.167s] -- Detecting CXX compiler ABI info - done
[0.171s] -- Check for working CXX compiler: /usr/bin/c++ - skipped
[0.172s] -- Detecting CXX compile features
[0.172s] -- Detecting CXX compile features - done
[0.173s] -- Found ament_cmake: 1.3.12 (/opt/ros/humble/share/ament_cmake/cmake)
[0.266s] -- Found Python3: /usr/bin/python3 (found version "3.10.12") found components: Interpreter 
[0.305s] -- Override CMake install command with custom implementation using symlinks instead of copying resources
[0.319s] -- Found rclcpp: 16.0.17 (/opt/ros/humble/share/rclcpp/cmake)
[0.340s] -- Found rosidl_generator_c: 3.1.7 (/opt/ros/humble/share/rosidl_generator_c/cmake)
[0.343s] -- Found rosidl_adapter: 3.1.7 (/opt/ros/humble/share/rosidl_adapter/cmake)
[0.347s] -- Found rosidl_generator_cpp: 3.1.7 (/opt/ros/humble/share/rosidl_generator_cpp/cmake)
[0.354s] -- Using all available rosidl_typesupport_c: rosidl_typesupport_fastrtps_c;rosidl_typesupport_introspection_c
[0.363s] -- Using all available rosidl_typesupport_cpp: rosidl_typesupport_fastrtps_cpp;rosidl_typesupport_introspection_cpp
[0.388s] -- Found rmw_implementation_cmake: 6.1.2 (/opt/ros/humble/share/rmw_implementation_cmake/cmake)
[0.389s] -- Found rmw_fastrtps_cpp: 6.2.9 (/opt/ros/humble/share/rmw_fastrtps_cpp/cmake)
[0.437s] -- Found OpenSSL: /usr/lib/x86_64-linux-gnu/libcrypto.so (found version "3.0.2")  
[0.453s] -- Found FastRTPS: /opt/ros/humble/include  
[0.476s] -- Using RMW implementation 'rmw_fastrtps_cpp' as default
[0.480s] -- Looking for pthread.h
[0.523s] -- Looking for pthread.h - found
[0.523s] -- Performing Test CMAKE_HAVE_LIBC_PTHREAD
[0.564s] -- Performing Test CMAKE_HAVE_LIBC_PTHREAD - Success
[0.565s] -- Found Threads: TRUE  
[0.593s] -- Found custom_msgs: 0.0.0 (/home/alex/Desktop/2DOF-Turret/2dof_ros2_ws/install/custom_msgs/share/custom_msgs/cmake)
[0.599s] -- Found geometry_msgs: 4.9.0 (/opt/ros/humble/share/geometry_msgs/cmake)
[0.655s] -- Configuring done
[0.660s] -- Generating done
[0.662s] -- Build files have been written to: /home/alex/Desktop/2DOF-Turret/2dof_ros2_ws/build/turret_control
[0.668s] Invoked command in '/home/alex/Desktop/2DOF-Turret/2dof_ros2_ws/build/turret_control' returned '0': AMENT_PREFIX_PATH=/home/alex/Desktop/2DOF-Turret/2dof_ros2_ws/install/custom_msgs:${AMENT_PREFIX_PATH} CMAKE_PREFIX_PATH=/home/alex/Desktop/2DOF-Turret/2dof_ros2_ws/install/custom_msgs:/opt/ros/humble LD_LIBRARY_PATH=/home/alex/Desktop/2DOF-Turret/2dof_ros2_ws/install/custom_msgs/lib:${LD_LIBRARY_PATH} PYTHONPATH=/home/alex/Desktop/2DOF-Turret/2dof_ros2_ws/install/custom_msgs/local/lib/python3.10/dist-packages:${PYTHONPATH} /usr/bin/cmake /home/alex/Desktop/2DOF-Turret/2dof_ros2_ws/src/turret_control -DAMENT_CMAKE_SYMLINK_INSTALL=1 -DCMAKE_INSTALL_PREFIX=/home/alex/Desktop/2DOF-Turret/2dof_ros2_ws/install/turret_control
[0.669s] Invoking command in '/home/alex/Desktop/2DOF-Turret/2dof_ros2_ws/build/turret_control': AMENT_PREFIX_PATH=/home/alex/Desktop/2DOF-Turret/2dof_ros2_ws/install/custom_msgs:${AMENT_PREFIX_PATH} CMAKE_PREFIX_PATH=/home/alex/Desktop/2DOF-Turret/2dof_ros2_ws/install/custom_msgs:/opt/ros/humble LD_LIBRARY_PATH=/home/alex/Desktop/2DOF-Turret/2dof_ros2_ws/install/custom_msgs/lib:${LD_LIBRARY_PATH} PYTHONPATH=/home/alex/Desktop/2DOF-Turret/2dof_ros2_ws/install/custom_msgs/local/lib/python3.10/dist-packages:${PYTHONPATH} /usr/bin/cmake --build /home/alex/Desktop/2DOF-Turret/2dof_ros2_ws/build/turret_control -- -j16 -l16
[0.700s] [ 75%] [32mBuilding CXX object CMakeFiles/position_controller.dir/src/position_controller.cpp.o[0m
[0.700s] [ 75%] [32mBuilding CXX object CMakeFiles/position_controller.dir/src/Control.cpp.o[0m
[0.700s] [ 75%] [32mBuilding CXX object CMakeFiles/position_controller.dir/src/jsonRead.cpp.o[0m
[2.639s] [01m[K/home/alex/Desktop/2DOF-Turret/2dof_ros2_ws/src/turret_control/src/position_controller.cpp:[m[K In function ‘[01m[Kint main(int, char**)[m[K’:
[2.639s] [01m[K/home/alex/Desktop/2DOF-Turret/2dof_ros2_ws/src/turret_control/src/position_controller.cpp:49:14:[m[K [01;35m[Kwarning: [m[Kunused parameter ‘[01m[Kargc[m[K’ [[01;35m[K]8;;https://gcc.gnu.org/onlinedocs/gcc/Warning-Options.html#index-Wunused-parameter-Wunused-parameter]8;;[m[K]
[2.639s]    49 | int main([01;35m[Kint argc[m[K, char **argv)
[2.639s]       |          [01;35m[K~~~~^~~~[m[K
[2.639s] [01m[K/home/alex/Desktop/2DOF-Turret/2dof_ros2_ws/src/turret_control/src/position_controller.cpp:49:27:[m[K [01;35m[Kwarning: [m[Kunused parameter ‘[01m[Kargv[m[K’ [[01;35m[K]8;;https://gcc.gnu.org/onlinedocs/gcc/Warning-Options.html#index-Wunused-parameter-Wunused-parameter]8;;[m[K]
[2.639s]    49 | int main(int argc, [01;35m[Kchar **argv[m[K)
[2.639s]       |                    [01;35m[K~~~~~~~^~~~[m[K
[4.072s] [100%] [32m[1mLinking CXX executable position_controller[0m
[4.136s] [100%] Built target position_controller
[4.142s] Invoked command in '/home/alex/Desktop/2DOF-Turret/2dof_ros2_ws/build/turret_control' returned '0': AMENT_PREFIX_PATH=/home/alex/Desktop/2DOF-Turret/2dof_ros2_ws/install/custom_msgs:${AMENT_PREFIX_PATH} CMAKE_PREFIX_PATH=/home/alex/Desktop/2DOF-Turret/2dof_ros2_ws/install/custom_msgs:/opt/ros/humble LD_LIBRARY_PATH=/home/alex/Desktop/2DOF-Turret/2dof_ros2_ws/install/custom_msgs/lib:${LD_LIBRARY_PATH} PYTHONPATH=/home/alex/Desktop/2DOF-Turret/2dof_ros2_ws/install/custom_msgs/local/lib/python3.10/dist-packages:${PYTHONPATH} /usr/bin/cmake --build /home/alex/Desktop/2DOF-Turret/2dof_ros2_ws/build/turret_control -- -j16 -l16
[4.143s] Invoking command in '/home/alex/Desktop/2DOF-Turret/2dof_ros2_ws/build/turret_control': AMENT_PREFIX_PATH=/home/alex/Desktop/2DOF-Turret/2dof_ros2_ws/install/custom_msgs:${AMENT_PREFIX_PATH} CMAKE_PREFIX_PATH=/home/alex/Desktop/2DOF-Turret/2dof_ros2_ws/install/custom_msgs:/opt/ros/humble LD_LIBRARY_PATH=/home/alex/Desktop/2DOF-Turret/2dof_ros2_ws/install/custom_msgs/lib:${LD_LIBRARY_PATH} PYTHONPATH=/home/alex/Desktop/2DOF-Turret/2dof_ros2_ws/install/custom_msgs/local/lib/python3.10/dist-packages:${PYTHONPATH} /usr/bin/cmake --install /home/alex/Desktop/2DOF-Turret/2dof_ros2_ws/build/turret_control
[4.147s] -- Install configuration: ""
[4.147s] -- Execute custom install script
[4.148s] -- Symlinking: /home/alex/Desktop/2DOF-Turret/2dof_ros2_ws/install/turret_control/lib/turret_control/position_controller
[4.153s] -- Symlinking: /home/alex/Desktop/2DOF-Turret/2dof_ros2_ws/install/turret_control/share/ament_index/resource_index/package_run_dependencies/turret_control
[4.158s] -- Symlinking: /home/alex/Desktop/2DOF-Turret/2dof_ros2_ws/install/turret_control/share/ament_index/resource_index/parent_prefix_path/turret_control
[4.163s] -- Symlinking: /home/alex/Desktop/2DOF-Turret/2dof_ros2_ws/install/turret_control/share/turret_control/environment/ament_prefix_path.sh
[4.168s] -- Symlinking: /home/alex/Desktop/2DOF-Turret/2dof_ros2_ws/install/turret_control/share/turret_control/environment/ament_prefix_path.dsv
[4.173s] -- Symlinking: /home/alex/Desktop/2DOF-Turret/2dof_ros2_ws/install/turret_control/share/turret_control/environment/path.sh
[4.178s] -- Symlinking: /home/alex/Desktop/2DOF-Turret/2dof_ros2_ws/install/turret_control/share/turret_control/environment/path.dsv
[4.183s] -- Symlinking: /home/alex/Desktop/2DOF-Turret/2dof_ros2_ws/install/turret_control/share/turret_control/local_setup.bash
[4.188s] -- Symlinking: /home/alex/Desktop/2DOF-Turret/2dof_ros2_ws/install/turret_control/share/turret_control/local_setup.sh
[4.192s] -- Symlinking: /home/alex/Desktop/2DOF-Turret/2dof_ros2_ws/install/turret_control/share/turret_control/local_setup.zsh
[4.197s] -- Symlinking: /home/alex/Desktop/2DOF-Turret/2dof_ros2_ws/install/turret_control/share/turret_control/local_setup.dsv
[4.202s] -- Symlinking: /home/alex/Desktop/2DOF-Turret/2dof_ros2_ws/install/turret_control/share/turret_control/package.dsv
[4.207s] -- Symlinking: /home/alex/Desktop/2DOF-Turret/2dof_ros2_ws/install/turret_control/share/ament_index/resource_index/packages/turret_control
[4.211s] -- Symlinking: /home/alex/Desktop/2DOF-Turret/2dof_ros2_ws/install/turret_control/share/turret_control/cmake/turret_controlConfig.cmake
[4.216s] -- Symlinking: /home/alex/Desktop/2DOF-Turret/2dof_ros2_ws/install/turret_control/share/turret_control/cmake/turret_controlConfig-version.cmake
[4.221s] -- Symlinking: /home/alex/Desktop/2DOF-Turret/2dof_ros2_ws/install/turret_control/share/turret_control/package.xml
[4.228s] Invoked command in '/home/alex/Desktop/2DOF-Turret/2dof_ros2_ws/build/turret_control' returned '0': AMENT_PREFIX_PATH=/home/alex/Desktop/2DOF-Turret/2dof_ros2_ws/install/custom_msgs:${AMENT_PREFIX_PATH} CMAKE_PREFIX_PATH=/home/alex/Desktop/2DOF-Turret/2dof_ros2_ws/install/custom_msgs:/opt/ros/humble LD_LIBRARY_PATH=/home/alex/Desktop/2DOF-Turret/2dof_ros2_ws/install/custom_msgs/lib:${LD_LIBRARY_PATH} PYTHONPATH=/home/alex/Desktop/2DOF-Turret/2dof_ros2_ws/install/custom_msgs/local/lib/python3.10/dist-packages:${PYTHONPATH} /usr/bin/cmake --install /home/alex/Desktop/2DOF-Turret/2dof_ros2_ws/build/turret_control
