[0.007s] Invoking command in '/home/alex/Desktop/2DOF-Turret/build/turret_control': /usr/bin/cmake /home/alex/Desktop/2DOF-Turret/2dof_ros2_ws/src/turret_control -DCMAKE_INSTALL_PREFIX=/home/alex/Desktop/2DOF-Turret/install/turret_control
[0.203s] -- The C compiler identification is GNU 11.4.0
[0.353s] -- The CXX compiler identification is GNU 11.4.0
[0.360s] -- Detecting C compiler ABI info
[0.410s] -- Detecting C compiler ABI info - done
[0.416s] -- Check for working C compiler: /usr/bin/cc - skipped
[0.416s] -- Detecting C compile features
[0.417s] -- Detecting C compile features - done
[0.419s] -- Detecting CXX compiler ABI info
[0.476s] -- Detecting CXX compiler ABI info - done
[0.481s] -- Check for working CXX compiler: /usr/bin/c++ - skipped
[0.481s] -- Detecting CXX compile features
[0.481s] -- Detecting CXX compile features - done
[0.483s] -- Found ament_cmake: 1.3.12 (/opt/ros/humble/share/ament_cmake/cmake)
[0.579s] -- Found Python3: /usr/bin/python3 (found version "3.10.12") found components: Interpreter 
[0.635s] -- Found rclcpp: 16.0.17 (/opt/ros/humble/share/rclcpp/cmake)
[0.658s] -- Found rosidl_generator_c: 3.1.7 (/opt/ros/humble/share/rosidl_generator_c/cmake)
[0.661s] -- Found rosidl_adapter: 3.1.7 (/opt/ros/humble/share/rosidl_adapter/cmake)
[0.665s] -- Found rosidl_generator_cpp: 3.1.7 (/opt/ros/humble/share/rosidl_generator_cpp/cmake)
[0.672s] -- Using all available rosidl_typesupport_c: rosidl_typesupport_fastrtps_c;rosidl_typesupport_introspection_c
[0.681s] -- Using all available rosidl_typesupport_cpp: rosidl_typesupport_fastrtps_cpp;rosidl_typesupport_introspection_cpp
[0.704s] -- Found rmw_implementation_cmake: 6.1.2 (/opt/ros/humble/share/rmw_implementation_cmake/cmake)
[0.705s] -- Found rmw_fastrtps_cpp: 6.2.9 (/opt/ros/humble/share/rmw_fastrtps_cpp/cmake)
[0.752s] -- Found OpenSSL: /usr/lib/x86_64-linux-gnu/libcrypto.so (found version "3.0.2")  
[0.768s] -- Found FastRTPS: /opt/ros/humble/include  
[0.791s] -- Using RMW implementation 'rmw_fastrtps_cpp' as default
[0.796s] -- Looking for pthread.h
[0.844s] -- Looking for pthread.h - found
[0.845s] -- Performing Test CMAKE_HAVE_LIBC_PTHREAD
[0.892s] -- Performing Test CMAKE_HAVE_LIBC_PTHREAD - Success
[0.892s] -- Found Threads: TRUE  
[0.927s] [31mCMake Error at CMakeLists.txt:10 (find_package):
[0.927s]   By not providing "Findcustom_msgs.cmake" in CMAKE_MODULE_PATH this project
[0.927s]   has asked CMake to find a package configuration file provided by
[0.927s]   "custom_msgs", but CMake did not find one.
[0.928s] 
[0.928s]   Could not find a package configuration file provided by "custom_msgs" with
[0.928s]   any of the following names:
[0.928s] 
[0.928s]     custom_msgsConfig.cmake
[0.928s]     custom_msgs-config.cmake
[0.928s] 
[0.928s]   Add the installation prefix of "custom_msgs" to CMAKE_PREFIX_PATH or set
[0.928s]   "custom_msgs_DIR" to a directory containing one of the above files.  If
[0.928s]   "custom_msgs" provides a separate development package or SDK, be sure it
[0.928s]   has been installed.
[0.928s] 
[0.928s] [0m
[0.928s] -- Configuring incomplete, errors occurred!
[0.928s] See also "/home/alex/Desktop/2DOF-Turret/build/turret_control/CMakeFiles/CMakeOutput.log".
[0.935s] Invoked command in '/home/alex/Desktop/2DOF-Turret/build/turret_control' returned '1': /usr/bin/cmake /home/alex/Desktop/2DOF-Turret/2dof_ros2_ws/src/turret_control -DCMAKE_INSTALL_PREFIX=/home/alex/Desktop/2DOF-Turret/install/turret_control
