[0.077s] DEBUG:colcon:Command line arguments: ['/usr/bin/colcon', 'build', '--packages-select', 'custom_msgs', '--cmake-clean-cache']
[0.077s] DEBUG:colcon:Parsed command line arguments: Namespace(log_base=None, log_level=None, verb_name='build', build_base='build', install_base='install', merge_install=False, symlink_install=False, test_result_base=None, continue_on_error=False, executor='parallel', parallel_workers=16, event_handlers=None, ignore_user_meta=False, metas=['./colcon.meta'], base_paths=['.'], packages_ignore=None, packages_ignore_regex=None, paths=None, packages_up_to=None, packages_up_to_regex=None, packages_above=None, packages_above_and_dependencies=None, packages_above_depth=None, packages_select_by_dep=None, packages_skip_by_dep=None, packages_skip_up_to=None, packages_select_build_failed=False, packages_skip_build_finished=False, packages_select_test_failures=False, packages_skip_test_passed=False, packages_select=['custom_msgs'], packages_skip=None, packages_select_regex=None, packages_skip_regex=None, packages_start=None, packages_end=None, allow_overriding=[], cmake_args=None, cmake_target=None, cmake_target_skip_unavailable=False, cmake_clean_cache=True, cmake_clean_first=False, cmake_force_configure=False, ament_cmake_args=None, catkin_cmake_args=None, catkin_skip_building_tests=False, mixin_files=None, mixin=None, verb_parser=<colcon_mixin.mixin.mixin_argument.MixinArgumentDecorator object at 0x7b2a23d16020>, verb_extension=<colcon_core.verb.build.BuildVerb object at 0x7b2a23e536a0>, main=<bound method BuildVerb.main of <colcon_core.verb.build.BuildVerb object at 0x7b2a23e536a0>>, mixin_verb=('build',))
[0.176s] Level 1:colcon.colcon_core.package_discovery:discover_packages(colcon_meta) check parameters
[0.176s] Level 1:colcon.colcon_core.package_discovery:discover_packages(recursive) check parameters
[0.176s] Level 1:colcon.colcon_core.package_discovery:discover_packages(ignore) check parameters
[0.176s] Level 1:colcon.colcon_core.package_discovery:discover_packages(path) check parameters
[0.176s] Level 1:colcon.colcon_core.package_discovery:discover_packages(colcon_meta) discover
[0.176s] Level 1:colcon.colcon_core.package_discovery:discover_packages(recursive) discover
[0.176s] INFO:colcon.colcon_core.package_discovery:Crawling recursively for packages in '/home/alex/Desktop/2DOF-Turret'
[0.176s] Level 1:colcon.colcon_core.package_identification:_identify(.) by extensions ['ignore', 'ignore_ament_install']
[0.176s] Level 1:colcon.colcon_core.package_identification:_identify(.) by extension 'ignore'
[0.176s] Level 1:colcon.colcon_core.package_identification:_identify(.) by extension 'ignore_ament_install'
[0.176s] Level 1:colcon.colcon_core.package_identification:_identify(.) by extensions ['colcon_pkg']
[0.176s] Level 1:colcon.colcon_core.package_identification:_identify(.) by extension 'colcon_pkg'
[0.176s] Level 1:colcon.colcon_core.package_identification:_identify(.) by extensions ['colcon_meta']
[0.176s] Level 1:colcon.colcon_core.package_identification:_identify(.) by extension 'colcon_meta'
[0.176s] Level 1:colcon.colcon_core.package_identification:_identify(.) by extensions ['ros']
[0.176s] Level 1:colcon.colcon_core.package_identification:_identify(.) by extension 'ros'
[0.183s] Level 1:colcon.colcon_core.package_identification:_identify(.) by extensions ['cmake', 'python']
[0.183s] Level 1:colcon.colcon_core.package_identification:_identify(.) by extension 'cmake'
[0.183s] Level 1:colcon.colcon_core.package_identification:_identify(.) by extension 'python'
[0.183s] Level 1:colcon.colcon_core.package_identification:_identify(.) by extensions ['python_setup_py']
[0.183s] Level 1:colcon.colcon_core.package_identification:_identify(.) by extension 'python_setup_py'
[0.183s] Level 1:colcon.colcon_core.package_identification:_identify(2dof_ros2_ws) by extensions ['ignore', 'ignore_ament_install']
[0.183s] Level 1:colcon.colcon_core.package_identification:_identify(2dof_ros2_ws) by extension 'ignore'
[0.183s] Level 1:colcon.colcon_core.package_identification:_identify(2dof_ros2_ws) by extension 'ignore_ament_install'
[0.183s] Level 1:colcon.colcon_core.package_identification:_identify(2dof_ros2_ws) by extensions ['colcon_pkg']
[0.183s] Level 1:colcon.colcon_core.package_identification:_identify(2dof_ros2_ws) by extension 'colcon_pkg'
[0.183s] Level 1:colcon.colcon_core.package_identification:_identify(2dof_ros2_ws) by extensions ['colcon_meta']
[0.183s] Level 1:colcon.colcon_core.package_identification:_identify(2dof_ros2_ws) by extension 'colcon_meta'
[0.183s] Level 1:colcon.colcon_core.package_identification:_identify(2dof_ros2_ws) by extensions ['ros']
[0.183s] Level 1:colcon.colcon_core.package_identification:_identify(2dof_ros2_ws) by extension 'ros'
[0.183s] Level 1:colcon.colcon_core.package_identification:_identify(2dof_ros2_ws) by extensions ['cmake', 'python']
[0.183s] Level 1:colcon.colcon_core.package_identification:_identify(2dof_ros2_ws) by extension 'cmake'
[0.183s] Level 1:colcon.colcon_core.package_identification:_identify(2dof_ros2_ws) by extension 'python'
[0.183s] Level 1:colcon.colcon_core.package_identification:_identify(2dof_ros2_ws) by extensions ['python_setup_py']
[0.183s] Level 1:colcon.colcon_core.package_identification:_identify(2dof_ros2_ws) by extension 'python_setup_py'
[0.183s] Level 1:colcon.colcon_core.package_identification:_identify(2dof_ros2_ws/build) by extensions ['ignore', 'ignore_ament_install']
[0.184s] Level 1:colcon.colcon_core.package_identification:_identify(2dof_ros2_ws/build) by extension 'ignore'
[0.184s] Level 1:colcon.colcon_core.package_identification:_identify(2dof_ros2_ws/build) ignored
[0.184s] Level 1:colcon.colcon_core.package_identification:_identify(2dof_ros2_ws/install) by extensions ['ignore', 'ignore_ament_install']
[0.184s] Level 1:colcon.colcon_core.package_identification:_identify(2dof_ros2_ws/install) by extension 'ignore'
[0.184s] Level 1:colcon.colcon_core.package_identification:_identify(2dof_ros2_ws/install) ignored
[0.184s] Level 1:colcon.colcon_core.package_identification:_identify(2dof_ros2_ws/log) by extensions ['ignore', 'ignore_ament_install']
[0.184s] Level 1:colcon.colcon_core.package_identification:_identify(2dof_ros2_ws/log) by extension 'ignore'
[0.184s] Level 1:colcon.colcon_core.package_identification:_identify(2dof_ros2_ws/log) ignored
[0.184s] Level 1:colcon.colcon_core.package_identification:_identify(2dof_ros2_ws/src) by extensions ['ignore', 'ignore_ament_install']
[0.184s] Level 1:colcon.colcon_core.package_identification:_identify(2dof_ros2_ws/src) by extension 'ignore'
[0.184s] Level 1:colcon.colcon_core.package_identification:_identify(2dof_ros2_ws/src) by extension 'ignore_ament_install'
[0.184s] Level 1:colcon.colcon_core.package_identification:_identify(2dof_ros2_ws/src) by extensions ['colcon_pkg']
[0.184s] Level 1:colcon.colcon_core.package_identification:_identify(2dof_ros2_ws/src) by extension 'colcon_pkg'
[0.184s] Level 1:colcon.colcon_core.package_identification:_identify(2dof_ros2_ws/src) by extensions ['colcon_meta']
[0.184s] Level 1:colcon.colcon_core.package_identification:_identify(2dof_ros2_ws/src) by extension 'colcon_meta'
[0.184s] Level 1:colcon.colcon_core.package_identification:_identify(2dof_ros2_ws/src) by extensions ['ros']
[0.184s] Level 1:colcon.colcon_core.package_identification:_identify(2dof_ros2_ws/src) by extension 'ros'
[0.184s] Level 1:colcon.colcon_core.package_identification:_identify(2dof_ros2_ws/src) by extensions ['cmake', 'python']
[0.184s] Level 1:colcon.colcon_core.package_identification:_identify(2dof_ros2_ws/src) by extension 'cmake'
[0.184s] Level 1:colcon.colcon_core.package_identification:_identify(2dof_ros2_ws/src) by extension 'python'
[0.184s] Level 1:colcon.colcon_core.package_identification:_identify(2dof_ros2_ws/src) by extensions ['python_setup_py']
[0.184s] Level 1:colcon.colcon_core.package_identification:_identify(2dof_ros2_ws/src) by extension 'python_setup_py'
[0.184s] Level 1:colcon.colcon_core.package_identification:_identify(2dof_ros2_ws/src/custom_msgs) by extensions ['ignore', 'ignore_ament_install']
[0.184s] Level 1:colcon.colcon_core.package_identification:_identify(2dof_ros2_ws/src/custom_msgs) by extension 'ignore'
[0.184s] Level 1:colcon.colcon_core.package_identification:_identify(2dof_ros2_ws/src/custom_msgs) by extension 'ignore_ament_install'
[0.184s] Level 1:colcon.colcon_core.package_identification:_identify(2dof_ros2_ws/src/custom_msgs) by extensions ['colcon_pkg']
[0.185s] Level 1:colcon.colcon_core.package_identification:_identify(2dof_ros2_ws/src/custom_msgs) by extension 'colcon_pkg'
[0.185s] Level 1:colcon.colcon_core.package_identification:_identify(2dof_ros2_ws/src/custom_msgs) by extensions ['colcon_meta']
[0.185s] Level 1:colcon.colcon_core.package_identification:_identify(2dof_ros2_ws/src/custom_msgs) by extension 'colcon_meta'
[0.185s] Level 1:colcon.colcon_core.package_identification:_identify(2dof_ros2_ws/src/custom_msgs) by extensions ['ros']
[0.185s] Level 1:colcon.colcon_core.package_identification:_identify(2dof_ros2_ws/src/custom_msgs) by extension 'ros'
[0.186s] DEBUG:colcon.colcon_core.package_identification:Package '2dof_ros2_ws/src/custom_msgs' with type 'ros.ament_cmake' and name 'custom_msgs'
[0.187s] Level 1:colcon.colcon_core.package_identification:_identify(2dof_ros2_ws/src/turret_control) by extensions ['ignore', 'ignore_ament_install']
[0.187s] Level 1:colcon.colcon_core.package_identification:_identify(2dof_ros2_ws/src/turret_control) by extension 'ignore'
[0.187s] Level 1:colcon.colcon_core.package_identification:_identify(2dof_ros2_ws/src/turret_control) by extension 'ignore_ament_install'
[0.187s] Level 1:colcon.colcon_core.package_identification:_identify(2dof_ros2_ws/src/turret_control) by extensions ['colcon_pkg']
[0.187s] Level 1:colcon.colcon_core.package_identification:_identify(2dof_ros2_ws/src/turret_control) by extension 'colcon_pkg'
[0.187s] Level 1:colcon.colcon_core.package_identification:_identify(2dof_ros2_ws/src/turret_control) by extensions ['colcon_meta']
[0.187s] Level 1:colcon.colcon_core.package_identification:_identify(2dof_ros2_ws/src/turret_control) by extension 'colcon_meta'
[0.187s] Level 1:colcon.colcon_core.package_identification:_identify(2dof_ros2_ws/src/turret_control) by extensions ['ros']
[0.187s] Level 1:colcon.colcon_core.package_identification:_identify(2dof_ros2_ws/src/turret_control) by extension 'ros'
[0.187s] DEBUG:colcon.colcon_core.package_identification:Package '2dof_ros2_ws/src/turret_control' with type 'ros.ament_cmake' and name 'turret_control'
[0.187s] Level 1:colcon.colcon_core.package_identification:_identify(build) by extensions ['ignore', 'ignore_ament_install']
[0.187s] Level 1:colcon.colcon_core.package_identification:_identify(build) by extension 'ignore'
[0.187s] Level 1:colcon.colcon_core.package_identification:_identify(build) ignored
[0.187s] Level 1:colcon.colcon_core.package_identification:_identify(docs) by extensions ['ignore', 'ignore_ament_install']
[0.187s] Level 1:colcon.colcon_core.package_identification:_identify(docs) by extension 'ignore'
[0.187s] Level 1:colcon.colcon_core.package_identification:_identify(docs) by extension 'ignore_ament_install'
[0.188s] Level 1:colcon.colcon_core.package_identification:_identify(docs) by extensions ['colcon_pkg']
[0.188s] Level 1:colcon.colcon_core.package_identification:_identify(docs) by extension 'colcon_pkg'
[0.188s] Level 1:colcon.colcon_core.package_identification:_identify(docs) by extensions ['colcon_meta']
[0.188s] Level 1:colcon.colcon_core.package_identification:_identify(docs) by extension 'colcon_meta'
[0.188s] Level 1:colcon.colcon_core.package_identification:_identify(docs) by extensions ['ros']
[0.188s] Level 1:colcon.colcon_core.package_identification:_identify(docs) by extension 'ros'
[0.188s] Level 1:colcon.colcon_core.package_identification:_identify(docs) by extensions ['cmake', 'python']
[0.188s] Level 1:colcon.colcon_core.package_identification:_identify(docs) by extension 'cmake'
[0.188s] Level 1:colcon.colcon_core.package_identification:_identify(docs) by extension 'python'
[0.188s] Level 1:colcon.colcon_core.package_identification:_identify(docs) by extensions ['python_setup_py']
[0.188s] Level 1:colcon.colcon_core.package_identification:_identify(docs) by extension 'python_setup_py'
[0.188s] Level 1:colcon.colcon_core.package_identification:_identify(install) by extensions ['ignore', 'ignore_ament_install']
[0.188s] Level 1:colcon.colcon_core.package_identification:_identify(install) by extension 'ignore'
[0.188s] Level 1:colcon.colcon_core.package_identification:_identify(install) ignored
[0.188s] Level 1:colcon.colcon_core.package_identification:_identify(log) by extensions ['ignore', 'ignore_ament_install']
[0.188s] Level 1:colcon.colcon_core.package_identification:_identify(log) by extension 'ignore'
[0.188s] Level 1:colcon.colcon_core.package_identification:_identify(log) ignored
[0.188s] Level 1:colcon.colcon_core.package_discovery:discover_packages(recursive) using defaults
[0.188s] Level 1:colcon.colcon_core.package_discovery:discover_packages(ignore) discover
[0.188s] Level 1:colcon.colcon_core.package_discovery:discover_packages(ignore) using defaults
[0.188s] Level 1:colcon.colcon_core.package_discovery:discover_packages(path) discover
[0.188s] Level 1:colcon.colcon_core.package_discovery:discover_packages(path) using defaults
[0.206s] INFO:colcon.colcon_core.package_selection:Skipping not selected package 'turret_control' in '2dof_ros2_ws/src/turret_control'
[0.206s] Level 1:colcon.colcon_core.package_discovery:discover_packages(prefix_path) check parameters
[0.206s] Level 1:colcon.colcon_core.package_discovery:discover_packages(prefix_path) discover
[0.209s] DEBUG:colcon.colcon_installed_package_information.package_discovery:Found 272 installed packages in /opt/ros/humble
[0.209s] Level 1:colcon.colcon_core.package_discovery:discover_packages(prefix_path) using defaults
[0.233s] Level 5:colcon.colcon_core.verb:set package 'custom_msgs' build argument 'cmake_args' from command line to 'None'
[0.233s] Level 5:colcon.colcon_core.verb:set package 'custom_msgs' build argument 'cmake_target' from command line to 'None'
[0.233s] Level 5:colcon.colcon_core.verb:set package 'custom_msgs' build argument 'cmake_target_skip_unavailable' from command line to 'False'
[0.233s] Level 5:colcon.colcon_core.verb:set package 'custom_msgs' build argument 'cmake_clean_cache' from command line to 'True'
[0.233s] Level 5:colcon.colcon_core.verb:set package 'custom_msgs' build argument 'cmake_clean_first' from command line to 'False'
[0.233s] Level 5:colcon.colcon_core.verb:set package 'custom_msgs' build argument 'cmake_force_configure' from command line to 'False'
[0.233s] Level 5:colcon.colcon_core.verb:set package 'custom_msgs' build argument 'ament_cmake_args' from command line to 'None'
[0.233s] Level 5:colcon.colcon_core.verb:set package 'custom_msgs' build argument 'catkin_cmake_args' from command line to 'None'
[0.233s] Level 5:colcon.colcon_core.verb:set package 'custom_msgs' build argument 'catkin_skip_building_tests' from command line to 'False'
[0.233s] DEBUG:colcon.colcon_core.verb:Building package 'custom_msgs' with the following arguments: {'ament_cmake_args': None, 'build_base': '/home/alex/Desktop/2DOF-Turret/build/custom_msgs', 'catkin_cmake_args': None, 'catkin_skip_building_tests': False, 'cmake_args': None, 'cmake_clean_cache': True, 'cmake_clean_first': False, 'cmake_force_configure': False, 'cmake_target': None, 'cmake_target_skip_unavailable': False, 'install_base': '/home/alex/Desktop/2DOF-Turret/install/custom_msgs', 'merge_install': False, 'path': '/home/alex/Desktop/2DOF-Turret/2dof_ros2_ws/src/custom_msgs', 'symlink_install': False, 'test_result_base': None}
[0.233s] INFO:colcon.colcon_core.executor:Executing jobs using 'parallel' executor
[0.234s] DEBUG:colcon.colcon_parallel_executor.executor.parallel:run_until_complete
[0.234s] INFO:colcon.colcon_ros.task.ament_cmake.build:Building ROS package in '/home/alex/Desktop/2DOF-Turret/2dof_ros2_ws/src/custom_msgs' with build type 'ament_cmake'
[0.234s] INFO:colcon.colcon_cmake.task.cmake.build:Building CMake package in '/home/alex/Desktop/2DOF-Turret/2dof_ros2_ws/src/custom_msgs'
[0.237s] INFO:colcon.colcon_core.plugin_system:Skipping extension 'colcon_core.shell.bat': Not used on non-Windows systems
[0.238s] INFO:colcon.colcon_core.shell:Skip shell extension 'powershell' for command environment: Not usable outside of PowerShell
[0.238s] DEBUG:colcon.colcon_core.shell:Skip shell extension 'dsv' for command environment
[0.241s] DEBUG:colcon.colcon_core.event_handler.log_command:Invoking command in '/home/alex/Desktop/2DOF-Turret/build/custom_msgs': /usr/bin/cmake /home/alex/Desktop/2DOF-Turret/2dof_ros2_ws/src/custom_msgs -DCMAKE_INSTALL_PREFIX=/home/alex/Desktop/2DOF-Turret/install/custom_msgs
[1.535s] DEBUG:colcon.colcon_core.event_handler.log_command:Invoked command in '/home/alex/Desktop/2DOF-Turret/build/custom_msgs' returned '0': /usr/bin/cmake /home/alex/Desktop/2DOF-Turret/2dof_ros2_ws/src/custom_msgs -DCMAKE_INSTALL_PREFIX=/home/alex/Desktop/2DOF-Turret/install/custom_msgs
[1.536s] DEBUG:colcon.colcon_core.event_handler.log_command:Invoking command in '/home/alex/Desktop/2DOF-Turret/build/custom_msgs': /usr/bin/cmake --build /home/alex/Desktop/2DOF-Turret/build/custom_msgs -- -j16 -l16
[1.758s] DEBUG:colcon.colcon_core.event_handler.log_command:Invoked command in '/home/alex/Desktop/2DOF-Turret/build/custom_msgs' returned '0': /usr/bin/cmake --build /home/alex/Desktop/2DOF-Turret/build/custom_msgs -- -j16 -l16
[1.764s] DEBUG:colcon.colcon_core.event_handler.log_command:Invoking command in '/home/alex/Desktop/2DOF-Turret/build/custom_msgs': /usr/bin/cmake --install /home/alex/Desktop/2DOF-Turret/build/custom_msgs
[1.804s] Level 1:colcon.colcon_core.environment:create_environment_scripts_only(custom_msgs)
[1.804s] DEBUG:colcon.colcon_core.event_handler.log_command:Invoked command in '/home/alex/Desktop/2DOF-Turret/build/custom_msgs' returned '0': /usr/bin/cmake --install /home/alex/Desktop/2DOF-Turret/build/custom_msgs
[1.808s] Level 1:colcon.colcon_core.environment:checking '/home/alex/Desktop/2DOF-Turret/install/custom_msgs' for CMake module files
[1.808s] Level 1:colcon.colcon_core.environment:checking '/home/alex/Desktop/2DOF-Turret/install/custom_msgs' for CMake config files
[1.809s] Level 1:colcon.colcon_core.shell:create_environment_hook('custom_msgs', 'cmake_prefix_path')
[1.809s] INFO:colcon.colcon_core.shell:Creating environment hook '/home/alex/Desktop/2DOF-Turret/install/custom_msgs/share/custom_msgs/hook/cmake_prefix_path.ps1'
[1.809s] INFO:colcon.colcon_core.shell:Creating environment descriptor '/home/alex/Desktop/2DOF-Turret/install/custom_msgs/share/custom_msgs/hook/cmake_prefix_path.dsv'
[1.810s] INFO:colcon.colcon_core.shell:Creating environment hook '/home/alex/Desktop/2DOF-Turret/install/custom_msgs/share/custom_msgs/hook/cmake_prefix_path.sh'
[1.811s] Level 1:colcon.colcon_core.environment:checking '/home/alex/Desktop/2DOF-Turret/install/custom_msgs/lib'
[1.811s] Level 1:colcon.colcon_core.shell:create_environment_hook('custom_msgs', 'ld_library_path_lib')
[1.811s] INFO:colcon.colcon_core.shell:Creating environment hook '/home/alex/Desktop/2DOF-Turret/install/custom_msgs/share/custom_msgs/hook/ld_library_path_lib.ps1'
[1.811s] INFO:colcon.colcon_core.shell:Creating environment descriptor '/home/alex/Desktop/2DOF-Turret/install/custom_msgs/share/custom_msgs/hook/ld_library_path_lib.dsv'
[1.811s] INFO:colcon.colcon_core.shell:Creating environment hook '/home/alex/Desktop/2DOF-Turret/install/custom_msgs/share/custom_msgs/hook/ld_library_path_lib.sh'
[1.812s] Level 1:colcon.colcon_core.environment:checking '/home/alex/Desktop/2DOF-Turret/install/custom_msgs/bin'
[1.812s] Level 1:colcon.colcon_core.environment:checking '/home/alex/Desktop/2DOF-Turret/install/custom_msgs/lib/pkgconfig/custom_msgs.pc'
[1.812s] Level 1:colcon.colcon_core.environment:checking '/home/alex/Desktop/2DOF-Turret/install/custom_msgs/lib/python3.10/site-packages'
[1.812s] Level 1:colcon.colcon_core.environment:checking '/home/alex/Desktop/2DOF-Turret/install/custom_msgs/bin'
[1.812s] INFO:colcon.colcon_core.shell:Creating package script '/home/alex/Desktop/2DOF-Turret/install/custom_msgs/share/custom_msgs/package.ps1'
[1.813s] INFO:colcon.colcon_core.shell:Creating package descriptor '/home/alex/Desktop/2DOF-Turret/install/custom_msgs/share/custom_msgs/package.dsv'
[1.814s] INFO:colcon.colcon_core.shell:Creating package script '/home/alex/Desktop/2DOF-Turret/install/custom_msgs/share/custom_msgs/package.sh'
[1.815s] INFO:colcon.colcon_core.shell:Creating package script '/home/alex/Desktop/2DOF-Turret/install/custom_msgs/share/custom_msgs/package.bash'
[1.815s] INFO:colcon.colcon_core.shell:Creating package script '/home/alex/Desktop/2DOF-Turret/install/custom_msgs/share/custom_msgs/package.zsh'
[1.816s] Level 1:colcon.colcon_core.environment:create_file_with_runtime_dependencies(/home/alex/Desktop/2DOF-Turret/install/custom_msgs/share/colcon-core/packages/custom_msgs)
[1.817s] Level 1:colcon.colcon_core.environment:create_environment_scripts_only(custom_msgs)
[1.817s] Level 1:colcon.colcon_core.environment:checking '/home/alex/Desktop/2DOF-Turret/install/custom_msgs' for CMake module files
[1.817s] Level 1:colcon.colcon_core.environment:checking '/home/alex/Desktop/2DOF-Turret/install/custom_msgs' for CMake config files
[1.817s] Level 1:colcon.colcon_core.shell:create_environment_hook('custom_msgs', 'cmake_prefix_path')
[1.817s] INFO:colcon.colcon_core.shell:Creating environment hook '/home/alex/Desktop/2DOF-Turret/install/custom_msgs/share/custom_msgs/hook/cmake_prefix_path.ps1'
[1.818s] INFO:colcon.colcon_core.shell:Creating environment descriptor '/home/alex/Desktop/2DOF-Turret/install/custom_msgs/share/custom_msgs/hook/cmake_prefix_path.dsv'
[1.818s] INFO:colcon.colcon_core.shell:Creating environment hook '/home/alex/Desktop/2DOF-Turret/install/custom_msgs/share/custom_msgs/hook/cmake_prefix_path.sh'
[1.818s] Level 1:colcon.colcon_core.environment:checking '/home/alex/Desktop/2DOF-Turret/install/custom_msgs/lib'
[1.818s] Level 1:colcon.colcon_core.shell:create_environment_hook('custom_msgs', 'ld_library_path_lib')
[1.818s] INFO:colcon.colcon_core.shell:Creating environment hook '/home/alex/Desktop/2DOF-Turret/install/custom_msgs/share/custom_msgs/hook/ld_library_path_lib.ps1'
[1.818s] INFO:colcon.colcon_core.shell:Creating environment descriptor '/home/alex/Desktop/2DOF-Turret/install/custom_msgs/share/custom_msgs/hook/ld_library_path_lib.dsv'
[1.819s] INFO:colcon.colcon_core.shell:Creating environment hook '/home/alex/Desktop/2DOF-Turret/install/custom_msgs/share/custom_msgs/hook/ld_library_path_lib.sh'
[1.819s] Level 1:colcon.colcon_core.environment:checking '/home/alex/Desktop/2DOF-Turret/install/custom_msgs/bin'
[1.819s] Level 1:colcon.colcon_core.environment:checking '/home/alex/Desktop/2DOF-Turret/install/custom_msgs/lib/pkgconfig/custom_msgs.pc'
[1.819s] Level 1:colcon.colcon_core.environment:checking '/home/alex/Desktop/2DOF-Turret/install/custom_msgs/lib/python3.10/site-packages'
[1.819s] Level 1:colcon.colcon_core.environment:checking '/home/alex/Desktop/2DOF-Turret/install/custom_msgs/bin'
[1.820s] INFO:colcon.colcon_core.shell:Creating package script '/home/alex/Desktop/2DOF-Turret/install/custom_msgs/share/custom_msgs/package.ps1'
[1.820s] INFO:colcon.colcon_core.shell:Creating package descriptor '/home/alex/Desktop/2DOF-Turret/install/custom_msgs/share/custom_msgs/package.dsv'
[1.820s] INFO:colcon.colcon_core.shell:Creating package script '/home/alex/Desktop/2DOF-Turret/install/custom_msgs/share/custom_msgs/package.sh'
[1.820s] INFO:colcon.colcon_core.shell:Creating package script '/home/alex/Desktop/2DOF-Turret/install/custom_msgs/share/custom_msgs/package.bash'
[1.821s] INFO:colcon.colcon_core.shell:Creating package script '/home/alex/Desktop/2DOF-Turret/install/custom_msgs/share/custom_msgs/package.zsh'
[1.821s] Level 1:colcon.colcon_core.environment:create_file_with_runtime_dependencies(/home/alex/Desktop/2DOF-Turret/install/custom_msgs/share/colcon-core/packages/custom_msgs)
[1.821s] DEBUG:colcon.colcon_parallel_executor.executor.parallel:closing loop
[1.821s] DEBUG:colcon.colcon_parallel_executor.executor.parallel:loop closed
[1.821s] DEBUG:colcon.colcon_parallel_executor.executor.parallel:run_until_complete finished with '0'
[1.821s] DEBUG:colcon.colcon_core.event_reactor:joining thread
[1.825s] INFO:colcon.colcon_core.plugin_system:Skipping extension 'colcon_notification.desktop_notification.terminal_notifier': Not used on non-Darwin systems
[1.825s] INFO:colcon.colcon_core.plugin_system:Skipping extension 'colcon_notification.desktop_notification.win32': Not used on non-Windows systems
[1.825s] INFO:colcon.colcon_notification.desktop_notification:Sending desktop notification using 'notify2'
[1.839s] DEBUG:colcon.colcon_core.event_reactor:joined thread
[1.839s] INFO:colcon.colcon_core.shell:Creating prefix script '/home/alex/Desktop/2DOF-Turret/install/local_setup.ps1'
[1.840s] INFO:colcon.colcon_core.shell:Creating prefix util module '/home/alex/Desktop/2DOF-Turret/install/_local_setup_util_ps1.py'
[1.841s] INFO:colcon.colcon_core.shell:Creating prefix chain script '/home/alex/Desktop/2DOF-Turret/install/setup.ps1'
[1.842s] INFO:colcon.colcon_core.shell:Creating prefix script '/home/alex/Desktop/2DOF-Turret/install/local_setup.sh'
[1.843s] INFO:colcon.colcon_core.shell:Creating prefix util module '/home/alex/Desktop/2DOF-Turret/install/_local_setup_util_sh.py'
[1.843s] INFO:colcon.colcon_core.shell:Creating prefix chain script '/home/alex/Desktop/2DOF-Turret/install/setup.sh'
[1.844s] INFO:colcon.colcon_core.shell:Creating prefix script '/home/alex/Desktop/2DOF-Turret/install/local_setup.bash'
[1.845s] INFO:colcon.colcon_core.shell:Creating prefix chain script '/home/alex/Desktop/2DOF-Turret/install/setup.bash'
[1.846s] INFO:colcon.colcon_core.shell:Creating prefix script '/home/alex/Desktop/2DOF-Turret/install/local_setup.zsh'
[1.846s] INFO:colcon.colcon_core.shell:Creating prefix chain script '/home/alex/Desktop/2DOF-Turret/install/setup.zsh'
