[0.007s] Invoking command in '/home/alex/Desktop/2DOF-Turret/build/custom_msgs': /usr/bin/cmake /home/alex/Desktop/2DOF-Turret/2dof_ros2_ws/src/custom_msgs -DCMAKE_INSTALL_PREFIX=/home/alex/Desktop/2DOF-Turret/install/custom_msgs
[0.216s] -- The C compiler identification is GNU 11.4.0
[0.377s] -- The CXX compiler identification is GNU 11.4.0
[0.383s] -- Detecting C compiler ABI info
[0.434s] -- Detecting C compiler ABI info - done
[0.439s] -- Check for working C compiler: /usr/bin/cc - skipped
[0.439s] -- Detecting C compile features
[0.440s] -- Detecting C compile features - done
[0.443s] -- Detecting CXX compiler ABI info
[0.518s] -- Detecting CXX compiler ABI info - done
[0.524s] -- Check for working CXX compiler: /usr/bin/c++ - skipped
[0.524s] -- Detecting CXX compile features
[0.524s] -- Detecting CXX compile features - done
[0.525s] -- Found ament_cmake: 1.3.12 (/opt/ros/humble/share/ament_cmake/cmake)
[0.631s] -- Found Python3: /usr/bin/python3 (found version "3.10.12") found components: Interpreter 
[0.685s] -- Found rosidl_default_generators: 1.2.0 (/opt/ros/humble/share/rosidl_default_generators/cmake)
[0.687s] -- Using all available rosidl_typesupport_c: rosidl_typesupport_fastrtps_c;rosidl_typesupport_introspection_c
[0.691s] -- Found rosidl_adapter: 3.1.7 (/opt/ros/humble/share/rosidl_adapter/cmake)
[0.713s] -- Using all available rosidl_typesupport_cpp: rosidl_typesupport_fastrtps_cpp;rosidl_typesupport_introspection_cpp
[0.917s] -- Found ament_cmake_ros: 0.10.0 (/opt/ros/humble/share/ament_cmake_ros/cmake)
[1.039s] -- Using all available rosidl_typesupport_c: rosidl_typesupport_fastrtps_c;rosidl_typesupport_introspection_c
[1.184s] -- Using all available rosidl_typesupport_cpp: rosidl_typesupport_fastrtps_cpp;rosidl_typesupport_introspection_cpp
[1.199s] -- Found PythonInterp: /usr/bin/python3 (found suitable version "3.10.12", minimum required is "3.6") 
[1.200s] -- Found python_cmake_module: 0.10.0 (/opt/ros/humble/share/python_cmake_module/cmake)
[1.218s] -- Found PythonLibs: /usr/lib/x86_64-linux-gnu/libpython3.10.so (found suitable version "3.10.12", minimum required is "3.5") 
[1.218s] -- Using PYTHON_EXECUTABLE: /usr/bin/python3
[1.218s] -- Using PYTHON_INCLUDE_DIRS: /usr/include/python3.10
[1.218s] -- Using PYTHON_LIBRARIES: /usr/lib/x86_64-linux-gnu/libpython3.10.so
[1.231s] -- Found PythonExtra: .so  
[1.258s] -- Configuring done
[1.290s] -- Generating done
[1.296s] -- Build files have been written to: /home/alex/Desktop/2DOF-Turret/build/custom_msgs
[1.300s] Invoked command in '/home/alex/Desktop/2DOF-Turret/build/custom_msgs' returned '0': /usr/bin/cmake /home/alex/Desktop/2DOF-Turret/2dof_ros2_ws/src/custom_msgs -DCMAKE_INSTALL_PREFIX=/home/alex/Desktop/2DOF-Turret/install/custom_msgs
[1.302s] Invoking command in '/home/alex/Desktop/2DOF-Turret/build/custom_msgs': /usr/bin/cmake --build /home/alex/Desktop/2DOF-Turret/build/custom_msgs -- -j16 -l16
[1.325s] [35m[1mConsolidate compiler generated dependencies of target custom_msgs__rosidl_generator_c[0m
[1.329s] [  3%] Built target custom_msgs__cpp
[1.331s] [ 12%] Built target custom_msgs__rosidl_generator_c
[1.336s] [35m[1mConsolidate compiler generated dependencies of target custom_msgs__rosidl_typesupport_cpp[0m
[1.336s] [35m[1mConsolidate compiler generated dependencies of target custom_msgs__rosidl_typesupport_fastrtps_cpp[0m
[1.336s] [35m[1mConsolidate compiler generated dependencies of target custom_msgs__rosidl_typesupport_introspection_cpp[0m
[1.337s] [35m[1mConsolidate compiler generated dependencies of target custom_msgs__rosidl_typesupport_introspection_c[0m
[1.338s] [35m[1mConsolidate compiler generated dependencies of target custom_msgs__rosidl_typesupport_c[0m
[1.339s] [35m[1mConsolidate compiler generated dependencies of target custom_msgs__rosidl_typesupport_fastrtps_c[0m
[1.343s] [ 22%] Built target custom_msgs__rosidl_typesupport_introspection_cpp
[1.343s] [ 38%] Built target custom_msgs__rosidl_typesupport_cpp
[1.343s] [ 41%] Built target custom_msgs__rosidl_typesupport_fastrtps_cpp
[1.343s] [ 51%] Built target custom_msgs__rosidl_typesupport_introspection_c
[1.343s] [ 51%] Built target ament_cmake_python_copy_custom_msgs
[1.343s] [ 61%] Built target custom_msgs__rosidl_typesupport_c
[1.346s] [ 70%] Built target custom_msgs__rosidl_typesupport_fastrtps_c
[1.357s] [ 70%] Built target custom_msgs
[1.369s] [ 74%] Built target custom_msgs__py
[1.375s] [35m[1mConsolidate compiler generated dependencies of target custom_msgs__rosidl_generator_py[0m
[1.382s] [ 80%] Built target custom_msgs__rosidl_generator_py
[1.389s] [35m[1mConsolidate compiler generated dependencies of target custom_msgs__rosidl_typesupport_c__pyext[0m
[1.389s] [35m[1mConsolidate compiler generated dependencies of target custom_msgs__rosidl_typesupport_fastrtps_c__pyext[0m
[1.389s] [35m[1mConsolidate compiler generated dependencies of target custom_msgs__rosidl_typesupport_introspection_c__pyext[0m
[1.396s] [100%] Built target custom_msgs__rosidl_typesupport_fastrtps_c__pyext
[1.396s] [100%] Built target custom_msgs__rosidl_typesupport_introspection_c__pyext
[1.396s] [100%] Built target custom_msgs__rosidl_typesupport_c__pyext
[1.497s] running egg_info
[1.497s] writing custom_msgs.egg-info/PKG-INFO
[1.497s] writing dependency_links to custom_msgs.egg-info/dependency_links.txt
[1.497s] writing top-level names to custom_msgs.egg-info/top_level.txt
[1.500s] reading manifest file 'custom_msgs.egg-info/SOURCES.txt'
[1.500s] writing manifest file 'custom_msgs.egg-info/SOURCES.txt'
[1.517s] [100%] Built target ament_cmake_python_build_custom_msgs_egg
[1.524s] Invoked command in '/home/alex/Desktop/2DOF-Turret/build/custom_msgs' returned '0': /usr/bin/cmake --build /home/alex/Desktop/2DOF-Turret/build/custom_msgs -- -j16 -l16
[1.530s] Invoking command in '/home/alex/Desktop/2DOF-Turret/build/custom_msgs': /usr/bin/cmake --install /home/alex/Desktop/2DOF-Turret/build/custom_msgs
[1.534s] -- Install configuration: ""
[1.534s] -- Up-to-date: /home/alex/Desktop/2DOF-Turret/install/custom_msgs/share/ament_index/resource_index/rosidl_interfaces/custom_msgs
[1.534s] -- Up-to-date: /home/alex/Desktop/2DOF-Turret/install/custom_msgs/include/custom_msgs/custom_msgs
[1.534s] -- Up-to-date: /home/alex/Desktop/2DOF-Turret/install/custom_msgs/include/custom_msgs/custom_msgs/msg
[1.534s] -- Up-to-date: /home/alex/Desktop/2DOF-Turret/install/custom_msgs/include/custom_msgs/custom_msgs/msg/turret_cmd.h
[1.534s] -- Up-to-date: /home/alex/Desktop/2DOF-Turret/install/custom_msgs/include/custom_msgs/custom_msgs/msg/detail
[1.534s] -- Up-to-date: /home/alex/Desktop/2DOF-Turret/install/custom_msgs/include/custom_msgs/custom_msgs/msg/detail/turret_cmd__functions.h
[1.534s] -- Up-to-date: /home/alex/Desktop/2DOF-Turret/install/custom_msgs/include/custom_msgs/custom_msgs/msg/detail/turret_cmd__type_support.h
[1.534s] -- Up-to-date: /home/alex/Desktop/2DOF-Turret/install/custom_msgs/include/custom_msgs/custom_msgs/msg/detail/turret_cmd__functions.c
[1.534s] -- Up-to-date: /home/alex/Desktop/2DOF-Turret/install/custom_msgs/include/custom_msgs/custom_msgs/msg/detail/turret_cmd__struct.h
[1.534s] -- Up-to-date: /home/alex/Desktop/2DOF-Turret/install/custom_msgs/include/custom_msgs/custom_msgs/msg/rosidl_generator_c__visibility_control.h
[1.534s] -- Up-to-date: /home/alex/Desktop/2DOF-Turret/install/custom_msgs/share/custom_msgs/environment/library_path.sh
[1.534s] -- Installing: /home/alex/Desktop/2DOF-Turret/install/custom_msgs/share/custom_msgs/environment/library_path.dsv
[1.535s] -- Up-to-date: /home/alex/Desktop/2DOF-Turret/install/custom_msgs/lib/libcustom_msgs__rosidl_generator_c.so
[1.535s] -- Up-to-date: /home/alex/Desktop/2DOF-Turret/install/custom_msgs/include/custom_msgs/custom_msgs
[1.535s] -- Up-to-date: /home/alex/Desktop/2DOF-Turret/install/custom_msgs/include/custom_msgs/custom_msgs/msg
[1.535s] -- Up-to-date: /home/alex/Desktop/2DOF-Turret/install/custom_msgs/include/custom_msgs/custom_msgs/msg/detail
[1.535s] -- Up-to-date: /home/alex/Desktop/2DOF-Turret/install/custom_msgs/include/custom_msgs/custom_msgs/msg/detail/turret_cmd__rosidl_typesupport_fastrtps_c.h
[1.535s] -- Up-to-date: /home/alex/Desktop/2DOF-Turret/install/custom_msgs/include/custom_msgs/custom_msgs/msg/rosidl_typesupport_fastrtps_c__visibility_control.h
[1.535s] -- Up-to-date: /home/alex/Desktop/2DOF-Turret/install/custom_msgs/lib/libcustom_msgs__rosidl_typesupport_fastrtps_c.so
[1.535s] -- Up-to-date: /home/alex/Desktop/2DOF-Turret/install/custom_msgs/include/custom_msgs/custom_msgs
[1.535s] -- Up-to-date: /home/alex/Desktop/2DOF-Turret/install/custom_msgs/include/custom_msgs/custom_msgs/msg
[1.536s] -- Up-to-date: /home/alex/Desktop/2DOF-Turret/install/custom_msgs/include/custom_msgs/custom_msgs/msg/detail
[1.536s] -- Up-to-date: /home/alex/Desktop/2DOF-Turret/install/custom_msgs/include/custom_msgs/custom_msgs/msg/detail/turret_cmd__type_support.c
[1.536s] -- Up-to-date: /home/alex/Desktop/2DOF-Turret/install/custom_msgs/include/custom_msgs/custom_msgs/msg/detail/turret_cmd__rosidl_typesupport_introspection_c.h
[1.536s] -- Up-to-date: /home/alex/Desktop/2DOF-Turret/install/custom_msgs/include/custom_msgs/custom_msgs/msg/rosidl_typesupport_introspection_c__visibility_control.h
[1.536s] -- Up-to-date: /home/alex/Desktop/2DOF-Turret/install/custom_msgs/lib/libcustom_msgs__rosidl_typesupport_introspection_c.so
[1.536s] -- Up-to-date: /home/alex/Desktop/2DOF-Turret/install/custom_msgs/lib/libcustom_msgs__rosidl_typesupport_c.so
[1.536s] -- Up-to-date: /home/alex/Desktop/2DOF-Turret/install/custom_msgs/include/custom_msgs/custom_msgs
[1.536s] -- Up-to-date: /home/alex/Desktop/2DOF-Turret/install/custom_msgs/include/custom_msgs/custom_msgs/msg
[1.536s] -- Up-to-date: /home/alex/Desktop/2DOF-Turret/install/custom_msgs/include/custom_msgs/custom_msgs/msg/detail
[1.536s] -- Up-to-date: /home/alex/Desktop/2DOF-Turret/install/custom_msgs/include/custom_msgs/custom_msgs/msg/detail/turret_cmd__builder.hpp
[1.536s] -- Up-to-date: /home/alex/Desktop/2DOF-Turret/install/custom_msgs/include/custom_msgs/custom_msgs/msg/detail/turret_cmd__traits.hpp
[1.537s] -- Up-to-date: /home/alex/Desktop/2DOF-Turret/install/custom_msgs/include/custom_msgs/custom_msgs/msg/detail/turret_cmd__type_support.hpp
[1.537s] -- Up-to-date: /home/alex/Desktop/2DOF-Turret/install/custom_msgs/include/custom_msgs/custom_msgs/msg/detail/turret_cmd__struct.hpp
[1.537s] -- Up-to-date: /home/alex/Desktop/2DOF-Turret/install/custom_msgs/include/custom_msgs/custom_msgs/msg/rosidl_generator_cpp__visibility_control.hpp
[1.537s] -- Up-to-date: /home/alex/Desktop/2DOF-Turret/install/custom_msgs/include/custom_msgs/custom_msgs/msg/turret_cmd.hpp
[1.537s] -- Up-to-date: /home/alex/Desktop/2DOF-Turret/install/custom_msgs/include/custom_msgs/custom_msgs
[1.537s] -- Up-to-date: /home/alex/Desktop/2DOF-Turret/install/custom_msgs/include/custom_msgs/custom_msgs/msg
[1.537s] -- Up-to-date: /home/alex/Desktop/2DOF-Turret/install/custom_msgs/include/custom_msgs/custom_msgs/msg/detail
[1.537s] -- Up-to-date: /home/alex/Desktop/2DOF-Turret/install/custom_msgs/include/custom_msgs/custom_msgs/msg/detail/dds_fastrtps
[1.537s] -- Up-to-date: /home/alex/Desktop/2DOF-Turret/install/custom_msgs/include/custom_msgs/custom_msgs/msg/detail/turret_cmd__rosidl_typesupport_fastrtps_cpp.hpp
[1.537s] -- Up-to-date: /home/alex/Desktop/2DOF-Turret/install/custom_msgs/include/custom_msgs/custom_msgs/msg/rosidl_typesupport_fastrtps_cpp__visibility_control.h
[1.537s] -- Up-to-date: /home/alex/Desktop/2DOF-Turret/install/custom_msgs/lib/libcustom_msgs__rosidl_typesupport_fastrtps_cpp.so
[1.537s] -- Up-to-date: /home/alex/Desktop/2DOF-Turret/install/custom_msgs/include/custom_msgs/custom_msgs
[1.537s] -- Up-to-date: /home/alex/Desktop/2DOF-Turret/install/custom_msgs/include/custom_msgs/custom_msgs/msg
[1.537s] -- Up-to-date: /home/alex/Desktop/2DOF-Turret/install/custom_msgs/include/custom_msgs/custom_msgs/msg/detail
[1.537s] -- Up-to-date: /home/alex/Desktop/2DOF-Turret/install/custom_msgs/include/custom_msgs/custom_msgs/msg/detail/turret_cmd__rosidl_typesupport_introspection_cpp.hpp
[1.537s] -- Up-to-date: /home/alex/Desktop/2DOF-Turret/install/custom_msgs/include/custom_msgs/custom_msgs/msg/detail/turret_cmd__type_support.cpp
[1.537s] -- Up-to-date: /home/alex/Desktop/2DOF-Turret/install/custom_msgs/lib/libcustom_msgs__rosidl_typesupport_introspection_cpp.so
[1.538s] -- Up-to-date: /home/alex/Desktop/2DOF-Turret/install/custom_msgs/lib/libcustom_msgs__rosidl_typesupport_cpp.so
[1.538s] -- Up-to-date: /home/alex/Desktop/2DOF-Turret/install/custom_msgs/share/custom_msgs/environment/pythonpath.sh
[1.538s] -- Installing: /home/alex/Desktop/2DOF-Turret/install/custom_msgs/share/custom_msgs/environment/pythonpath.dsv
[1.538s] -- Up-to-date: /home/alex/Desktop/2DOF-Turret/install/custom_msgs/local/lib/python3.10/dist-packages/custom_msgs-0.0.0-py3.10.egg-info
[1.538s] -- Installing: /home/alex/Desktop/2DOF-Turret/install/custom_msgs/local/lib/python3.10/dist-packages/custom_msgs-0.0.0-py3.10.egg-info/dependency_links.txt
[1.538s] -- Installing: /home/alex/Desktop/2DOF-Turret/install/custom_msgs/local/lib/python3.10/dist-packages/custom_msgs-0.0.0-py3.10.egg-info/top_level.txt
[1.538s] -- Installing: /home/alex/Desktop/2DOF-Turret/install/custom_msgs/local/lib/python3.10/dist-packages/custom_msgs-0.0.0-py3.10.egg-info/PKG-INFO
[1.538s] -- Installing: /home/alex/Desktop/2DOF-Turret/install/custom_msgs/local/lib/python3.10/dist-packages/custom_msgs-0.0.0-py3.10.egg-info/SOURCES.txt
[1.538s] -- Up-to-date: /home/alex/Desktop/2DOF-Turret/install/custom_msgs/local/lib/python3.10/dist-packages/custom_msgs
[1.538s] -- Up-to-date: /home/alex/Desktop/2DOF-Turret/install/custom_msgs/local/lib/python3.10/dist-packages/custom_msgs/_custom_msgs_s.ep.rosidl_typesupport_introspection_c.c
[1.538s] -- Up-to-date: /home/alex/Desktop/2DOF-Turret/install/custom_msgs/local/lib/python3.10/dist-packages/custom_msgs/custom_msgs_s__rosidl_typesupport_fastrtps_c.cpython-310-x86_64-linux-gnu.so
[1.538s] -- Up-to-date: /home/alex/Desktop/2DOF-Turret/install/custom_msgs/local/lib/python3.10/dist-packages/custom_msgs/custom_msgs_s__rosidl_typesupport_c.cpython-310-x86_64-linux-gnu.so
[1.539s] -- Up-to-date: /home/alex/Desktop/2DOF-Turret/install/custom_msgs/local/lib/python3.10/dist-packages/custom_msgs/msg
[1.539s] -- Up-to-date: /home/alex/Desktop/2DOF-Turret/install/custom_msgs/local/lib/python3.10/dist-packages/custom_msgs/msg/_turret_cmd_s.c
[1.539s] -- Up-to-date: /home/alex/Desktop/2DOF-Turret/install/custom_msgs/local/lib/python3.10/dist-packages/custom_msgs/msg/__init__.py
[1.539s] -- Up-to-date: /home/alex/Desktop/2DOF-Turret/install/custom_msgs/local/lib/python3.10/dist-packages/custom_msgs/msg/_turret_cmd.py
[1.539s] -- Up-to-date: /home/alex/Desktop/2DOF-Turret/install/custom_msgs/local/lib/python3.10/dist-packages/custom_msgs/custom_msgs_s__rosidl_typesupport_introspection_c.cpython-310-x86_64-linux-gnu.so
[1.539s] -- Up-to-date: /home/alex/Desktop/2DOF-Turret/install/custom_msgs/local/lib/python3.10/dist-packages/custom_msgs/_custom_msgs_s.ep.rosidl_typesupport_c.c
[1.539s] -- Up-to-date: /home/alex/Desktop/2DOF-Turret/install/custom_msgs/local/lib/python3.10/dist-packages/custom_msgs/libcustom_msgs__rosidl_generator_py.so
[1.539s] -- Installing: /home/alex/Desktop/2DOF-Turret/install/custom_msgs/local/lib/python3.10/dist-packages/custom_msgs/__init__.py
[1.539s] -- Up-to-date: /home/alex/Desktop/2DOF-Turret/install/custom_msgs/local/lib/python3.10/dist-packages/custom_msgs/_custom_msgs_s.ep.rosidl_typesupport_fastrtps_c.c
[1.560s] Listing '/home/alex/Desktop/2DOF-Turret/install/custom_msgs/local/lib/python3.10/dist-packages/custom_msgs'...
[1.560s] Compiling '/home/alex/Desktop/2DOF-Turret/install/custom_msgs/local/lib/python3.10/dist-packages/custom_msgs/__init__.py'...
[1.560s] Listing '/home/alex/Desktop/2DOF-Turret/install/custom_msgs/local/lib/python3.10/dist-packages/custom_msgs/msg'...
[1.563s] -- Up-to-date: /home/alex/Desktop/2DOF-Turret/install/custom_msgs/local/lib/python3.10/dist-packages/custom_msgs/custom_msgs_s__rosidl_typesupport_fastrtps_c.cpython-310-x86_64-linux-gnu.so
[1.564s] -- Up-to-date: /home/alex/Desktop/2DOF-Turret/install/custom_msgs/local/lib/python3.10/dist-packages/custom_msgs/custom_msgs_s__rosidl_typesupport_introspection_c.cpython-310-x86_64-linux-gnu.so
[1.564s] -- Up-to-date: /home/alex/Desktop/2DOF-Turret/install/custom_msgs/local/lib/python3.10/dist-packages/custom_msgs/custom_msgs_s__rosidl_typesupport_c.cpython-310-x86_64-linux-gnu.so
[1.564s] -- Up-to-date: /home/alex/Desktop/2DOF-Turret/install/custom_msgs/lib/libcustom_msgs__rosidl_generator_py.so
[1.565s] -- Up-to-date: /home/alex/Desktop/2DOF-Turret/install/custom_msgs/share/custom_msgs/msg/TurretCmd.idl
[1.565s] -- Up-to-date: /home/alex/Desktop/2DOF-Turret/install/custom_msgs/share/custom_msgs/msg/TurretCmd.msg
[1.565s] -- Up-to-date: /home/alex/Desktop/2DOF-Turret/install/custom_msgs/share/ament_index/resource_index/package_run_dependencies/custom_msgs
[1.565s] -- Up-to-date: /home/alex/Desktop/2DOF-Turret/install/custom_msgs/share/ament_index/resource_index/parent_prefix_path/custom_msgs
[1.565s] -- Up-to-date: /home/alex/Desktop/2DOF-Turret/install/custom_msgs/share/custom_msgs/environment/ament_prefix_path.sh
[1.565s] -- Installing: /home/alex/Desktop/2DOF-Turret/install/custom_msgs/share/custom_msgs/environment/ament_prefix_path.dsv
[1.565s] -- Up-to-date: /home/alex/Desktop/2DOF-Turret/install/custom_msgs/share/custom_msgs/environment/path.sh
[1.565s] -- Installing: /home/alex/Desktop/2DOF-Turret/install/custom_msgs/share/custom_msgs/environment/path.dsv
[1.565s] -- Up-to-date: /home/alex/Desktop/2DOF-Turret/install/custom_msgs/share/custom_msgs/local_setup.bash
[1.565s] -- Up-to-date: /home/alex/Desktop/2DOF-Turret/install/custom_msgs/share/custom_msgs/local_setup.sh
[1.565s] -- Up-to-date: /home/alex/Desktop/2DOF-Turret/install/custom_msgs/share/custom_msgs/local_setup.zsh
[1.565s] -- Installing: /home/alex/Desktop/2DOF-Turret/install/custom_msgs/share/custom_msgs/local_setup.dsv
[1.565s] -- Installing: /home/alex/Desktop/2DOF-Turret/install/custom_msgs/share/custom_msgs/package.dsv
[1.565s] -- Up-to-date: /home/alex/Desktop/2DOF-Turret/install/custom_msgs/share/ament_index/resource_index/packages/custom_msgs
[1.566s] -- Up-to-date: /home/alex/Desktop/2DOF-Turret/install/custom_msgs/share/custom_msgs/cmake/export_custom_msgs__rosidl_generator_cExport.cmake
[1.566s] -- Up-to-date: /home/alex/Desktop/2DOF-Turret/install/custom_msgs/share/custom_msgs/cmake/export_custom_msgs__rosidl_generator_cExport-noconfig.cmake
[1.566s] -- Up-to-date: /home/alex/Desktop/2DOF-Turret/install/custom_msgs/share/custom_msgs/cmake/export_custom_msgs__rosidl_typesupport_fastrtps_cExport.cmake
[1.566s] -- Up-to-date: /home/alex/Desktop/2DOF-Turret/install/custom_msgs/share/custom_msgs/cmake/export_custom_msgs__rosidl_typesupport_fastrtps_cExport-noconfig.cmake
[1.566s] -- Up-to-date: /home/alex/Desktop/2DOF-Turret/install/custom_msgs/share/custom_msgs/cmake/custom_msgs__rosidl_typesupport_introspection_cExport.cmake
[1.567s] -- Up-to-date: /home/alex/Desktop/2DOF-Turret/install/custom_msgs/share/custom_msgs/cmake/custom_msgs__rosidl_typesupport_introspection_cExport-noconfig.cmake
[1.567s] -- Up-to-date: /home/alex/Desktop/2DOF-Turret/install/custom_msgs/share/custom_msgs/cmake/custom_msgs__rosidl_typesupport_cExport.cmake
[1.567s] -- Up-to-date: /home/alex/Desktop/2DOF-Turret/install/custom_msgs/share/custom_msgs/cmake/custom_msgs__rosidl_typesupport_cExport-noconfig.cmake
[1.567s] -- Up-to-date: /home/alex/Desktop/2DOF-Turret/install/custom_msgs/share/custom_msgs/cmake/export_custom_msgs__rosidl_generator_cppExport.cmake
[1.567s] -- Up-to-date: /home/alex/Desktop/2DOF-Turret/install/custom_msgs/share/custom_msgs/cmake/export_custom_msgs__rosidl_typesupport_fastrtps_cppExport.cmake
[1.567s] -- Up-to-date: /home/alex/Desktop/2DOF-Turret/install/custom_msgs/share/custom_msgs/cmake/export_custom_msgs__rosidl_typesupport_fastrtps_cppExport-noconfig.cmake
[1.568s] -- Up-to-date: /home/alex/Desktop/2DOF-Turret/install/custom_msgs/share/custom_msgs/cmake/custom_msgs__rosidl_typesupport_introspection_cppExport.cmake
[1.568s] -- Up-to-date: /home/alex/Desktop/2DOF-Turret/install/custom_msgs/share/custom_msgs/cmake/custom_msgs__rosidl_typesupport_introspection_cppExport-noconfig.cmake
[1.568s] -- Up-to-date: /home/alex/Desktop/2DOF-Turret/install/custom_msgs/share/custom_msgs/cmake/custom_msgs__rosidl_typesupport_cppExport.cmake
[1.568s] -- Up-to-date: /home/alex/Desktop/2DOF-Turret/install/custom_msgs/share/custom_msgs/cmake/custom_msgs__rosidl_typesupport_cppExport-noconfig.cmake
[1.568s] -- Up-to-date: /home/alex/Desktop/2DOF-Turret/install/custom_msgs/share/custom_msgs/cmake/export_custom_msgs__rosidl_generator_pyExport.cmake
[1.568s] -- Up-to-date: /home/alex/Desktop/2DOF-Turret/install/custom_msgs/share/custom_msgs/cmake/export_custom_msgs__rosidl_generator_pyExport-noconfig.cmake
[1.568s] -- Up-to-date: /home/alex/Desktop/2DOF-Turret/install/custom_msgs/share/custom_msgs/cmake/rosidl_cmake-extras.cmake
[1.568s] -- Up-to-date: /home/alex/Desktop/2DOF-Turret/install/custom_msgs/share/custom_msgs/cmake/ament_cmake_export_include_directories-extras.cmake
[1.568s] -- Up-to-date: /home/alex/Desktop/2DOF-Turret/install/custom_msgs/share/custom_msgs/cmake/ament_cmake_export_libraries-extras.cmake
[1.568s] -- Up-to-date: /home/alex/Desktop/2DOF-Turret/install/custom_msgs/share/custom_msgs/cmake/ament_cmake_export_targets-extras.cmake
[1.568s] -- Up-to-date: /home/alex/Desktop/2DOF-Turret/install/custom_msgs/share/custom_msgs/cmake/rosidl_cmake_export_typesupport_targets-extras.cmake
[1.569s] -- Up-to-date: /home/alex/Desktop/2DOF-Turret/install/custom_msgs/share/custom_msgs/cmake/ament_cmake_export_dependencies-extras.cmake
[1.569s] -- Up-to-date: /home/alex/Desktop/2DOF-Turret/install/custom_msgs/share/custom_msgs/cmake/rosidl_cmake_export_typesupport_libraries-extras.cmake
[1.569s] -- Up-to-date: /home/alex/Desktop/2DOF-Turret/install/custom_msgs/share/custom_msgs/cmake/custom_msgsConfig.cmake
[1.569s] -- Up-to-date: /home/alex/Desktop/2DOF-Turret/install/custom_msgs/share/custom_msgs/cmake/custom_msgsConfig-version.cmake
[1.569s] -- Up-to-date: /home/alex/Desktop/2DOF-Turret/install/custom_msgs/share/custom_msgs/package.xml
[1.570s] Invoked command in '/home/alex/Desktop/2DOF-Turret/build/custom_msgs' returned '0': /usr/bin/cmake --install /home/alex/Desktop/2DOF-Turret/build/custom_msgs
