[0.006s] Invoking command in '/home/alex/Desktop/2DOF-Turret/build/turret_control': /usr/bin/cmake /home/alex/Desktop/2DOF-Turret/2dof_ros2_ws/src/turret_control -DCMAKE_INSTALL_PREFIX=/home/alex/Desktop/2DOF-Turret/install/turret_control
[0.039s] -- The C compiler identification is GNU 11.4.0
[0.070s] -- The CXX compiler identification is GNU 11.4.0
[0.074s] -- Detecting C compiler ABI info
[0.115s] -- Detecting C compiler ABI info - done
[0.120s] -- Check for working C compiler: /usr/bin/cc - skipped
[0.120s] -- Detecting C compile features
[0.120s] -- Detecting C compile features - done
[0.122s] -- Detecting CXX compiler ABI info
[0.172s] -- Detecting CXX compiler ABI info - done
[0.176s] -- Check for working CXX compiler: /usr/bin/c++ - skipped
[0.176s] -- Detecting CXX compile features
[0.177s] -- Detecting CXX compile features - done
[0.178s] -- Found ament_cmake: 1.3.12 (/opt/ros/humble/share/ament_cmake/cmake)
[0.269s] -- Found Python3: /usr/bin/python3 (found version "3.10.12") found components: Interpreter 
[0.320s] -- Found rclcpp: 16.0.17 (/opt/ros/humble/share/rclcpp/cmake)
[0.343s] -- Found rosidl_generator_c: 3.1.7 (/opt/ros/humble/share/rosidl_generator_c/cmake)
[0.346s] -- Found rosidl_adapter: 3.1.7 (/opt/ros/humble/share/rosidl_adapter/cmake)
[0.351s] -- Found rosidl_generator_cpp: 3.1.7 (/opt/ros/humble/share/rosidl_generator_cpp/cmake)
[0.358s] -- Using all available rosidl_typesupport_c: rosidl_typesupport_fastrtps_c;rosidl_typesupport_introspection_c
[0.367s] -- Using all available rosidl_typesupport_cpp: rosidl_typesupport_fastrtps_cpp;rosidl_typesupport_introspection_cpp
[0.391s] -- Found rmw_implementation_cmake: 6.1.2 (/opt/ros/humble/share/rmw_implementation_cmake/cmake)
[0.392s] -- Found rmw_fastrtps_cpp: 6.2.9 (/opt/ros/humble/share/rmw_fastrtps_cpp/cmake)
[0.439s] -- Found OpenSSL: /usr/lib/x86_64-linux-gnu/libcrypto.so (found version "3.0.2")  
[0.455s] -- Found FastRTPS: /opt/ros/humble/include  
[0.477s] -- Using RMW implementation 'rmw_fastrtps_cpp' as default
[0.482s] -- Looking for pthread.h
[0.538s] -- Looking for pthread.h - found
[0.538s] -- Performing Test CMAKE_HAVE_LIBC_PTHREAD
[0.599s] -- Performing Test CMAKE_HAVE_LIBC_PTHREAD - Success
[0.599s] -- Found Threads: TRUE  
[0.630s] -- Found custom_msgs: 0.0.0 (/home/alex/Desktop/2DOF-Turret/2dof_ros2_ws/install/custom_msgs/share/custom_msgs/cmake)
[0.636s] -- Found geometry_msgs: 4.9.0 (/opt/ros/humble/share/geometry_msgs/cmake)
[0.685s] -- Configuring done
[0.691s] -- Generating done
[0.693s] -- Build files have been written to: /home/alex/Desktop/2DOF-Turret/build/turret_control
[0.698s] Invoked command in '/home/alex/Desktop/2DOF-Turret/build/turret_control' returned '0': /usr/bin/cmake /home/alex/Desktop/2DOF-Turret/2dof_ros2_ws/src/turret_control -DCMAKE_INSTALL_PREFIX=/home/alex/Desktop/2DOF-Turret/install/turret_control
[0.700s] Invoking command in '/home/alex/Desktop/2DOF-Turret/build/turret_control': /usr/bin/cmake --build /home/alex/Desktop/2DOF-Turret/build/turret_control -- -j16 -l16
[0.723s] [35m[1mConsolidate compiler generated dependencies of target position_controller[0m
[0.736s] [ 25%] [32mBuilding CXX object CMakeFiles/position_controller.dir/src/Control.cpp.o[0m
[1.400s] [01m[K/home/alex/Desktop/2DOF-Turret/2dof_ros2_ws/src/turret_control/src/Control.cpp:[m[K In constructor ‘[01m[KObserver::Observer()[m[K’:
[1.400s] [01m[K/home/alex/Desktop/2DOF-Turret/2dof_ros2_ws/src/turret_control/src/Control.cpp:16:30:[m[K [01;31m[Kerror: [m[Kexpected ‘[01m[K;[m[K’ before ‘[01m[Kstd[m[K’
[1.400s]    16 |     this->x_hat.setZero(ss.n)
[1.400s]       |                              [01;31m[K^[m[K
[1.400s]       |                              [32m[K;[m[K
[1.401s] ......
[1.401s]    19 |     [32m[Kstd[m[K::cout << "🔥 OBSERVER CONSTRUCTOR FROM Control.cpp 🔥\n";
[1.401s]       |     [32m[K~~~[m[K                       
[1.489s] gmake[2]: *** [CMakeFiles/position_controller.dir/build.make:104: CMakeFiles/position_controller.dir/src/Control.cpp.o] Error 1
[1.489s] gmake[1]: *** [CMakeFiles/Makefile2:137: CMakeFiles/position_controller.dir/all] Error 2
[1.490s] gmake: *** [Makefile:146: all] Error 2
[1.491s] Invoked command in '/home/alex/Desktop/2DOF-Turret/build/turret_control' returned '2': /usr/bin/cmake --build /home/alex/Desktop/2DOF-Turret/build/turret_control -- -j16 -l16
