[0.007s] Invoking command in '/home/alex/Desktop/2DOF-Turret/build/turret_control': AMENT_PREFIX_PATH=/home/alex/Desktop/2DOF-Turret/install/custom_msgs:${AMENT_PREFIX_PATH} CMAKE_PREFIX_PATH=/home/alex/Desktop/2DOF-Turret/install/custom_msgs:/opt/ros/humble:/opt/ros/humble LD_LIBRARY_PATH=/home/alex/Desktop/2DOF-Turret/install/custom_msgs/lib:${LD_LIBRARY_PATH} PYTHONPATH=/home/alex/Desktop/2DOF-Turret/install/custom_msgs/local/lib/python3.10/dist-packages:${PYTHONPATH} /usr/bin/cmake /home/alex/Desktop/2DOF-Turret/2dof_ros2_ws/src/turret_control -DCMAKE_INSTALL_PREFIX=/home/alex/Desktop/2DOF-Turret/install/turret_control
[0.039s] -- The C compiler identification is GNU 11.4.0
[0.080s] -- The CXX compiler identification is GNU 11.4.0
[0.085s] -- Detecting C compiler ABI info
[0.130s] -- Detecting C compiler ABI info - done
[0.134s] -- Check for working C compiler: /usr/bin/cc - skipped
[0.134s] -- Detecting C compile features
[0.135s] -- Detecting C compile features - done
[0.137s] -- Detecting CXX compiler ABI info
[0.189s] -- Detecting CXX compiler ABI info - done
[0.194s] -- Check for working CXX compiler: /usr/bin/c++ - skipped
[0.194s] -- Detecting CXX compile features
[0.194s] -- Detecting CXX compile features - done
[0.195s] -- Found ament_cmake: 1.3.12 (/opt/ros/humble/share/ament_cmake/cmake)
[0.288s] -- Found Python3: /usr/bin/python3 (found version "3.10.12") found components: Interpreter 
[0.339s] -- Found rclcpp: 16.0.17 (/opt/ros/humble/share/rclcpp/cmake)
[0.362s] -- Found rosidl_generator_c: 3.1.7 (/opt/ros/humble/share/rosidl_generator_c/cmake)
[0.364s] -- Found rosidl_adapter: 3.1.7 (/opt/ros/humble/share/rosidl_adapter/cmake)
[0.368s] -- Found rosidl_generator_cpp: 3.1.7 (/opt/ros/humble/share/rosidl_generator_cpp/cmake)
[0.375s] -- Using all available rosidl_typesupport_c: rosidl_typesupport_fastrtps_c;rosidl_typesupport_introspection_c
[0.384s] -- Using all available rosidl_typesupport_cpp: rosidl_typesupport_fastrtps_cpp;rosidl_typesupport_introspection_cpp
[0.407s] -- Found rmw_implementation_cmake: 6.1.2 (/opt/ros/humble/share/rmw_implementation_cmake/cmake)
[0.409s] -- Found rmw_fastrtps_cpp: 6.2.9 (/opt/ros/humble/share/rmw_fastrtps_cpp/cmake)
[0.459s] -- Found OpenSSL: /usr/lib/x86_64-linux-gnu/libcrypto.so (found version "3.0.2")  
[0.474s] -- Found FastRTPS: /opt/ros/humble/include  
[0.496s] -- Using RMW implementation 'rmw_fastrtps_cpp' as default
[0.501s] -- Looking for pthread.h
[0.561s] -- Looking for pthread.h - found
[0.561s] -- Performing Test CMAKE_HAVE_LIBC_PTHREAD
[0.607s] -- Performing Test CMAKE_HAVE_LIBC_PTHREAD - Success
[0.608s] -- Found Threads: TRUE  
[0.636s] -- Found custom_msgs: 0.0.0 (/home/alex/Desktop/2DOF-Turret/install/custom_msgs/share/custom_msgs/cmake)
[0.641s] -- Found geometry_msgs: 4.9.0 (/opt/ros/humble/share/geometry_msgs/cmake)
[0.689s] -- Configuring done
[0.697s] -- Generating done
[0.699s] -- Build files have been written to: /home/alex/Desktop/2DOF-Turret/build/turret_control
[0.705s] Invoked command in '/home/alex/Desktop/2DOF-Turret/build/turret_control' returned '0': AMENT_PREFIX_PATH=/home/alex/Desktop/2DOF-Turret/install/custom_msgs:${AMENT_PREFIX_PATH} CMAKE_PREFIX_PATH=/home/alex/Desktop/2DOF-Turret/install/custom_msgs:/opt/ros/humble:/opt/ros/humble LD_LIBRARY_PATH=/home/alex/Desktop/2DOF-Turret/install/custom_msgs/lib:${LD_LIBRARY_PATH} PYTHONPATH=/home/alex/Desktop/2DOF-Turret/install/custom_msgs/local/lib/python3.10/dist-packages:${PYTHONPATH} /usr/bin/cmake /home/alex/Desktop/2DOF-Turret/2dof_ros2_ws/src/turret_control -DCMAKE_INSTALL_PREFIX=/home/alex/Desktop/2DOF-Turret/install/turret_control
[0.706s] Invoking command in '/home/alex/Desktop/2DOF-Turret/build/turret_control': AMENT_PREFIX_PATH=/home/alex/Desktop/2DOF-Turret/install/custom_msgs:${AMENT_PREFIX_PATH} CMAKE_PREFIX_PATH=/home/alex/Desktop/2DOF-Turret/install/custom_msgs:/opt/ros/humble:/opt/ros/humble LD_LIBRARY_PATH=/home/alex/Desktop/2DOF-Turret/install/custom_msgs/lib:${LD_LIBRARY_PATH} PYTHONPATH=/home/alex/Desktop/2DOF-Turret/install/custom_msgs/local/lib/python3.10/dist-packages:${PYTHONPATH} /usr/bin/cmake --build /home/alex/Desktop/2DOF-Turret/build/turret_control -- -j16 -l16
[0.733s] [35m[1mConsolidate compiler generated dependencies of target position_controller[0m
[0.751s] [ 50%] [32mBuilding CXX object CMakeFiles/position_controller.dir/src/Control.cpp.o[0m
[0.752s] [ 50%] [32mBuilding CXX object CMakeFiles/position_controller.dir/src/position_controller.cpp.o[0m
[6.217s] [ 75%] [32m[1mLinking CXX executable position_controller[0m
[6.591s] [100%] Built target position_controller
[6.599s] Invoked command in '/home/alex/Desktop/2DOF-Turret/build/turret_control' returned '0': AMENT_PREFIX_PATH=/home/alex/Desktop/2DOF-Turret/install/custom_msgs:${AMENT_PREFIX_PATH} CMAKE_PREFIX_PATH=/home/alex/Desktop/2DOF-Turret/install/custom_msgs:/opt/ros/humble:/opt/ros/humble LD_LIBRARY_PATH=/home/alex/Desktop/2DOF-Turret/install/custom_msgs/lib:${LD_LIBRARY_PATH} PYTHONPATH=/home/alex/Desktop/2DOF-Turret/install/custom_msgs/local/lib/python3.10/dist-packages:${PYTHONPATH} /usr/bin/cmake --build /home/alex/Desktop/2DOF-Turret/build/turret_control -- -j16 -l16
[6.606s] Invoking command in '/home/alex/Desktop/2DOF-Turret/build/turret_control': AMENT_PREFIX_PATH=/home/alex/Desktop/2DOF-Turret/install/custom_msgs:${AMENT_PREFIX_PATH} CMAKE_PREFIX_PATH=/home/alex/Desktop/2DOF-Turret/install/custom_msgs:/opt/ros/humble:/opt/ros/humble LD_LIBRARY_PATH=/home/alex/Desktop/2DOF-Turret/install/custom_msgs/lib:${LD_LIBRARY_PATH} PYTHONPATH=/home/alex/Desktop/2DOF-Turret/install/custom_msgs/local/lib/python3.10/dist-packages:${PYTHONPATH} /usr/bin/cmake --install /home/alex/Desktop/2DOF-Turret/build/turret_control
[6.611s] -- Install configuration: ""
[6.612s] -- Installing: /home/alex/Desktop/2DOF-Turret/install/turret_control/lib/turret_control/position_controller
[6.614s] -- Set runtime path of "/home/alex/Desktop/2DOF-Turret/install/turret_control/lib/turret_control/position_controller" to ""
[6.615s] -- Up-to-date: /home/alex/Desktop/2DOF-Turret/install/turret_control/share/ament_index/resource_index/package_run_dependencies/turret_control
[6.615s] -- Up-to-date: /home/alex/Desktop/2DOF-Turret/install/turret_control/share/ament_index/resource_index/parent_prefix_path/turret_control
[6.615s] -- Up-to-date: /home/alex/Desktop/2DOF-Turret/install/turret_control/share/turret_control/environment/ament_prefix_path.sh
[6.615s] -- Installing: /home/alex/Desktop/2DOF-Turret/install/turret_control/share/turret_control/environment/ament_prefix_path.dsv
[6.615s] -- Up-to-date: /home/alex/Desktop/2DOF-Turret/install/turret_control/share/turret_control/environment/path.sh
[6.615s] -- Installing: /home/alex/Desktop/2DOF-Turret/install/turret_control/share/turret_control/environment/path.dsv
[6.615s] -- Up-to-date: /home/alex/Desktop/2DOF-Turret/install/turret_control/share/turret_control/local_setup.bash
[6.615s] -- Up-to-date: /home/alex/Desktop/2DOF-Turret/install/turret_control/share/turret_control/local_setup.sh
[6.615s] -- Up-to-date: /home/alex/Desktop/2DOF-Turret/install/turret_control/share/turret_control/local_setup.zsh
[6.615s] -- Installing: /home/alex/Desktop/2DOF-Turret/install/turret_control/share/turret_control/local_setup.dsv
[6.615s] -- Installing: /home/alex/Desktop/2DOF-Turret/install/turret_control/share/turret_control/package.dsv
[6.615s] -- Up-to-date: /home/alex/Desktop/2DOF-Turret/install/turret_control/share/ament_index/resource_index/packages/turret_control
[6.615s] -- Up-to-date: /home/alex/Desktop/2DOF-Turret/install/turret_control/share/turret_control/cmake/turret_controlConfig.cmake
[6.615s] -- Up-to-date: /home/alex/Desktop/2DOF-Turret/install/turret_control/share/turret_control/cmake/turret_controlConfig-version.cmake
[6.615s] -- Up-to-date: /home/alex/Desktop/2DOF-Turret/install/turret_control/share/turret_control/package.xml
[6.616s] Invoked command in '/home/alex/Desktop/2DOF-Turret/build/turret_control' returned '0': AMENT_PREFIX_PATH=/home/alex/Desktop/2DOF-Turret/install/custom_msgs:${AMENT_PREFIX_PATH} CMAKE_PREFIX_PATH=/home/alex/Desktop/2DOF-Turret/install/custom_msgs:/opt/ros/humble:/opt/ros/humble LD_LIBRARY_PATH=/home/alex/Desktop/2DOF-Turret/install/custom_msgs/lib:${LD_LIBRARY_PATH} PYTHONPATH=/home/alex/Desktop/2DOF-Turret/install/custom_msgs/local/lib/python3.10/dist-packages:${PYTHONPATH} /usr/bin/cmake --install /home/alex/Desktop/2DOF-Turret/build/turret_control
