[0.005s] Invoking command in '/home/alex/Desktop/2DOF-Turret/build/turret_control': CONDA_PROMPT_MODIFIER=(base) /usr/bin/cmake /home/alex/Desktop/2DOF-Turret/2dof_ros2_ws/src/turret_control -DCMAKE_INSTALL_PREFIX=/home/alex/Desktop/2DOF-Turret/install/turret_control
[0.360s] -- The C compiler identification is GNU 11.4.0
[0.395s] -- The CXX compiler identification is GNU 11.4.0
[0.401s] -- Detecting C compiler ABI info
[0.457s] -- Detecting C compiler ABI info - done
[0.461s] -- Check for working C compiler: /usr/bin/cc - skipped
[0.462s] -- Detecting C compile features
[0.462s] -- Detecting C compile features - done
[0.464s] -- Detecting CXX compiler ABI info
[0.511s] -- Detecting CXX compiler ABI info - done
[0.516s] -- Check for working CXX compiler: /usr/bin/c++ - skipped
[0.516s] -- Detecting CXX compile features
[0.517s] -- Detecting CXX compile features - done
[0.518s] -- Found ament_cmake: 1.3.12 (/opt/ros/humble/share/ament_cmake/cmake)
[0.850s] -- Found Python3: /home/alex/miniconda3/bin/python3 (found version "3.13.9") found components: Interpreter 
[0.918s] -- Found rclcpp: 16.0.17 (/opt/ros/humble/share/rclcpp/cmake)
[0.944s] -- Found rosidl_generator_c: 3.1.7 (/opt/ros/humble/share/rosidl_generator_c/cmake)
[0.947s] -- Found rosidl_adapter: 3.1.7 (/opt/ros/humble/share/rosidl_adapter/cmake)
[0.951s] -- Found rosidl_generator_cpp: 3.1.7 (/opt/ros/humble/share/rosidl_generator_cpp/cmake)
[0.960s] -- Using all available rosidl_typesupport_c: rosidl_typesupport_fastrtps_c;rosidl_typesupport_introspection_c
[0.970s] -- Using all available rosidl_typesupport_cpp: rosidl_typesupport_fastrtps_cpp;rosidl_typesupport_introspection_cpp
[0.994s] -- Found rmw_implementation_cmake: 6.1.2 (/opt/ros/humble/share/rmw_implementation_cmake/cmake)
[0.995s] -- Found rmw_fastrtps_cpp: 6.2.9 (/opt/ros/humble/share/rmw_fastrtps_cpp/cmake)
[1.042s] -- Found OpenSSL: /usr/lib/x86_64-linux-gnu/libcrypto.so (found version "3.0.2")  
[1.058s] -- Found FastRTPS: /opt/ros/humble/include  
[1.082s] -- Using RMW implementation 'rmw_fastrtps_cpp' as default
[1.087s] -- Looking for pthread.h
[1.130s] -- Looking for pthread.h - found
[1.131s] -- Performing Test CMAKE_HAVE_LIBC_PTHREAD
[1.190s] -- Performing Test CMAKE_HAVE_LIBC_PTHREAD - Success
[1.190s] -- Found Threads: TRUE  
[1.229s] -- Found custom_msgs: 0.0.0 (/home/alex/Desktop/2DOF-Turret/2dof_ros2_ws/install/custom_msgs/share/custom_msgs/cmake)
[1.234s] -- Found geometry_msgs: 4.9.0 (/opt/ros/humble/share/geometry_msgs/cmake)
[1.264s] Traceback (most recent call last):
[1.265s]   File "/opt/ros/humble/share/ament_cmake_core/cmake/core/package_xml_2_cmake.py", line 22, in <module>
[1.265s]     from catkin_pkg.package import parse_package_string
[1.265s] ModuleNotFoundError: No module named 'catkin_pkg'
[1.269s] [31mCMake Error at /opt/ros/humble/share/ament_cmake_core/cmake/core/ament_package_xml.cmake:95 (message):
[1.269s]   execute_process(/home/alex/miniconda3/bin/python3
[1.269s]   /opt/ros/humble/share/ament_cmake_core/cmake/core/package_xml_2_cmake.py
[1.269s]   /home/alex/Desktop/2DOF-Turret/2dof_ros2_ws/src/turret_control/package.xml
[1.269s]   /home/alex/Desktop/2DOF-Turret/build/turret_control/ament_cmake_core/package.cmake)
[1.269s]   returned error code 1
[1.269s] Call Stack (most recent call first):
[1.269s]   /opt/ros/humble/share/ament_cmake_core/cmake/core/ament_package_xml.cmake:49 (_ament_package_xml)
[1.269s]   /opt/ros/humble/share/ament_cmake_core/cmake/core/ament_package.cmake:63 (ament_package_xml)
[1.269s]   CMakeLists.txt:39 (ament_package)
[1.269s] 
[1.269s] [0m
[1.269s] -- Configuring incomplete, errors occurred!
[1.269s] See also "/home/alex/Desktop/2DOF-Turret/build/turret_control/CMakeFiles/CMakeOutput.log".
[1.275s] Invoked command in '/home/alex/Desktop/2DOF-Turret/build/turret_control' returned '1': CONDA_PROMPT_MODIFIER=(base) /usr/bin/cmake /home/alex/Desktop/2DOF-Turret/2dof_ros2_ws/src/turret_control -DCMAKE_INSTALL_PREFIX=/home/alex/Desktop/2DOF-Turret/install/turret_control
