[0.007s] Invoking command in '/home/alex/Desktop/2DOF-Turret/build/turret_control': CONDA_PROMPT_MODIFIER=(base) /usr/bin/cmake --build /home/alex/Desktop/2DOF-Turret/build/turret_control -- -j16 -l16
[0.037s] [ 50%] [32mBuilding CXX object CMakeFiles/position_controller.dir/src/position_controller.cpp.o[0m
[5.408s] [100%] [32m[1mLinking CXX executable position_controller[0m
[5.636s] [100%] Built target position_controller
[5.642s] Invoked command in '/home/alex/Desktop/2DOF-Turret/build/turret_control' returned '0': CONDA_PROMPT_MODIFIER=(base) /usr/bin/cmake --build /home/alex/Desktop/2DOF-Turret/build/turret_control -- -j16 -l16
[5.648s] Invoking command in '/home/alex/Desktop/2DOF-Turret/build/turret_control': CONDA_PROMPT_MODIFIER=(base) /usr/bin/cmake --install /home/alex/Desktop/2DOF-Turret/build/turret_control
[5.652s] -- Install configuration: ""
[5.652s] -- Installing: /home/alex/Desktop/2DOF-Turret/install/turret_control/lib/turret_control/position_controller
[5.654s] -- Set runtime path of "/home/alex/Desktop/2DOF-Turret/install/turret_control/lib/turret_control/position_controller" to ""
[5.654s] -- Up-to-date: /home/alex/Desktop/2DOF-Turret/install/turret_control/share/ament_index/resource_index/package_run_dependencies/turret_control
[5.654s] -- Up-to-date: /home/alex/Desktop/2DOF-Turret/install/turret_control/share/ament_index/resource_index/parent_prefix_path/turret_control
[5.654s] -- Up-to-date: /home/alex/Desktop/2DOF-Turret/install/turret_control/share/turret_control/environment/ament_prefix_path.sh
[5.654s] -- Up-to-date: /home/alex/Desktop/2DOF-Turret/install/turret_control/share/turret_control/environment/ament_prefix_path.dsv
[5.654s] -- Up-to-date: /home/alex/Desktop/2DOF-Turret/install/turret_control/share/turret_control/environment/path.sh
[5.654s] -- Up-to-date: /home/alex/Desktop/2DOF-Turret/install/turret_control/share/turret_control/environment/path.dsv
[5.654s] -- Up-to-date: /home/alex/Desktop/2DOF-Turret/install/turret_control/share/turret_control/local_setup.bash
[5.654s] -- Up-to-date: /home/alex/Desktop/2DOF-Turret/install/turret_control/share/turret_control/local_setup.sh
[5.654s] -- Up-to-date: /home/alex/Desktop/2DOF-Turret/install/turret_control/share/turret_control/local_setup.zsh
[5.654s] -- Up-to-date: /home/alex/Desktop/2DOF-Turret/install/turret_control/share/turret_control/local_setup.dsv
[5.654s] -- Installing: /home/alex/Desktop/2DOF-Turret/install/turret_control/share/turret_control/package.dsv
[5.654s] -- Up-to-date: /home/alex/Desktop/2DOF-Turret/install/turret_control/share/ament_index/resource_index/packages/turret_control
[5.654s] -- Up-to-date: /home/alex/Desktop/2DOF-Turret/install/turret_control/share/turret_control/cmake/turret_controlConfig.cmake
[5.654s] -- Up-to-date: /home/alex/Desktop/2DOF-Turret/install/turret_control/share/turret_control/cmake/turret_controlConfig-version.cmake
[5.654s] -- Up-to-date: /home/alex/Desktop/2DOF-Turret/install/turret_control/share/turret_control/package.xml
[5.655s] Invoked command in '/home/alex/Desktop/2DOF-Turret/build/turret_control' returned '0': CONDA_PROMPT_MODIFIER=(base) /usr/bin/cmake --install /home/alex/Desktop/2DOF-Turret/build/turret_control
