[0.007s] Invoking command in '/home/alex/Desktop/2DOF-Turret/build/turret_control': AMENT_PREFIX_PATH=/home/alex/Desktop/2DOF-Turret/install/custom_msgs:${AMENT_PREFIX_PATH} CMAKE_PREFIX_PATH=/home/alex/Desktop/2DOF-Turret/install/custom_msgs:/opt/ros/humble:/opt/ros/humble LD_LIBRARY_PATH=/home/alex/Desktop/2DOF-Turret/install/custom_msgs/lib:${LD_LIBRARY_PATH} PYTHONPATH=/home/alex/Desktop/2DOF-Turret/install/custom_msgs/local/lib/python3.10/dist-packages:${PYTHONPATH} /usr/bin/cmake /home/alex/Desktop/2DOF-Turret/2dof_ros2_ws/src/turret_control -DCMAKE_INSTALL_PREFIX=/home/alex/Desktop/2DOF-Turret/install/turret_control
[0.037s] -- The C compiler identification is GNU 11.4.0
[0.069s] -- The CXX compiler identification is GNU 11.4.0
[0.073s] -- Detecting C compiler ABI info
[0.114s] -- Detecting C compiler ABI info - done
[0.119s] -- Check for working C compiler: /usr/bin/cc - skipped
[0.119s] -- Detecting C compile features
[0.120s] -- Detecting C compile features - done
[0.122s] -- Detecting CXX compiler ABI info
[0.171s] -- Detecting CXX compiler ABI info - done
[0.176s] -- Check for working CXX compiler: /usr/bin/c++ - skipped
[0.176s] -- Detecting CXX compile features
[0.176s] -- Detecting CXX compile features - done
[0.177s] -- Found ament_cmake: 1.3.12 (/opt/ros/humble/share/ament_cmake/cmake)
[0.270s] -- Found Python3: /usr/bin/python3 (found version "3.10.12") found components: Interpreter 
[0.319s] -- Found rclcpp: 16.0.17 (/opt/ros/humble/share/rclcpp/cmake)
[0.341s] -- Found rosidl_generator_c: 3.1.7 (/opt/ros/humble/share/rosidl_generator_c/cmake)
[0.344s] -- Found rosidl_adapter: 3.1.7 (/opt/ros/humble/share/rosidl_adapter/cmake)
[0.348s] -- Found rosidl_generator_cpp: 3.1.7 (/opt/ros/humble/share/rosidl_generator_cpp/cmake)
[0.355s] -- Using all available rosidl_typesupport_c: rosidl_typesupport_fastrtps_c;rosidl_typesupport_introspection_c
[0.363s] -- Using all available rosidl_typesupport_cpp: rosidl_typesupport_fastrtps_cpp;rosidl_typesupport_introspection_cpp
[0.386s] -- Found rmw_implementation_cmake: 6.1.2 (/opt/ros/humble/share/rmw_implementation_cmake/cmake)
[0.387s] -- Found rmw_fastrtps_cpp: 6.2.9 (/opt/ros/humble/share/rmw_fastrtps_cpp/cmake)
[0.433s] -- Found OpenSSL: /usr/lib/x86_64-linux-gnu/libcrypto.so (found version "3.0.2")  
[0.449s] -- Found FastRTPS: /opt/ros/humble/include  
[0.472s] -- Using RMW implementation 'rmw_fastrtps_cpp' as default
[0.476s] -- Looking for pthread.h
[0.531s] -- Looking for pthread.h - found
[0.531s] -- Performing Test CMAKE_HAVE_LIBC_PTHREAD
[0.575s] -- Performing Test CMAKE_HAVE_LIBC_PTHREAD - Success
[0.575s] -- Found Threads: TRUE  
[0.606s] -- Found custom_msgs: 0.0.0 (/home/alex/Desktop/2DOF-Turret/install/custom_msgs/share/custom_msgs/cmake)
[0.612s] -- Found geometry_msgs: 4.9.0 (/opt/ros/humble/share/geometry_msgs/cmake)
[0.667s] -- Configuring done
[0.672s] -- Generating done
[0.675s] -- Build files have been written to: /home/alex/Desktop/2DOF-Turret/build/turret_control
[0.681s] Invoked command in '/home/alex/Desktop/2DOF-Turret/build/turret_control' returned '0': AMENT_PREFIX_PATH=/home/alex/Desktop/2DOF-Turret/install/custom_msgs:${AMENT_PREFIX_PATH} CMAKE_PREFIX_PATH=/home/alex/Desktop/2DOF-Turret/install/custom_msgs:/opt/ros/humble:/opt/ros/humble LD_LIBRARY_PATH=/home/alex/Desktop/2DOF-Turret/install/custom_msgs/lib:${LD_LIBRARY_PATH} PYTHONPATH=/home/alex/Desktop/2DOF-Turret/install/custom_msgs/local/lib/python3.10/dist-packages:${PYTHONPATH} /usr/bin/cmake /home/alex/Desktop/2DOF-Turret/2dof_ros2_ws/src/turret_control -DCMAKE_INSTALL_PREFIX=/home/alex/Desktop/2DOF-Turret/install/turret_control
[0.682s] Invoking command in '/home/alex/Desktop/2DOF-Turret/build/turret_control': AMENT_PREFIX_PATH=/home/alex/Desktop/2DOF-Turret/install/custom_msgs:${AMENT_PREFIX_PATH} CMAKE_PREFIX_PATH=/home/alex/Desktop/2DOF-Turret/install/custom_msgs:/opt/ros/humble:/opt/ros/humble LD_LIBRARY_PATH=/home/alex/Desktop/2DOF-Turret/install/custom_msgs/lib:${LD_LIBRARY_PATH} PYTHONPATH=/home/alex/Desktop/2DOF-Turret/install/custom_msgs/local/lib/python3.10/dist-packages:${PYTHONPATH} /usr/bin/cmake --build /home/alex/Desktop/2DOF-Turret/build/turret_control -- -j16 -l16
[0.706s] [35m[1mConsolidate compiler generated dependencies of target position_controller[0m
[0.720s] [ 50%] [32mBuilding CXX object CMakeFiles/position_controller.dir/src/Control.cpp.o[0m
[0.720s] [ 50%] [32mBuilding CXX object CMakeFiles/position_controller.dir/src/position_controller.cpp.o[0m
[4.007s] [ 75%] [32m[1mLinking CXX executable position_controller[0m
[4.104s] [100%] Built target position_controller
[4.110s] Invoked command in '/home/alex/Desktop/2DOF-Turret/build/turret_control' returned '0': AMENT_PREFIX_PATH=/home/alex/Desktop/2DOF-Turret/install/custom_msgs:${AMENT_PREFIX_PATH} CMAKE_PREFIX_PATH=/home/alex/Desktop/2DOF-Turret/install/custom_msgs:/opt/ros/humble:/opt/ros/humble LD_LIBRARY_PATH=/home/alex/Desktop/2DOF-Turret/install/custom_msgs/lib:${LD_LIBRARY_PATH} PYTHONPATH=/home/alex/Desktop/2DOF-Turret/install/custom_msgs/local/lib/python3.10/dist-packages:${PYTHONPATH} /usr/bin/cmake --build /home/alex/Desktop/2DOF-Turret/build/turret_control -- -j16 -l16
[4.115s] Invoking command in '/home/alex/Desktop/2DOF-Turret/build/turret_control': AMENT_PREFIX_PATH=/home/alex/Desktop/2DOF-Turret/install/custom_msgs:${AMENT_PREFIX_PATH} CMAKE_PREFIX_PATH=/home/alex/Desktop/2DOF-Turret/install/custom_msgs:/opt/ros/humble:/opt/ros/humble LD_LIBRARY_PATH=/home/alex/Desktop/2DOF-Turret/install/custom_msgs/lib:${LD_LIBRARY_PATH} PYTHONPATH=/home/alex/Desktop/2DOF-Turret/install/custom_msgs/local/lib/python3.10/dist-packages:${PYTHONPATH} /usr/bin/cmake --install /home/alex/Desktop/2DOF-Turret/build/turret_control
[4.120s] -- Install configuration: ""
[4.120s] -- Installing: /home/alex/Desktop/2DOF-Turret/install/turret_control/lib/turret_control/position_controller
[4.120s] -- Set runtime path of "/home/alex/Desktop/2DOF-Turret/install/turret_control/lib/turret_control/position_controller" to ""
[4.120s] -- Up-to-date: /home/alex/Desktop/2DOF-Turret/install/turret_control/share/ament_index/resource_index/package_run_dependencies/turret_control
[4.121s] -- Up-to-date: /home/alex/Desktop/2DOF-Turret/install/turret_control/share/ament_index/resource_index/parent_prefix_path/turret_control
[4.121s] -- Up-to-date: /home/alex/Desktop/2DOF-Turret/install/turret_control/share/turret_control/environment/ament_prefix_path.sh
[4.121s] -- Installing: /home/alex/Desktop/2DOF-Turret/install/turret_control/share/turret_control/environment/ament_prefix_path.dsv
[4.121s] -- Up-to-date: /home/alex/Desktop/2DOF-Turret/install/turret_control/share/turret_control/environment/path.sh
[4.121s] -- Installing: /home/alex/Desktop/2DOF-Turret/install/turret_control/share/turret_control/environment/path.dsv
[4.121s] -- Up-to-date: /home/alex/Desktop/2DOF-Turret/install/turret_control/share/turret_control/local_setup.bash
[4.121s] -- Up-to-date: /home/alex/Desktop/2DOF-Turret/install/turret_control/share/turret_control/local_setup.sh
[4.121s] -- Up-to-date: /home/alex/Desktop/2DOF-Turret/install/turret_control/share/turret_control/local_setup.zsh
[4.121s] -- Installing: /home/alex/Desktop/2DOF-Turret/install/turret_control/share/turret_control/local_setup.dsv
[4.121s] -- Installing: /home/alex/Desktop/2DOF-Turret/install/turret_control/share/turret_control/package.dsv
[4.121s] -- Up-to-date: /home/alex/Desktop/2DOF-Turret/install/turret_control/share/ament_index/resource_index/packages/turret_control
[4.121s] -- Up-to-date: /home/alex/Desktop/2DOF-Turret/install/turret_control/share/turret_control/cmake/turret_controlConfig.cmake
[4.121s] -- Up-to-date: /home/alex/Desktop/2DOF-Turret/install/turret_control/share/turret_control/cmake/turret_controlConfig-version.cmake
[4.121s] -- Up-to-date: /home/alex/Desktop/2DOF-Turret/install/turret_control/share/turret_control/package.xml
[4.122s] Invoked command in '/home/alex/Desktop/2DOF-Turret/build/turret_control' returned '0': AMENT_PREFIX_PATH=/home/alex/Desktop/2DOF-Turret/install/custom_msgs:${AMENT_PREFIX_PATH} CMAKE_PREFIX_PATH=/home/alex/Desktop/2DOF-Turret/install/custom_msgs:/opt/ros/humble:/opt/ros/humble LD_LIBRARY_PATH=/home/alex/Desktop/2DOF-Turret/install/custom_msgs/lib:${LD_LIBRARY_PATH} PYTHONPATH=/home/alex/Desktop/2DOF-Turret/install/custom_msgs/local/lib/python3.10/dist-packages:${PYTHONPATH} /usr/bin/cmake --install /home/alex/Desktop/2DOF-Turret/build/turret_control
