[0.005s] Invoking command in '/home/alex/Desktop/2DOF-Turret/build/custom_msgs': /usr/bin/cmake /home/alex/Desktop/2DOF-Turret/2dof_ros2_ws/src/custom_msgs -DCMAKE_INSTALL_PREFIX=/home/alex/Desktop/2DOF-Turret/install/custom_msgs
[0.036s] -- The C compiler identification is GNU 11.4.0
[0.067s] -- The CXX compiler identification is GNU 11.4.0
[0.071s] -- Detecting C compiler ABI info
[0.112s] -- Detecting C compiler ABI info - done
[0.118s] -- Check for working C compiler: /usr/bin/cc - skipped
[0.118s] -- Detecting C compile features
[0.118s] -- Detecting C compile features - done
[0.120s] -- Detecting CXX compiler ABI info
[0.169s] -- Detecting CXX compiler ABI info - done
[0.174s] -- Check for working CXX compiler: /usr/bin/c++ - skipped
[0.174s] -- Detecting CXX compile features
[0.174s] -- Detecting CXX compile features - done
[0.175s] -- Found ament_cmake: 1.3.12 (/opt/ros/humble/share/ament_cmake/cmake)
[0.268s] -- Found Python3: /usr/bin/python3 (found version "3.10.12") found components: Interpreter 
[0.320s] -- Found rosidl_default_generators: 1.2.0 (/opt/ros/humble/share/rosidl_default_generators/cmake)
[0.321s] -- Using all available rosidl_typesupport_c: rosidl_typesupport_fastrtps_c;rosidl_typesupport_introspection_c
[0.324s] -- Found rosidl_adapter: 3.1.7 (/opt/ros/humble/share/rosidl_adapter/cmake)
[0.353s] -- Using all available rosidl_typesupport_cpp: rosidl_typesupport_fastrtps_cpp;rosidl_typesupport_introspection_cpp
[0.522s] -- Found ament_cmake_ros: 0.10.0 (/opt/ros/humble/share/ament_cmake_ros/cmake)
[0.637s] -- Using all available rosidl_typesupport_c: rosidl_typesupport_fastrtps_c;rosidl_typesupport_introspection_c
[0.791s] -- Using all available rosidl_typesupport_cpp: rosidl_typesupport_fastrtps_cpp;rosidl_typesupport_introspection_cpp
[0.806s] -- Found PythonInterp: /usr/bin/python3 (found suitable version "3.10.12", minimum required is "3.6") 
[0.808s] -- Found python_cmake_module: 0.10.0 (/opt/ros/humble/share/python_cmake_module/cmake)
[0.825s] -- Found PythonLibs: /usr/lib/x86_64-linux-gnu/libpython3.10.so (found suitable version "3.10.12", minimum required is "3.5") 
[0.825s] -- Using PYTHON_EXECUTABLE: /usr/bin/python3
[0.825s] -- Using PYTHON_INCLUDE_DIRS: /usr/include/python3.10
[0.825s] -- Using PYTHON_LIBRARIES: /usr/lib/x86_64-linux-gnu/libpython3.10.so
[0.839s] -- Found PythonExtra: .so  
[0.867s] -- Configuring done
[0.884s] -- Generating done
[0.890s] -- Build files have been written to: /home/alex/Desktop/2DOF-Turret/build/custom_msgs
[0.894s] Invoked command in '/home/alex/Desktop/2DOF-Turret/build/custom_msgs' returned '0': /usr/bin/cmake /home/alex/Desktop/2DOF-Turret/2dof_ros2_ws/src/custom_msgs -DCMAKE_INSTALL_PREFIX=/home/alex/Desktop/2DOF-Turret/install/custom_msgs
[0.895s] Invoking command in '/home/alex/Desktop/2DOF-Turret/build/custom_msgs': /usr/bin/cmake --build /home/alex/Desktop/2DOF-Turret/build/custom_msgs -- -j16 -l16
[0.919s] [  3%] [34m[1mGenerating C code for ROS interfaces[0m
[0.924s] [  6%] [34m[1mGenerating C++ code for ROS interfaces[0m
[0.928s] [  6%] Built target ament_cmake_python_copy_custom_msgs
[1.083s] [  6%] Built target custom_msgs__cpp
[1.085s] running egg_info
[1.086s] creating custom_msgs.egg-info
[1.086s] writing custom_msgs.egg-info/PKG-INFO
[1.086s] writing dependency_links to custom_msgs.egg-info/dependency_links.txt
[1.086s] writing top-level names to custom_msgs.egg-info/top_level.txt
[1.086s] writing manifest file 'custom_msgs.egg-info/SOURCES.txt'
[1.089s] reading manifest file 'custom_msgs.egg-info/SOURCES.txt'
[1.089s] [ 12%] [34m[1mGenerating C++ introspection for ROS interfaces[0m
[1.089s] [ 12%] [34m[1mGenerating C++ type support for eProsima Fast-RTPS[0m
[1.089s] [ 16%] [34m[1mGenerating C++ type support dispatch for ROS interfaces[0m
[1.089s] writing manifest file 'custom_msgs.egg-info/SOURCES.txt'
[1.092s] [ 19%] [32mBuilding C object CMakeFiles/custom_msgs__rosidl_generator_c.dir/rosidl_generator_c/custom_msgs/msg/detail/turret_cmd__functions.c.o[0m
[1.111s] [ 19%] Built target ament_cmake_python_build_custom_msgs_egg
[1.137s] [ 22%] [32m[1mLinking C shared library libcustom_msgs__rosidl_generator_c.so[0m
[1.183s] [ 22%] Built target custom_msgs__rosidl_generator_c
[1.189s] [ 32%] [34m[1mGenerating C type support dispatch for ROS interfaces[0m
[1.189s] [ 32%] [34m[1mGenerating C introspection for ROS interfaces[0m
[1.189s] [ 32%] [34m[1mGenerating C type support for eProsima Fast-RTPS[0m
[1.233s] [ 35%] [32mBuilding CXX object CMakeFiles/custom_msgs__rosidl_typesupport_cpp.dir/rosidl_typesupport_cpp/custom_msgs/msg/turret_cmd__type_support.cpp.o[0m
[1.247s] [ 38%] [32mBuilding CXX object CMakeFiles/custom_msgs__rosidl_typesupport_introspection_cpp.dir/rosidl_typesupport_introspection_cpp/custom_msgs/msg/detail/turret_cmd__type_support.cpp.o[0m
[1.249s] [ 41%] [32mBuilding CXX object CMakeFiles/custom_msgs__rosidl_typesupport_fastrtps_cpp.dir/rosidl_typesupport_fastrtps_cpp/custom_msgs/msg/detail/dds_fastrtps/turret_cmd__type_support.cpp.o[0m
[1.359s] [ 45%] [32mBuilding CXX object CMakeFiles/custom_msgs__rosidl_typesupport_c.dir/rosidl_typesupport_c/custom_msgs/msg/turret_cmd__type_support.cpp.o[0m
[1.371s] [ 48%] [32mBuilding CXX object CMakeFiles/custom_msgs__rosidl_typesupport_fastrtps_c.dir/rosidl_typesupport_fastrtps_c/custom_msgs/msg/detail/turret_cmd__type_support_c.cpp.o[0m
[1.372s] [ 51%] [32mBuilding C object CMakeFiles/custom_msgs__rosidl_typesupport_introspection_c.dir/rosidl_typesupport_introspection_c/custom_msgs/msg/detail/turret_cmd__type_support.c.o[0m
[1.391s] [ 54%] [32m[1mLinking CXX shared library libcustom_msgs__rosidl_typesupport_c.so[0m
[1.396s] [ 58%] [32m[1mLinking C shared library libcustom_msgs__rosidl_typesupport_introspection_c.so[0m
[1.421s] [ 58%] Built target custom_msgs__rosidl_typesupport_introspection_c
[1.426s] [ 58%] Built target custom_msgs__rosidl_typesupport_c
[1.447s] [ 61%] [32m[1mLinking CXX shared library libcustom_msgs__rosidl_typesupport_cpp.so[0m
[1.472s] [ 61%] Built target custom_msgs__rosidl_typesupport_cpp
[1.513s] [ 64%] [32m[1mLinking CXX shared library libcustom_msgs__rosidl_typesupport_introspection_cpp.so[0m
[1.537s] [ 67%] [32m[1mLinking CXX shared library libcustom_msgs__rosidl_typesupport_fastrtps_cpp.so[0m
[1.537s] [ 67%] Built target custom_msgs__rosidl_typesupport_introspection_cpp
[1.587s] [ 70%] [32m[1mLinking CXX shared library libcustom_msgs__rosidl_typesupport_fastrtps_c.so[0m
[1.588s] [ 70%] Built target custom_msgs__rosidl_typesupport_fastrtps_cpp
[1.637s] [ 70%] Built target custom_msgs__rosidl_typesupport_fastrtps_c
[1.649s] [ 70%] Built target custom_msgs
[1.660s] [ 74%] [34m[1mGenerating Python code for ROS interfaces[0m
[1.836s] [ 74%] Built target custom_msgs__py
[1.847s] [ 77%] [32mBuilding C object CMakeFiles/custom_msgs__rosidl_generator_py.dir/rosidl_generator_py/custom_msgs/msg/_turret_cmd_s.c.o[0m
[1.945s] [ 80%] [32m[1mLinking C shared library rosidl_generator_py/custom_msgs/libcustom_msgs__rosidl_generator_py.so[0m
[1.969s] [ 80%] Built target custom_msgs__rosidl_generator_py
[1.980s] [ 87%] [32mBuilding C object CMakeFiles/custom_msgs__rosidl_typesupport_c__pyext.dir/rosidl_generator_py/custom_msgs/_custom_msgs_s.ep.rosidl_typesupport_c.c.o[0m
[1.980s] [ 87%] [32mBuilding C object CMakeFiles/custom_msgs__rosidl_typesupport_introspection_c__pyext.dir/rosidl_generator_py/custom_msgs/_custom_msgs_s.ep.rosidl_typesupport_introspection_c.c.o[0m
[1.980s] [ 90%] [32mBuilding C object CMakeFiles/custom_msgs__rosidl_typesupport_fastrtps_c__pyext.dir/rosidl_generator_py/custom_msgs/_custom_msgs_s.ep.rosidl_typesupport_fastrtps_c.c.o[0m
[2.032s] [ 96%] [32m[1mLinking C shared library rosidl_generator_py/custom_msgs/custom_msgs_s__rosidl_typesupport_introspection_c.cpython-310-x86_64-linux-gnu.so[0m
[2.032s] [ 96%] [32m[1mLinking C shared library rosidl_generator_py/custom_msgs/custom_msgs_s__rosidl_typesupport_c.cpython-310-x86_64-linux-gnu.so[0m
[2.034s] [100%] [32m[1mLinking C shared library rosidl_generator_py/custom_msgs/custom_msgs_s__rosidl_typesupport_fastrtps_c.cpython-310-x86_64-linux-gnu.so[0m
[2.050s] [100%] Built target custom_msgs__rosidl_typesupport_c__pyext
[2.050s] [100%] Built target custom_msgs__rosidl_typesupport_introspection_c__pyext
[2.052s] [100%] Built target custom_msgs__rosidl_typesupport_fastrtps_c__pyext
[2.058s] Invoked command in '/home/alex/Desktop/2DOF-Turret/build/custom_msgs' returned '0': /usr/bin/cmake --build /home/alex/Desktop/2DOF-Turret/build/custom_msgs -- -j16 -l16
[2.063s] Invoking command in '/home/alex/Desktop/2DOF-Turret/build/custom_msgs': /usr/bin/cmake --install /home/alex/Desktop/2DOF-Turret/build/custom_msgs
[2.067s] -- Install configuration: ""
[2.068s] -- Installing: /home/alex/Desktop/2DOF-Turret/install/custom_msgs/share/ament_index/resource_index/rosidl_interfaces/custom_msgs
[2.068s] -- Installing: /home/alex/Desktop/2DOF-Turret/install/custom_msgs/include/custom_msgs/custom_msgs
[2.068s] -- Installing: /home/alex/Desktop/2DOF-Turret/install/custom_msgs/include/custom_msgs/custom_msgs/msg
[2.068s] -- Installing: /home/alex/Desktop/2DOF-Turret/install/custom_msgs/include/custom_msgs/custom_msgs/msg/turret_cmd.h
[2.068s] -- Installing: /home/alex/Desktop/2DOF-Turret/install/custom_msgs/include/custom_msgs/custom_msgs/msg/detail
[2.068s] -- Installing: /home/alex/Desktop/2DOF-Turret/install/custom_msgs/include/custom_msgs/custom_msgs/msg/detail/turret_cmd__functions.h
[2.068s] -- Installing: /home/alex/Desktop/2DOF-Turret/install/custom_msgs/include/custom_msgs/custom_msgs/msg/detail/turret_cmd__type_support.h
[2.068s] -- Installing: /home/alex/Desktop/2DOF-Turret/install/custom_msgs/include/custom_msgs/custom_msgs/msg/detail/turret_cmd__functions.c
[2.068s] -- Installing: /home/alex/Desktop/2DOF-Turret/install/custom_msgs/include/custom_msgs/custom_msgs/msg/detail/turret_cmd__struct.h
[2.068s] -- Installing: /home/alex/Desktop/2DOF-Turret/install/custom_msgs/include/custom_msgs/custom_msgs/msg/rosidl_generator_c__visibility_control.h
[2.068s] -- Installing: /home/alex/Desktop/2DOF-Turret/install/custom_msgs/share/custom_msgs/environment/library_path.sh
[2.068s] -- Installing: /home/alex/Desktop/2DOF-Turret/install/custom_msgs/share/custom_msgs/environment/library_path.dsv
[2.068s] -- Installing: /home/alex/Desktop/2DOF-Turret/install/custom_msgs/lib/libcustom_msgs__rosidl_generator_c.so
[2.068s] -- Set runtime path of "/home/alex/Desktop/2DOF-Turret/install/custom_msgs/lib/libcustom_msgs__rosidl_generator_c.so" to ""
[2.068s] -- Up-to-date: /home/alex/Desktop/2DOF-Turret/install/custom_msgs/include/custom_msgs/custom_msgs
[2.069s] -- Up-to-date: /home/alex/Desktop/2DOF-Turret/install/custom_msgs/include/custom_msgs/custom_msgs/msg
[2.069s] -- Up-to-date: /home/alex/Desktop/2DOF-Turret/install/custom_msgs/include/custom_msgs/custom_msgs/msg/detail
[2.069s] -- Installing: /home/alex/Desktop/2DOF-Turret/install/custom_msgs/include/custom_msgs/custom_msgs/msg/detail/turret_cmd__rosidl_typesupport_fastrtps_c.h
[2.069s] -- Installing: /home/alex/Desktop/2DOF-Turret/install/custom_msgs/include/custom_msgs/custom_msgs/msg/rosidl_typesupport_fastrtps_c__visibility_control.h
[2.069s] -- Installing: /home/alex/Desktop/2DOF-Turret/install/custom_msgs/lib/libcustom_msgs__rosidl_typesupport_fastrtps_c.so
[2.069s] -- Set runtime path of "/home/alex/Desktop/2DOF-Turret/install/custom_msgs/lib/libcustom_msgs__rosidl_typesupport_fastrtps_c.so" to ""
[2.069s] -- Up-to-date: /home/alex/Desktop/2DOF-Turret/install/custom_msgs/include/custom_msgs/custom_msgs
[2.069s] -- Up-to-date: /home/alex/Desktop/2DOF-Turret/install/custom_msgs/include/custom_msgs/custom_msgs/msg
[2.069s] -- Up-to-date: /home/alex/Desktop/2DOF-Turret/install/custom_msgs/include/custom_msgs/custom_msgs/msg/detail
[2.069s] -- Installing: /home/alex/Desktop/2DOF-Turret/install/custom_msgs/include/custom_msgs/custom_msgs/msg/detail/turret_cmd__type_support.c
[2.069s] -- Installing: /home/alex/Desktop/2DOF-Turret/install/custom_msgs/include/custom_msgs/custom_msgs/msg/detail/turret_cmd__rosidl_typesupport_introspection_c.h
[2.069s] -- Installing: /home/alex/Desktop/2DOF-Turret/install/custom_msgs/include/custom_msgs/custom_msgs/msg/rosidl_typesupport_introspection_c__visibility_control.h
[2.069s] -- Installing: /home/alex/Desktop/2DOF-Turret/install/custom_msgs/lib/libcustom_msgs__rosidl_typesupport_introspection_c.so
[2.069s] -- Set runtime path of "/home/alex/Desktop/2DOF-Turret/install/custom_msgs/lib/libcustom_msgs__rosidl_typesupport_introspection_c.so" to ""
[2.069s] -- Installing: /home/alex/Desktop/2DOF-Turret/install/custom_msgs/lib/libcustom_msgs__rosidl_typesupport_c.so
[2.069s] -- Set runtime path of "/home/alex/Desktop/2DOF-Turret/install/custom_msgs/lib/libcustom_msgs__rosidl_typesupport_c.so" to ""
[2.070s] -- Up-to-date: /home/alex/Desktop/2DOF-Turret/install/custom_msgs/include/custom_msgs/custom_msgs
[2.070s] -- Up-to-date: /home/alex/Desktop/2DOF-Turret/install/custom_msgs/include/custom_msgs/custom_msgs/msg
[2.070s] -- Up-to-date: /home/alex/Desktop/2DOF-Turret/install/custom_msgs/include/custom_msgs/custom_msgs/msg/detail
[2.070s] -- Installing: /home/alex/Desktop/2DOF-Turret/install/custom_msgs/include/custom_msgs/custom_msgs/msg/detail/turret_cmd__builder.hpp
[2.070s] -- Installing: /home/alex/Desktop/2DOF-Turret/install/custom_msgs/include/custom_msgs/custom_msgs/msg/detail/turret_cmd__traits.hpp
[2.070s] -- Installing: /home/alex/Desktop/2DOF-Turret/install/custom_msgs/include/custom_msgs/custom_msgs/msg/detail/turret_cmd__type_support.hpp
[2.070s] -- Installing: /home/alex/Desktop/2DOF-Turret/install/custom_msgs/include/custom_msgs/custom_msgs/msg/detail/turret_cmd__struct.hpp
[2.070s] -- Installing: /home/alex/Desktop/2DOF-Turret/install/custom_msgs/include/custom_msgs/custom_msgs/msg/rosidl_generator_cpp__visibility_control.hpp
[2.070s] -- Installing: /home/alex/Desktop/2DOF-Turret/install/custom_msgs/include/custom_msgs/custom_msgs/msg/turret_cmd.hpp
[2.070s] -- Up-to-date: /home/alex/Desktop/2DOF-Turret/install/custom_msgs/include/custom_msgs/custom_msgs
[2.070s] -- Up-to-date: /home/alex/Desktop/2DOF-Turret/install/custom_msgs/include/custom_msgs/custom_msgs/msg
[2.070s] -- Up-to-date: /home/alex/Desktop/2DOF-Turret/install/custom_msgs/include/custom_msgs/custom_msgs/msg/detail
[2.070s] -- Installing: /home/alex/Desktop/2DOF-Turret/install/custom_msgs/include/custom_msgs/custom_msgs/msg/detail/dds_fastrtps
[2.070s] -- Installing: /home/alex/Desktop/2DOF-Turret/install/custom_msgs/include/custom_msgs/custom_msgs/msg/detail/turret_cmd__rosidl_typesupport_fastrtps_cpp.hpp
[2.070s] -- Installing: /home/alex/Desktop/2DOF-Turret/install/custom_msgs/include/custom_msgs/custom_msgs/msg/rosidl_typesupport_fastrtps_cpp__visibility_control.h
[2.070s] -- Installing: /home/alex/Desktop/2DOF-Turret/install/custom_msgs/lib/libcustom_msgs__rosidl_typesupport_fastrtps_cpp.so
[2.070s] -- Set runtime path of "/home/alex/Desktop/2DOF-Turret/install/custom_msgs/lib/libcustom_msgs__rosidl_typesupport_fastrtps_cpp.so" to ""
[2.070s] -- Up-to-date: /home/alex/Desktop/2DOF-Turret/install/custom_msgs/include/custom_msgs/custom_msgs
[2.070s] -- Up-to-date: /home/alex/Desktop/2DOF-Turret/install/custom_msgs/include/custom_msgs/custom_msgs/msg
[2.070s] -- Up-to-date: /home/alex/Desktop/2DOF-Turret/install/custom_msgs/include/custom_msgs/custom_msgs/msg/detail
[2.070s] -- Installing: /home/alex/Desktop/2DOF-Turret/install/custom_msgs/include/custom_msgs/custom_msgs/msg/detail/turret_cmd__rosidl_typesupport_introspection_cpp.hpp
[2.070s] -- Installing: /home/alex/Desktop/2DOF-Turret/install/custom_msgs/include/custom_msgs/custom_msgs/msg/detail/turret_cmd__type_support.cpp
[2.070s] -- Installing: /home/alex/Desktop/2DOF-Turret/install/custom_msgs/lib/libcustom_msgs__rosidl_typesupport_introspection_cpp.so
[2.071s] -- Set runtime path of "/home/alex/Desktop/2DOF-Turret/install/custom_msgs/lib/libcustom_msgs__rosidl_typesupport_introspection_cpp.so" to ""
[2.071s] -- Installing: /home/alex/Desktop/2DOF-Turret/install/custom_msgs/lib/libcustom_msgs__rosidl_typesupport_cpp.so
[2.071s] -- Set runtime path of "/home/alex/Desktop/2DOF-Turret/install/custom_msgs/lib/libcustom_msgs__rosidl_typesupport_cpp.so" to ""
[2.071s] -- Installing: /home/alex/Desktop/2DOF-Turret/install/custom_msgs/share/custom_msgs/environment/pythonpath.sh
[2.071s] -- Installing: /home/alex/Desktop/2DOF-Turret/install/custom_msgs/share/custom_msgs/environment/pythonpath.dsv
[2.071s] -- Installing: /home/alex/Desktop/2DOF-Turret/install/custom_msgs/local/lib/python3.10/dist-packages/custom_msgs-0.0.0-py3.10.egg-info
[2.071s] -- Installing: /home/alex/Desktop/2DOF-Turret/install/custom_msgs/local/lib/python3.10/dist-packages/custom_msgs-0.0.0-py3.10.egg-info/dependency_links.txt
[2.071s] -- Installing: /home/alex/Desktop/2DOF-Turret/install/custom_msgs/local/lib/python3.10/dist-packages/custom_msgs-0.0.0-py3.10.egg-info/top_level.txt
[2.071s] -- Installing: /home/alex/Desktop/2DOF-Turret/install/custom_msgs/local/lib/python3.10/dist-packages/custom_msgs-0.0.0-py3.10.egg-info/PKG-INFO
[2.071s] -- Installing: /home/alex/Desktop/2DOF-Turret/install/custom_msgs/local/lib/python3.10/dist-packages/custom_msgs-0.0.0-py3.10.egg-info/SOURCES.txt
[2.071s] -- Installing: /home/alex/Desktop/2DOF-Turret/install/custom_msgs/local/lib/python3.10/dist-packages/custom_msgs
[2.071s] -- Installing: /home/alex/Desktop/2DOF-Turret/install/custom_msgs/local/lib/python3.10/dist-packages/custom_msgs/_custom_msgs_s.ep.rosidl_typesupport_introspection_c.c
[2.071s] -- Installing: /home/alex/Desktop/2DOF-Turret/install/custom_msgs/local/lib/python3.10/dist-packages/custom_msgs/custom_msgs_s__rosidl_typesupport_fastrtps_c.cpython-310-x86_64-linux-gnu.so
[2.071s] -- Installing: /home/alex/Desktop/2DOF-Turret/install/custom_msgs/local/lib/python3.10/dist-packages/custom_msgs/custom_msgs_s__rosidl_typesupport_c.cpython-310-x86_64-linux-gnu.so
[2.071s] -- Installing: /home/alex/Desktop/2DOF-Turret/install/custom_msgs/local/lib/python3.10/dist-packages/custom_msgs/msg
[2.071s] -- Installing: /home/alex/Desktop/2DOF-Turret/install/custom_msgs/local/lib/python3.10/dist-packages/custom_msgs/msg/_turret_cmd_s.c
[2.071s] -- Installing: /home/alex/Desktop/2DOF-Turret/install/custom_msgs/local/lib/python3.10/dist-packages/custom_msgs/msg/__init__.py
[2.072s] -- Installing: /home/alex/Desktop/2DOF-Turret/install/custom_msgs/local/lib/python3.10/dist-packages/custom_msgs/msg/_turret_cmd.py
[2.072s] -- Installing: /home/alex/Desktop/2DOF-Turret/install/custom_msgs/local/lib/python3.10/dist-packages/custom_msgs/custom_msgs_s__rosidl_typesupport_introspection_c.cpython-310-x86_64-linux-gnu.so
[2.072s] -- Installing: /home/alex/Desktop/2DOF-Turret/install/custom_msgs/local/lib/python3.10/dist-packages/custom_msgs/_custom_msgs_s.ep.rosidl_typesupport_c.c
[2.072s] -- Installing: /home/alex/Desktop/2DOF-Turret/install/custom_msgs/local/lib/python3.10/dist-packages/custom_msgs/libcustom_msgs__rosidl_generator_py.so
[2.072s] -- Installing: /home/alex/Desktop/2DOF-Turret/install/custom_msgs/local/lib/python3.10/dist-packages/custom_msgs/__init__.py
[2.072s] -- Installing: /home/alex/Desktop/2DOF-Turret/install/custom_msgs/local/lib/python3.10/dist-packages/custom_msgs/_custom_msgs_s.ep.rosidl_typesupport_fastrtps_c.c
[2.093s] Listing '/home/alex/Desktop/2DOF-Turret/install/custom_msgs/local/lib/python3.10/dist-packages/custom_msgs'...
[2.093s] Compiling '/home/alex/Desktop/2DOF-Turret/install/custom_msgs/local/lib/python3.10/dist-packages/custom_msgs/__init__.py'...
[2.093s] Listing '/home/alex/Desktop/2DOF-Turret/install/custom_msgs/local/lib/python3.10/dist-packages/custom_msgs/msg'...
[2.093s] Compiling '/home/alex/Desktop/2DOF-Turret/install/custom_msgs/local/lib/python3.10/dist-packages/custom_msgs/msg/__init__.py'...
[2.093s] Compiling '/home/alex/Desktop/2DOF-Turret/install/custom_msgs/local/lib/python3.10/dist-packages/custom_msgs/msg/_turret_cmd.py'...
[2.096s] -- Installing: /home/alex/Desktop/2DOF-Turret/install/custom_msgs/local/lib/python3.10/dist-packages/custom_msgs/custom_msgs_s__rosidl_typesupport_fastrtps_c.cpython-310-x86_64-linux-gnu.so
[2.096s] -- Set runtime path of "/home/alex/Desktop/2DOF-Turret/install/custom_msgs/local/lib/python3.10/dist-packages/custom_msgs/custom_msgs_s__rosidl_typesupport_fastrtps_c.cpython-310-x86_64-linux-gnu.so" to ""
[2.097s] -- Installing: /home/alex/Desktop/2DOF-Turret/install/custom_msgs/local/lib/python3.10/dist-packages/custom_msgs/custom_msgs_s__rosidl_typesupport_introspection_c.cpython-310-x86_64-linux-gnu.so
[2.097s] -- Set runtime path of "/home/alex/Desktop/2DOF-Turret/install/custom_msgs/local/lib/python3.10/dist-packages/custom_msgs/custom_msgs_s__rosidl_typesupport_introspection_c.cpython-310-x86_64-linux-gnu.so" to ""
[2.097s] -- Installing: /home/alex/Desktop/2DOF-Turret/install/custom_msgs/local/lib/python3.10/dist-packages/custom_msgs/custom_msgs_s__rosidl_typesupport_c.cpython-310-x86_64-linux-gnu.so
[2.097s] -- Set runtime path of "/home/alex/Desktop/2DOF-Turret/install/custom_msgs/local/lib/python3.10/dist-packages/custom_msgs/custom_msgs_s__rosidl_typesupport_c.cpython-310-x86_64-linux-gnu.so" to ""
[2.097s] -- Installing: /home/alex/Desktop/2DOF-Turret/install/custom_msgs/lib/libcustom_msgs__rosidl_generator_py.so
[2.097s] -- Set runtime path of "/home/alex/Desktop/2DOF-Turret/install/custom_msgs/lib/libcustom_msgs__rosidl_generator_py.so" to ""
[2.097s] -- Installing: /home/alex/Desktop/2DOF-Turret/install/custom_msgs/share/custom_msgs/msg/TurretCmd.idl
[2.097s] -- Installing: /home/alex/Desktop/2DOF-Turret/install/custom_msgs/share/custom_msgs/msg/TurretCmd.msg
[2.097s] -- Installing: /home/alex/Desktop/2DOF-Turret/install/custom_msgs/share/ament_index/resource_index/package_run_dependencies/custom_msgs
[2.097s] -- Installing: /home/alex/Desktop/2DOF-Turret/install/custom_msgs/share/ament_index/resource_index/parent_prefix_path/custom_msgs
[2.097s] -- Installing: /home/alex/Desktop/2DOF-Turret/install/custom_msgs/share/custom_msgs/environment/ament_prefix_path.sh
[2.097s] -- Installing: /home/alex/Desktop/2DOF-Turret/install/custom_msgs/share/custom_msgs/environment/ament_prefix_path.dsv
[2.098s] -- Installing: /home/alex/Desktop/2DOF-Turret/install/custom_msgs/share/custom_msgs/environment/path.sh
[2.098s] -- Installing: /home/alex/Desktop/2DOF-Turret/install/custom_msgs/share/custom_msgs/environment/path.dsv
[2.098s] -- Installing: /home/alex/Desktop/2DOF-Turret/install/custom_msgs/share/custom_msgs/local_setup.bash
[2.098s] -- Installing: /home/alex/Desktop/2DOF-Turret/install/custom_msgs/share/custom_msgs/local_setup.sh
[2.098s] -- Installing: /home/alex/Desktop/2DOF-Turret/install/custom_msgs/share/custom_msgs/local_setup.zsh
[2.098s] -- Installing: /home/alex/Desktop/2DOF-Turret/install/custom_msgs/share/custom_msgs/local_setup.dsv
[2.098s] -- Installing: /home/alex/Desktop/2DOF-Turret/install/custom_msgs/share/custom_msgs/package.dsv
[2.098s] -- Installing: /home/alex/Desktop/2DOF-Turret/install/custom_msgs/share/ament_index/resource_index/packages/custom_msgs
[2.098s] -- Installing: /home/alex/Desktop/2DOF-Turret/install/custom_msgs/share/custom_msgs/cmake/export_custom_msgs__rosidl_generator_cExport.cmake
[2.098s] -- Installing: /home/alex/Desktop/2DOF-Turret/install/custom_msgs/share/custom_msgs/cmake/export_custom_msgs__rosidl_generator_cExport-noconfig.cmake
[2.098s] -- Installing: /home/alex/Desktop/2DOF-Turret/install/custom_msgs/share/custom_msgs/cmake/export_custom_msgs__rosidl_typesupport_fastrtps_cExport.cmake
[2.098s] -- Installing: /home/alex/Desktop/2DOF-Turret/install/custom_msgs/share/custom_msgs/cmake/export_custom_msgs__rosidl_typesupport_fastrtps_cExport-noconfig.cmake
[2.098s] -- Installing: /home/alex/Desktop/2DOF-Turret/install/custom_msgs/share/custom_msgs/cmake/custom_msgs__rosidl_typesupport_introspection_cExport.cmake
[2.098s] -- Installing: /home/alex/Desktop/2DOF-Turret/install/custom_msgs/share/custom_msgs/cmake/custom_msgs__rosidl_typesupport_introspection_cExport-noconfig.cmake
[2.099s] -- Installing: /home/alex/Desktop/2DOF-Turret/install/custom_msgs/share/custom_msgs/cmake/custom_msgs__rosidl_typesupport_cExport.cmake
[2.099s] -- Installing: /home/alex/Desktop/2DOF-Turret/install/custom_msgs/share/custom_msgs/cmake/custom_msgs__rosidl_typesupport_cExport-noconfig.cmake
[2.099s] -- Installing: /home/alex/Desktop/2DOF-Turret/install/custom_msgs/share/custom_msgs/cmake/export_custom_msgs__rosidl_generator_cppExport.cmake
[2.099s] -- Installing: /home/alex/Desktop/2DOF-Turret/install/custom_msgs/share/custom_msgs/cmake/export_custom_msgs__rosidl_typesupport_fastrtps_cppExport.cmake
[2.099s] -- Installing: /home/alex/Desktop/2DOF-Turret/install/custom_msgs/share/custom_msgs/cmake/export_custom_msgs__rosidl_typesupport_fastrtps_cppExport-noconfig.cmake
[2.099s] -- Installing: /home/alex/Desktop/2DOF-Turret/install/custom_msgs/share/custom_msgs/cmake/custom_msgs__rosidl_typesupport_introspection_cppExport.cmake
[2.099s] -- Installing: /home/alex/Desktop/2DOF-Turret/install/custom_msgs/share/custom_msgs/cmake/custom_msgs__rosidl_typesupport_introspection_cppExport-noconfig.cmake
[2.099s] -- Installing: /home/alex/Desktop/2DOF-Turret/install/custom_msgs/share/custom_msgs/cmake/custom_msgs__rosidl_typesupport_cppExport.cmake
[2.099s] -- Installing: /home/alex/Desktop/2DOF-Turret/install/custom_msgs/share/custom_msgs/cmake/custom_msgs__rosidl_typesupport_cppExport-noconfig.cmake
[2.099s] -- Installing: /home/alex/Desktop/2DOF-Turret/install/custom_msgs/share/custom_msgs/cmake/export_custom_msgs__rosidl_generator_pyExport.cmake
[2.099s] -- Installing: /home/alex/Desktop/2DOF-Turret/install/custom_msgs/share/custom_msgs/cmake/export_custom_msgs__rosidl_generator_pyExport-noconfig.cmake
[2.099s] -- Installing: /home/alex/Desktop/2DOF-Turret/install/custom_msgs/share/custom_msgs/cmake/rosidl_cmake-extras.cmake
[2.099s] -- Installing: /home/alex/Desktop/2DOF-Turret/install/custom_msgs/share/custom_msgs/cmake/ament_cmake_export_include_directories-extras.cmake
[2.099s] -- Installing: /home/alex/Desktop/2DOF-Turret/install/custom_msgs/share/custom_msgs/cmake/ament_cmake_export_libraries-extras.cmake
[2.099s] -- Installing: /home/alex/Desktop/2DOF-Turret/install/custom_msgs/share/custom_msgs/cmake/ament_cmake_export_targets-extras.cmake
[2.100s] -- Installing: /home/alex/Desktop/2DOF-Turret/install/custom_msgs/share/custom_msgs/cmake/rosidl_cmake_export_typesupport_targets-extras.cmake
[2.100s] -- Installing: /home/alex/Desktop/2DOF-Turret/install/custom_msgs/share/custom_msgs/cmake/ament_cmake_export_dependencies-extras.cmake
[2.100s] -- Installing: /home/alex/Desktop/2DOF-Turret/install/custom_msgs/share/custom_msgs/cmake/rosidl_cmake_export_typesupport_libraries-extras.cmake
[2.100s] -- Installing: /home/alex/Desktop/2DOF-Turret/install/custom_msgs/share/custom_msgs/cmake/custom_msgsConfig.cmake
[2.100s] -- Installing: /home/alex/Desktop/2DOF-Turret/install/custom_msgs/share/custom_msgs/cmake/custom_msgsConfig-version.cmake
[2.100s] -- Installing: /home/alex/Desktop/2DOF-Turret/install/custom_msgs/share/custom_msgs/package.xml
[2.101s] Invoked command in '/home/alex/Desktop/2DOF-Turret/build/custom_msgs' returned '0': /usr/bin/cmake --install /home/alex/Desktop/2DOF-Turret/build/custom_msgs
