[0.007s] Invoking command in '/home/alex/Desktop/2DOF-Turret/build/turret_control': AMENT_PREFIX_PATH=/home/alex/Desktop/2DOF-Turret/install/custom_msgs:${AMENT_PREFIX_PATH} CMAKE_PREFIX_PATH=/home/alex/Desktop/2DOF-Turret/install/custom_msgs:/opt/ros/humble:/opt/ros/humble LD_LIBRARY_PATH=/home/alex/Desktop/2DOF-Turret/install/custom_msgs/lib:${LD_LIBRARY_PATH} PYTHONPATH=/home/alex/Desktop/2DOF-Turret/install/custom_msgs/local/lib/python3.10/dist-packages:${PYTHONPATH} /usr/bin/cmake /home/alex/Desktop/2DOF-Turret/2dof_ros2_ws/src/turret_control -DCMAKE_INSTALL_PREFIX=/home/alex/Desktop/2DOF-Turret/install/turret_control
[0.039s] -- The C compiler identification is GNU 11.4.0
[0.081s] -- The CXX compiler identification is GNU 11.4.0
[0.086s] -- Detecting C compiler ABI info
[0.127s] -- Detecting C compiler ABI info - done
[0.132s] -- Check for working C compiler: /usr/bin/cc - skipped
[0.132s] -- Detecting C compile features
[0.132s] -- Detecting C compile features - done
[0.134s] -- Detecting CXX compiler ABI info
[0.183s] -- Detecting CXX compiler ABI info - done
[0.188s] -- Check for working CXX compiler: /usr/bin/c++ - skipped
[0.188s] -- Detecting CXX compile features
[0.188s] -- Detecting CXX compile features - done
[0.189s] -- Found ament_cmake: 1.3.12 (/opt/ros/humble/share/ament_cmake/cmake)
[0.286s] -- Found Python3: /usr/bin/python3 (found version "3.10.12") found components: Interpreter 
[0.339s] -- Found rclcpp: 16.0.17 (/opt/ros/humble/share/rclcpp/cmake)
[0.361s] -- Found rosidl_generator_c: 3.1.7 (/opt/ros/humble/share/rosidl_generator_c/cmake)
[0.363s] -- Found rosidl_adapter: 3.1.7 (/opt/ros/humble/share/rosidl_adapter/cmake)
[0.368s] -- Found rosidl_generator_cpp: 3.1.7 (/opt/ros/humble/share/rosidl_generator_cpp/cmake)
[0.374s] -- Using all available rosidl_typesupport_c: rosidl_typesupport_fastrtps_c;rosidl_typesupport_introspection_c
[0.383s] -- Using all available rosidl_typesupport_cpp: rosidl_typesupport_fastrtps_cpp;rosidl_typesupport_introspection_cpp
[0.406s] -- Found rmw_implementation_cmake: 6.1.2 (/opt/ros/humble/share/rmw_implementation_cmake/cmake)
[0.407s] -- Found rmw_fastrtps_cpp: 6.2.9 (/opt/ros/humble/share/rmw_fastrtps_cpp/cmake)
[0.454s] -- Found OpenSSL: /usr/lib/x86_64-linux-gnu/libcrypto.so (found version "3.0.2")  
[0.470s] -- Found FastRTPS: /opt/ros/humble/include  
[0.492s] -- Using RMW implementation 'rmw_fastrtps_cpp' as default
[0.496s] -- Looking for pthread.h
[0.552s] -- Looking for pthread.h - found
[0.552s] -- Performing Test CMAKE_HAVE_LIBC_PTHREAD
[0.619s] -- Performing Test CMAKE_HAVE_LIBC_PTHREAD - Success
[0.620s] -- Found Threads: TRUE  
[0.647s] -- Found custom_msgs: 0.0.0 (/home/alex/Desktop/2DOF-Turret/install/custom_msgs/share/custom_msgs/cmake)
[0.652s] -- Found geometry_msgs: 4.9.0 (/opt/ros/humble/share/geometry_msgs/cmake)
[0.700s] -- Configuring done
[0.705s] -- Generating done
[0.708s] -- Build files have been written to: /home/alex/Desktop/2DOF-Turret/build/turret_control
[0.713s] Invoked command in '/home/alex/Desktop/2DOF-Turret/build/turret_control' returned '0': AMENT_PREFIX_PATH=/home/alex/Desktop/2DOF-Turret/install/custom_msgs:${AMENT_PREFIX_PATH} CMAKE_PREFIX_PATH=/home/alex/Desktop/2DOF-Turret/install/custom_msgs:/opt/ros/humble:/opt/ros/humble LD_LIBRARY_PATH=/home/alex/Desktop/2DOF-Turret/install/custom_msgs/lib:${LD_LIBRARY_PATH} PYTHONPATH=/home/alex/Desktop/2DOF-Turret/install/custom_msgs/local/lib/python3.10/dist-packages:${PYTHONPATH} /usr/bin/cmake /home/alex/Desktop/2DOF-Turret/2dof_ros2_ws/src/turret_control -DCMAKE_INSTALL_PREFIX=/home/alex/Desktop/2DOF-Turret/install/turret_control
[0.714s] Invoking command in '/home/alex/Desktop/2DOF-Turret/build/turret_control': AMENT_PREFIX_PATH=/home/alex/Desktop/2DOF-Turret/install/custom_msgs:${AMENT_PREFIX_PATH} CMAKE_PREFIX_PATH=/home/alex/Desktop/2DOF-Turret/install/custom_msgs:/opt/ros/humble:/opt/ros/humble LD_LIBRARY_PATH=/home/alex/Desktop/2DOF-Turret/install/custom_msgs/lib:${LD_LIBRARY_PATH} PYTHONPATH=/home/alex/Desktop/2DOF-Turret/install/custom_msgs/local/lib/python3.10/dist-packages:${PYTHONPATH} /usr/bin/cmake --build /home/alex/Desktop/2DOF-Turret/build/turret_control -- -j16 -l16
[0.739s] [35m[1mConsolidate compiler generated dependencies of target position_controller[0m
[0.752s] [ 25%] [32mBuilding CXX object CMakeFiles/position_controller.dir/src/Control.cpp.o[0m
[1.440s] [01m[K/home/alex/Desktop/2DOF-Turret/2dof_ros2_ws/src/turret_control/src/Control.cpp:[m[K In member function ‘[01m[KEigen::VectorXd& Observer::estimate(const VectorXd&, const VectorXd&)[m[K’:
[1.440s] [01m[K/home/alex/Desktop/2DOF-Turret/2dof_ros2_ws/src/turret_control/src/Control.cpp:13:18:[m[K [01;35m[Kwarning: [m[Kcomparison of integer expressions of different signedness: ‘[01m[KEigen::EigenBase<Eigen::Matrix<double, -1, 1> >::Index[m[K’ {aka ‘[01m[Klong int[m[K’} and ‘[01m[Ksize_t[m[K’ {aka ‘[01m[Klong unsigned int[m[K’} [[01;35m[K]8;;https://gcc.gnu.org/onlinedocs/gcc/Warning-Options.html#index-Wsign-compare-Wsign-compare]8;;[m[K]
[1.440s]    13 |     if ([01;35m[Ku.size() != ss.m[m[K || y.size() != ss.p)
[1.440s]       |         [01;35m[K~~~~~~~~~^~~~~~~[m[K
[1.440s] [01m[K/home/alex/Desktop/2DOF-Turret/2dof_ros2_ws/src/turret_control/src/Control.cpp:13:38:[m[K [01;35m[Kwarning: [m[Kcomparison of integer expressions of different signedness: ‘[01m[KEigen::EigenBase<Eigen::Matrix<double, -1, 1> >::Index[m[K’ {aka ‘[01m[Klong int[m[K’} and ‘[01m[Ksize_t[m[K’ {aka ‘[01m[Klong unsigned int[m[K’} [[01;35m[K]8;;https://gcc.gnu.org/onlinedocs/gcc/Warning-Options.html#index-Wsign-compare-Wsign-compare]8;;[m[K]
[1.440s]    13 |     if (u.size() != ss.m || [01;35m[Ky.size() != ss.p[m[K)
[1.440s]       |                             [01;35m[K~~~~~~~~~^~~~~~~[m[K
[1.563s] In file included from [01m[K/usr/include/c++/11/memory:76[m[K,
[1.564s]                  from [01m[K/home/alex/Desktop/2DOF-Turret/2dof_ros2_ws/src/turret_control/include/rapidjson/allocators.h:21[m[K,
[1.564s]                  from [01m[K/home/alex/Desktop/2DOF-Turret/2dof_ros2_ws/src/turret_control/include/rapidjson/reader.h:20[m[K,
[1.564s]                  from [01m[K/home/alex/Desktop/2DOF-Turret/2dof_ros2_ws/src/turret_control/include/rapidjson/document.h:20[m[K,
[1.564s]                  from [01m[K/home/alex/Desktop/2DOF-Turret/2dof_ros2_ws/src/turret_control/include/turret_control/JsonRead.h:5[m[K,
[1.564s]                  from [01m[K/home/alex/Desktop/2DOF-Turret/2dof_ros2_ws/src/turret_control/include/turret_control/Control.h:3[m[K,
[1.564s]                  from [01m[K/home/alex/Desktop/2DOF-Turret/2dof_ros2_ws/src/turret_control/src/Control.cpp:1[m[K:
[1.564s] /usr/include/c++/11/bits/unique_ptr.h: In instantiation of ‘[01m[Ktypename std::_MakeUniq<_Tp>::__single_object std::make_unique(_Args&& ...) [with _Tp = Observer; _Args = {StateSpace&, std::shared_ptr<jsonRead>&}; typename std::_MakeUniq<_Tp>::__single_object = std::unique_ptr<Observer>][m[K’:
[1.564s] [01m[K/home/alex/Desktop/2DOF-Turret/2dof_ros2_ws/src/turret_control/src/Control.cpp:33:42:[m[K   required from here
[1.564s] [01m[K/usr/include/c++/11/bits/unique_ptr.h:962:30:[m[K [01;31m[Kerror: [m[Kno matching function for call to ‘[01m[KObserver::Observer(StateSpace&, std::shared_ptr<jsonRead>&)[m[K’
[1.564s]   962 |     { return unique_ptr<_Tp>([01;31m[Knew _Tp(std::forward<_Args>(__args)...)[m[K); }
[1.564s]       |                              [01;31m[K^~~~~~~~~~~~~~~~~~~~~~~~~~~~~~~~~~~~~~~[m[K
[1.564s] [01m[K/home/alex/Desktop/2DOF-Turret/2dof_ros2_ws/src/turret_control/src/Control.cpp:3:1:[m[K [01;36m[Knote: [m[Kcandidate: ‘[01m[KObserver::Observer(std::shared_ptr<jsonRead>, StateSpace&)[m[K’
[1.564s]     3 | [01;36m[KObserver[m[K::Observer(std::shared_ptr<jsonRead> config, StateSpace &ss_ref) : configReader(config), ss(ss_ref)
[1.564s]       | [01;36m[K^~~~~~~~[m[K
[1.564s] [01m[K/home/alex/Desktop/2DOF-Turret/2dof_ros2_ws/src/turret_control/src/Control.cpp:3:46:[m[K [01;36m[Knote: [m[K  no known conversion for argument 1 from ‘[01m[KStateSpace[m[K’ to ‘[01m[Kstd::shared_ptr<jsonRead>[m[K’
[1.564s]     3 | Observer::Observer([01;36m[Kstd::shared_ptr<jsonRead> config[m[K, StateSpace &ss_ref) : configReader(config), ss(ss_ref)
[1.564s]       |                    [01;36m[K~~~~~~~~~~~~~~~~~~~~~~~~~~^~~~~~[m[K
[1.564s] In file included from [01m[K/home/alex/Desktop/2DOF-Turret/2dof_ros2_ws/src/turret_control/src/Control.cpp:1[m[K:
[1.564s] [01m[K/home/alex/Desktop/2DOF-Turret/2dof_ros2_ws/src/turret_control/include/turret_control/Control.h:68:7:[m[K [01;36m[Knote: [m[Kcandidate: ‘[01m[KObserver::Observer(const Observer&)[m[K’
[1.564s]    68 | class [01;36m[KObserver[m[K
[1.564s]       |       [01;36m[K^~~~~~~~[m[K
[1.564s] [01m[K/home/alex/Desktop/2DOF-Turret/2dof_ros2_ws/src/turret_control/include/turret_control/Control.h:68:7:[m[K [01;36m[Knote: [m[K  candidate expects 1 argument, 2 provided
[1.564s] [01m[K/home/alex/Desktop/2DOF-Turret/2dof_ros2_ws/src/turret_control/include/turret_control/Control.h:68:7:[m[K [01;36m[Knote: [m[Kcandidate: ‘[01m[KObserver::Observer(Observer&&)[m[K’
[1.564s] [01m[K/home/alex/Desktop/2DOF-Turret/2dof_ros2_ws/src/turret_control/include/turret_control/Control.h:68:7:[m[K [01;36m[Knote: [m[K  candidate expects 1 argument, 2 provided
[1.564s] In file included from [01m[K/usr/include/c++/11/memory:76[m[K,
[1.564s]                  from [01m[K/home/alex/Desktop/2DOF-Turret/2dof_ros2_ws/src/turret_control/include/rapidjson/allocators.h:21[m[K,
[1.564s]                  from [01m[K/home/alex/Desktop/2DOF-Turret/2dof_ros2_ws/src/turret_control/include/rapidjson/reader.h:20[m[K,
[1.564s]                  from [01m[K/home/alex/Desktop/2DOF-Turret/2dof_ros2_ws/src/turret_control/include/rapidjson/document.h:20[m[K,
[1.564s]                  from [01m[K/home/alex/Desktop/2DOF-Turret/2dof_ros2_ws/src/turret_control/include/turret_control/JsonRead.h:5[m[K,
[1.564s]                  from [01m[K/home/alex/Desktop/2DOF-Turret/2dof_ros2_ws/src/turret_control/include/turret_control/Control.h:3[m[K,
[1.564s]                  from [01m[K/home/alex/Desktop/2DOF-Turret/2dof_ros2_ws/src/turret_control/src/Control.cpp:1[m[K:
[1.565s] /usr/include/c++/11/bits/unique_ptr.h: In instantiation of ‘[01m[Ktypename std::_MakeUniq<_Tp>::__single_object std::make_unique(_Args&& ...) [with _Tp = LQR; _Args = {StateSpace&, std::shared_ptr<jsonRead>&}; typename std::_MakeUniq<_Tp>::__single_object = std::unique_ptr<LQR>][m[K’:
[1.565s] [01m[K/home/alex/Desktop/2DOF-Turret/2dof_ros2_ws/src/turret_control/src/Control.cpp:34:32:[m[K   required from here
[1.565s] [01m[K/usr/include/c++/11/bits/unique_ptr.h:962:30:[m[K [01;31m[Kerror: [m[Kno matching function for call to ‘[01m[KLQR::LQR(StateSpace&, std::shared_ptr<jsonRead>&)[m[K’
[1.565s]   962 |     { return unique_ptr<_Tp>([01;31m[Knew _Tp(std::forward<_Args>(__args)...)[m[K); }
[1.565s]       |                              [01;31m[K^~~~~~~~~~~~~~~~~~~~~~~~~~~~~~~~~~~~~~~[m[K
[1.565s] [01m[K/home/alex/Desktop/2DOF-Turret/2dof_ros2_ws/src/turret_control/src/Control.cpp:46:1:[m[K [01;36m[Knote: [m[Kcandidate: ‘[01m[KLQR::LQR(std::shared_ptr<jsonRead>, StateSpace&)[m[K’
[1.565s]    46 | [01;36m[KLQR[m[K::LQR(std::shared_ptr<jsonRead> config, StateSpace &ss_ref) : configReader(config), ss(ss_ref)
[1.565s]       | [01;36m[K^~~[m[K
[1.565s] [01m[K/home/alex/Desktop/2DOF-Turret/2dof_ros2_ws/src/turret_control/src/Control.cpp:46:36:[m[K [01;36m[Knote: [m[K  no known conversion for argument 1 from ‘[01m[KStateSpace[m[K’ to ‘[01m[Kstd::shared_ptr<jsonRead>[m[K’
[1.565s]    46 | LQR::LQR([01;36m[Kstd::shared_ptr<jsonRead> config[m[K, StateSpace &ss_ref) : configReader(config), ss(ss_ref)
[1.565s]       |          [01;36m[K~~~~~~~~~~~~~~~~~~~~~~~~~~^~~~~~[m[K
[1.565s] In file included from [01m[K/home/alex/Desktop/2DOF-Turret/2dof_ros2_ws/src/turret_control/src/Control.cpp:1[m[K:
[1.565s] [01m[K/home/alex/Desktop/2DOF-Turret/2dof_ros2_ws/src/turret_control/include/turret_control/Control.h:82:7:[m[K [01;36m[Knote: [m[Kcandidate: ‘[01m[KLQR::LQR(const LQR&)[m[K’
[1.565s]    82 | class [01;36m[KLQR[m[K
[1.565s]       |       [01;36m[K^~~[m[K
[1.565s] [01m[K/home/alex/Desktop/2DOF-Turret/2dof_ros2_ws/src/turret_control/include/turret_control/Control.h:82:7:[m[K [01;36m[Knote: [m[K  candidate expects 1 argument, 2 provided
[1.565s] [01m[K/home/alex/Desktop/2DOF-Turret/2dof_ros2_ws/src/turret_control/include/turret_control/Control.h:82:7:[m[K [01;36m[Knote: [m[Kcandidate: ‘[01m[KLQR::LQR(LQR&&)[m[K’
[1.565s] [01m[K/home/alex/Desktop/2DOF-Turret/2dof_ros2_ws/src/turret_control/include/turret_control/Control.h:82:7:[m[K [01;36m[Knote: [m[K  candidate expects 1 argument, 2 provided
[2.247s] gmake[2]: *** [CMakeFiles/position_controller.dir/build.make:104: CMakeFiles/position_controller.dir/src/Control.cpp.o] Error 1
[2.247s] gmake[1]: *** [CMakeFiles/Makefile2:137: CMakeFiles/position_controller.dir/all] Error 2
[2.247s] gmake: *** [Makefile:146: all] Error 2
[2.249s] Invoked command in '/home/alex/Desktop/2DOF-Turret/build/turret_control' returned '2': AMENT_PREFIX_PATH=/home/alex/Desktop/2DOF-Turret/install/custom_msgs:${AMENT_PREFIX_PATH} CMAKE_PREFIX_PATH=/home/alex/Desktop/2DOF-Turret/install/custom_msgs:/opt/ros/humble:/opt/ros/humble LD_LIBRARY_PATH=/home/alex/Desktop/2DOF-Turret/install/custom_msgs/lib:${LD_LIBRARY_PATH} PYTHONPATH=/home/alex/Desktop/2DOF-Turret/install/custom_msgs/local/lib/python3.10/dist-packages:${PYTHONPATH} /usr/bin/cmake --build /home/alex/Desktop/2DOF-Turret/build/turret_control -- -j16 -l16
