[0.006s] Invoking command in '/home/alex/Desktop/2DOF-Turret/build/turret_control': /usr/bin/cmake /home/alex/Desktop/2DOF-Turret/2dof_ros2_ws/src/turret_control -DCMAKE_INSTALL_PREFIX=/home/alex/Desktop/2DOF-Turret/install/turret_control
[0.037s] -- The C compiler identification is GNU 11.4.0
[0.070s] -- The CXX compiler identification is GNU 11.4.0
[0.074s] -- Detecting C compiler ABI info
[0.126s] -- Detecting C compiler ABI info - done
[0.130s] -- Check for working C compiler: /usr/bin/cc - skipped
[0.130s] -- Detecting C compile features
[0.130s] -- Detecting C compile features - done
[0.132s] -- Detecting CXX compiler ABI info
[0.180s] -- Detecting CXX compiler ABI info - done
[0.185s] -- Check for working CXX compiler: /usr/bin/c++ - skipped
[0.185s] -- Detecting CXX compile features
[0.185s] -- Detecting CXX compile features - done
[0.187s] -- Found ament_cmake: 1.3.12 (/opt/ros/humble/share/ament_cmake/cmake)
[0.282s] -- Found Python3: /usr/bin/python3 (found version "3.10.12") found components: Interpreter 
[0.334s] -- Found rclcpp: 16.0.17 (/opt/ros/humble/share/rclcpp/cmake)
[0.359s] -- Found rosidl_generator_c: 3.1.7 (/opt/ros/humble/share/rosidl_generator_c/cmake)
[0.362s] -- Found rosidl_adapter: 3.1.7 (/opt/ros/humble/share/rosidl_adapter/cmake)
[0.366s] -- Found rosidl_generator_cpp: 3.1.7 (/opt/ros/humble/share/rosidl_generator_cpp/cmake)
[0.373s] -- Using all available rosidl_typesupport_c: rosidl_typesupport_fastrtps_c;rosidl_typesupport_introspection_c
[0.381s] -- Using all available rosidl_typesupport_cpp: rosidl_typesupport_fastrtps_cpp;rosidl_typesupport_introspection_cpp
[0.405s] -- Found rmw_implementation_cmake: 6.1.2 (/opt/ros/humble/share/rmw_implementation_cmake/cmake)
[0.407s] -- Found rmw_fastrtps_cpp: 6.2.9 (/opt/ros/humble/share/rmw_fastrtps_cpp/cmake)
[0.453s] -- Found OpenSSL: /usr/lib/x86_64-linux-gnu/libcrypto.so (found version "3.0.2")  
[0.469s] -- Found FastRTPS: /opt/ros/humble/include  
[0.491s] -- Using RMW implementation 'rmw_fastrtps_cpp' as default
[0.495s] -- Looking for pthread.h
[0.539s] -- Looking for pthread.h - found
[0.539s] -- Performing Test CMAKE_HAVE_LIBC_PTHREAD
[0.601s] -- Performing Test CMAKE_HAVE_LIBC_PTHREAD - Success
[0.603s] -- Found Threads: TRUE  
[0.636s] -- Found custom_msgs: 0.0.0 (/home/alex/Desktop/2DOF-Turret/2dof_ros2_ws/install/custom_msgs/share/custom_msgs/cmake)
[0.642s] -- Found geometry_msgs: 4.9.0 (/opt/ros/humble/share/geometry_msgs/cmake)
[0.694s] -- Configuring done
[0.700s] -- Generating done
[0.702s] -- Build files have been written to: /home/alex/Desktop/2DOF-Turret/build/turret_control
[0.708s] Invoked command in '/home/alex/Desktop/2DOF-Turret/build/turret_control' returned '0': /usr/bin/cmake /home/alex/Desktop/2DOF-Turret/2dof_ros2_ws/src/turret_control -DCMAKE_INSTALL_PREFIX=/home/alex/Desktop/2DOF-Turret/install/turret_control
[0.709s] Invoking command in '/home/alex/Desktop/2DOF-Turret/build/turret_control': /usr/bin/cmake --build /home/alex/Desktop/2DOF-Turret/build/turret_control -- -j16 -l16
[0.734s] [35m[1mConsolidate compiler generated dependencies of target position_controller[0m
[0.748s] [ 50%] [32mBuilding CXX object CMakeFiles/position_controller.dir/src/Control.cpp.o[0m
[0.748s] [ 50%] [32mBuilding CXX object CMakeFiles/position_controller.dir/src/position_controller.cpp.o[0m
[0.863s] [01m[K/home/alex/Desktop/2DOF-Turret/2dof_ros2_ws/src/turret_control/src/Control.cpp:2:10:[m[K [01;31m[Kfatal error: [m[KControl.h: No such file or directory
[0.863s]     2 | #include [01;31m[K"Control.h"[m[K
[0.863s]       |          [01;31m[K^~~~~~~~~~~[m[K
[0.863s] compilation terminated.
[0.865s] gmake[2]: *** [CMakeFiles/position_controller.dir/build.make:104: CMakeFiles/position_controller.dir/src/Control.cpp.o] Error 1
[0.865s] gmake[2]: *** Waiting for unfinished jobs....
[2.578s] [01m[K/home/alex/Desktop/2DOF-Turret/2dof_ros2_ws/src/turret_control/src/position_controller.cpp:[m[K In function ‘[01m[Kint main(int, char**)[m[K’:
[2.578s] [01m[K/home/alex/Desktop/2DOF-Turret/2dof_ros2_ws/src/turret_control/src/position_controller.cpp:49:14:[m[K [01;35m[Kwarning: [m[Kunused parameter ‘[01m[Kargc[m[K’ [[01;35m[K]8;;https://gcc.gnu.org/onlinedocs/gcc/Warning-Options.html#index-Wunused-parameter-Wunused-parameter]8;;[m[K]
[2.578s]    49 | int main([01;35m[Kint argc[m[K, char **argv)
[2.578s]       |          [01;35m[K~~~~^~~~[m[K
[2.578s] [01m[K/home/alex/Desktop/2DOF-Turret/2dof_ros2_ws/src/turret_control/src/position_controller.cpp:49:27:[m[K [01;35m[Kwarning: [m[Kunused parameter ‘[01m[Kargv[m[K’ [[01;35m[K]8;;https://gcc.gnu.org/onlinedocs/gcc/Warning-Options.html#index-Wunused-parameter-Wunused-parameter]8;;[m[K]
[2.578s]    49 | int main(int argc, [01;35m[Kchar **argv[m[K)
[2.578s]       |                    [01;35m[K~~~~~~~^~~~[m[K
[3.931s] gmake[1]: *** [CMakeFiles/Makefile2:137: CMakeFiles/position_controller.dir/all] Error 2
[3.931s] gmake: *** [Makefile:146: all] Error 2
[3.932s] Invoked command in '/home/alex/Desktop/2DOF-Turret/build/turret_control' returned '2': /usr/bin/cmake --build /home/alex/Desktop/2DOF-Turret/build/turret_control -- -j16 -l16
