[0.006s] Invoking command in '/home/alex/Desktop/2DOF-Turret/2dof_ros2_ws/build/custom_msgs': /usr/bin/cmake --build /home/alex/Desktop/2DOF-Turret/2dof_ros2_ws/build/custom_msgs -- -j16 -l16
[0.034s] [  3%] Built target custom_msgs__cpp
[0.034s] [ 12%] Built target custom_msgs__rosidl_generator_c
[0.039s] [ 12%] Built target ament_cmake_python_symlink_custom_msgs
[0.046s] [ 22%] Built target custom_msgs__rosidl_typesupport_cpp
[0.046s] [ 32%] Built target custom_msgs__rosidl_typesupport_introspection_cpp
[0.046s] [ 41%] Built target custom_msgs__rosidl_typesupport_fastrtps_cpp
[0.052s] [ 51%] Built target custom_msgs__rosidl_typesupport_c
[0.053s] [ 61%] Built target custom_msgs__rosidl_typesupport_fastrtps_c
[0.054s] [ 70%] Built target custom_msgs__rosidl_typesupport_introspection_c
[0.065s] [ 70%] Built target custom_msgs
[0.076s] [ 74%] Built target custom_msgs__py
[0.090s] [ 80%] Built target custom_msgs__rosidl_generator_py
[0.103s] [100%] Built target custom_msgs__rosidl_typesupport_fastrtps_c__pyext
[0.103s] [100%] Built target custom_msgs__rosidl_typesupport_introspection_c__pyext
[0.103s] [100%] Built target custom_msgs__rosidl_typesupport_c__pyext
[0.191s] running egg_info
[0.191s] writing custom_msgs.egg-info/PKG-INFO
[0.191s] writing dependency_links to custom_msgs.egg-info/dependency_links.txt
[0.191s] writing top-level names to custom_msgs.egg-info/top_level.txt
[0.192s] reading manifest file 'custom_msgs.egg-info/SOURCES.txt'
[0.193s] writing manifest file 'custom_msgs.egg-info/SOURCES.txt'
[0.209s] [100%] Built target ament_cmake_python_build_custom_msgs_egg
[0.215s] Invoked command in '/home/alex/Desktop/2DOF-Turret/2dof_ros2_ws/build/custom_msgs' returned '0': /usr/bin/cmake --build /home/alex/Desktop/2DOF-Turret/2dof_ros2_ws/build/custom_msgs -- -j16 -l16
[0.221s] Invoking command in '/home/alex/Desktop/2DOF-Turret/2dof_ros2_ws/build/custom_msgs': /usr/bin/cmake --install /home/alex/Desktop/2DOF-Turret/2dof_ros2_ws/build/custom_msgs
[0.225s] -- Install configuration: ""
[0.225s] -- Execute custom install script
[0.225s] -- Up-to-date symlink: /home/alex/Desktop/2DOF-Turret/2dof_ros2_ws/install/custom_msgs/share/ament_index/resource_index/rosidl_interfaces/custom_msgs
[0.226s] -- Up-to-date symlink: /home/alex/Desktop/2DOF-Turret/2dof_ros2_ws/install/custom_msgs/include/custom_msgs/custom_msgs/msg/detail/turret_cmd__functions.h
[0.226s] -- Up-to-date symlink: /home/alex/Desktop/2DOF-Turret/2dof_ros2_ws/install/custom_msgs/include/custom_msgs/custom_msgs/msg/detail/turret_cmd__struct.h
[0.226s] -- Up-to-date symlink: /home/alex/Desktop/2DOF-Turret/2dof_ros2_ws/install/custom_msgs/include/custom_msgs/custom_msgs/msg/detail/turret_cmd__type_support.h
[0.226s] -- Up-to-date symlink: /home/alex/Desktop/2DOF-Turret/2dof_ros2_ws/install/custom_msgs/include/custom_msgs/custom_msgs/msg/rosidl_generator_c__visibility_control.h
[0.226s] -- Up-to-date symlink: /home/alex/Desktop/2DOF-Turret/2dof_ros2_ws/install/custom_msgs/include/custom_msgs/custom_msgs/msg/turret_cmd.h
[0.226s] -- Up-to-date symlink: /home/alex/Desktop/2DOF-Turret/2dof_ros2_ws/install/custom_msgs/share/custom_msgs/environment/library_path.sh
[0.226s] -- Up-to-date symlink: /home/alex/Desktop/2DOF-Turret/2dof_ros2_ws/install/custom_msgs/share/custom_msgs/environment/library_path.dsv
[0.226s] -- Up-to-date symlink: /home/alex/Desktop/2DOF-Turret/2dof_ros2_ws/install/custom_msgs/include/custom_msgs/custom_msgs/msg/detail/turret_cmd__rosidl_typesupport_fastrtps_c.h
[0.226s] -- Up-to-date symlink: /home/alex/Desktop/2DOF-Turret/2dof_ros2_ws/install/custom_msgs/include/custom_msgs/custom_msgs/msg/rosidl_typesupport_fastrtps_c__visibility_control.h
[0.227s] -- Up-to-date symlink: /home/alex/Desktop/2DOF-Turret/2dof_ros2_ws/install/custom_msgs/include/custom_msgs/custom_msgs/msg/detail/turret_cmd__rosidl_typesupport_introspection_c.h
[0.227s] -- Up-to-date symlink: /home/alex/Desktop/2DOF-Turret/2dof_ros2_ws/install/custom_msgs/include/custom_msgs/custom_msgs/msg/rosidl_typesupport_introspection_c__visibility_control.h
[0.227s] -- Up-to-date symlink: /home/alex/Desktop/2DOF-Turret/2dof_ros2_ws/install/custom_msgs/include/custom_msgs/custom_msgs/msg/detail/turret_cmd__builder.hpp
[0.227s] -- Up-to-date symlink: /home/alex/Desktop/2DOF-Turret/2dof_ros2_ws/install/custom_msgs/include/custom_msgs/custom_msgs/msg/detail/turret_cmd__struct.hpp
[0.227s] -- Up-to-date symlink: /home/alex/Desktop/2DOF-Turret/2dof_ros2_ws/install/custom_msgs/include/custom_msgs/custom_msgs/msg/detail/turret_cmd__traits.hpp
[0.227s] -- Up-to-date symlink: /home/alex/Desktop/2DOF-Turret/2dof_ros2_ws/install/custom_msgs/include/custom_msgs/custom_msgs/msg/detail/turret_cmd__type_support.hpp
[0.227s] -- Up-to-date symlink: /home/alex/Desktop/2DOF-Turret/2dof_ros2_ws/install/custom_msgs/include/custom_msgs/custom_msgs/msg/rosidl_generator_cpp__visibility_control.hpp
[0.227s] -- Up-to-date symlink: /home/alex/Desktop/2DOF-Turret/2dof_ros2_ws/install/custom_msgs/include/custom_msgs/custom_msgs/msg/turret_cmd.hpp
[0.227s] -- Up-to-date symlink: /home/alex/Desktop/2DOF-Turret/2dof_ros2_ws/install/custom_msgs/include/custom_msgs/custom_msgs/msg/detail/turret_cmd__rosidl_typesupport_fastrtps_cpp.hpp
[0.227s] -- Up-to-date symlink: /home/alex/Desktop/2DOF-Turret/2dof_ros2_ws/install/custom_msgs/include/custom_msgs/custom_msgs/msg/rosidl_typesupport_fastrtps_cpp__visibility_control.h
[0.228s] -- Up-to-date symlink: /home/alex/Desktop/2DOF-Turret/2dof_ros2_ws/install/custom_msgs/include/custom_msgs/custom_msgs/msg/detail/turret_cmd__rosidl_typesupport_introspection_cpp.hpp
[0.228s] -- Up-to-date symlink: /home/alex/Desktop/2DOF-Turret/2dof_ros2_ws/install/custom_msgs/share/custom_msgs/environment/pythonpath.sh
[0.228s] -- Up-to-date symlink: /home/alex/Desktop/2DOF-Turret/2dof_ros2_ws/install/custom_msgs/share/custom_msgs/environment/pythonpath.dsv
[0.228s] -- Up-to-date symlink: /home/alex/Desktop/2DOF-Turret/2dof_ros2_ws/install/custom_msgs/local/lib/python3.10/dist-packages/custom_msgs-0.0.0-py3.10.egg-info/PKG-INFO
[0.228s] -- Up-to-date symlink: /home/alex/Desktop/2DOF-Turret/2dof_ros2_ws/install/custom_msgs/local/lib/python3.10/dist-packages/custom_msgs-0.0.0-py3.10.egg-info/SOURCES.txt
[0.228s] -- Up-to-date symlink: /home/alex/Desktop/2DOF-Turret/2dof_ros2_ws/install/custom_msgs/local/lib/python3.10/dist-packages/custom_msgs-0.0.0-py3.10.egg-info/dependency_links.txt
[0.228s] -- Up-to-date symlink: /home/alex/Desktop/2DOF-Turret/2dof_ros2_ws/install/custom_msgs/local/lib/python3.10/dist-packages/custom_msgs-0.0.0-py3.10.egg-info/top_level.txt
[0.228s] -- Up-to-date symlink: /home/alex/Desktop/2DOF-Turret/2dof_ros2_ws/install/custom_msgs/local/lib/python3.10/dist-packages/custom_msgs/__init__.py
[0.228s] -- Up-to-date symlink: /home/alex/Desktop/2DOF-Turret/2dof_ros2_ws/install/custom_msgs/local/lib/python3.10/dist-packages/custom_msgs/_custom_msgs_s.ep.rosidl_typesupport_c.c
[0.229s] -- Up-to-date symlink: /home/alex/Desktop/2DOF-Turret/2dof_ros2_ws/install/custom_msgs/local/lib/python3.10/dist-packages/custom_msgs/_custom_msgs_s.ep.rosidl_typesupport_fastrtps_c.c
[0.229s] -- Up-to-date symlink: /home/alex/Desktop/2DOF-Turret/2dof_ros2_ws/install/custom_msgs/local/lib/python3.10/dist-packages/custom_msgs/_custom_msgs_s.ep.rosidl_typesupport_introspection_c.c
[0.229s] -- Up-to-date symlink: /home/alex/Desktop/2DOF-Turret/2dof_ros2_ws/install/custom_msgs/local/lib/python3.10/dist-packages/custom_msgs/custom_msgs_s__rosidl_typesupport_c.cpython-310-x86_64-linux-gnu.so
[0.229s] -- Up-to-date symlink: /home/alex/Desktop/2DOF-Turret/2dof_ros2_ws/install/custom_msgs/local/lib/python3.10/dist-packages/custom_msgs/custom_msgs_s__rosidl_typesupport_fastrtps_c.cpython-310-x86_64-linux-gnu.so
[0.229s] -- Up-to-date symlink: /home/alex/Desktop/2DOF-Turret/2dof_ros2_ws/install/custom_msgs/local/lib/python3.10/dist-packages/custom_msgs/custom_msgs_s__rosidl_typesupport_introspection_c.cpython-310-x86_64-linux-gnu.so
[0.229s] -- Up-to-date symlink: /home/alex/Desktop/2DOF-Turret/2dof_ros2_ws/install/custom_msgs/local/lib/python3.10/dist-packages/custom_msgs/libcustom_msgs__rosidl_generator_py.so
[0.229s] -- Up-to-date symlink: /home/alex/Desktop/2DOF-Turret/2dof_ros2_ws/install/custom_msgs/local/lib/python3.10/dist-packages/custom_msgs/msg/__init__.py
[0.229s] -- Up-to-date symlink: /home/alex/Desktop/2DOF-Turret/2dof_ros2_ws/install/custom_msgs/local/lib/python3.10/dist-packages/custom_msgs/msg/_turret_cmd.py
[0.229s] -- Up-to-date symlink: /home/alex/Desktop/2DOF-Turret/2dof_ros2_ws/install/custom_msgs/local/lib/python3.10/dist-packages/custom_msgs/msg/_turret_cmd_s.c
[0.229s] -- Up-to-date symlink: /home/alex/Desktop/2DOF-Turret/2dof_ros2_ws/install/custom_msgs/local/lib/python3.10/dist-packages/custom_msgs/custom_msgs_s__rosidl_typesupport_fastrtps_c.cpython-310-x86_64-linux-gnu.so
[0.229s] -- Up-to-date symlink: /home/alex/Desktop/2DOF-Turret/2dof_ros2_ws/install/custom_msgs/local/lib/python3.10/dist-packages/custom_msgs/custom_msgs_s__rosidl_typesupport_introspection_c.cpython-310-x86_64-linux-gnu.so
[0.229s] -- Up-to-date symlink: /home/alex/Desktop/2DOF-Turret/2dof_ros2_ws/install/custom_msgs/local/lib/python3.10/dist-packages/custom_msgs/custom_msgs_s__rosidl_typesupport_c.cpython-310-x86_64-linux-gnu.so
[0.229s] -- Up-to-date symlink: /home/alex/Desktop/2DOF-Turret/2dof_ros2_ws/install/custom_msgs/share/custom_msgs/msg/TurretCmd.idl
[0.230s] -- Up-to-date symlink: /home/alex/Desktop/2DOF-Turret/2dof_ros2_ws/install/custom_msgs/share/custom_msgs/msg/TurretCmd.msg
[0.230s] -- Up-to-date symlink: /home/alex/Desktop/2DOF-Turret/2dof_ros2_ws/install/custom_msgs/share/ament_index/resource_index/package_run_dependencies/custom_msgs
[0.230s] -- Up-to-date symlink: /home/alex/Desktop/2DOF-Turret/2dof_ros2_ws/install/custom_msgs/share/ament_index/resource_index/parent_prefix_path/custom_msgs
[0.230s] -- Up-to-date symlink: /home/alex/Desktop/2DOF-Turret/2dof_ros2_ws/install/custom_msgs/share/custom_msgs/environment/ament_prefix_path.sh
[0.230s] -- Up-to-date symlink: /home/alex/Desktop/2DOF-Turret/2dof_ros2_ws/install/custom_msgs/share/custom_msgs/environment/ament_prefix_path.dsv
[0.230s] -- Up-to-date symlink: /home/alex/Desktop/2DOF-Turret/2dof_ros2_ws/install/custom_msgs/share/custom_msgs/environment/path.sh
[0.230s] -- Up-to-date symlink: /home/alex/Desktop/2DOF-Turret/2dof_ros2_ws/install/custom_msgs/share/custom_msgs/environment/path.dsv
[0.230s] -- Up-to-date symlink: /home/alex/Desktop/2DOF-Turret/2dof_ros2_ws/install/custom_msgs/share/custom_msgs/local_setup.bash
[0.230s] -- Up-to-date symlink: /home/alex/Desktop/2DOF-Turret/2dof_ros2_ws/install/custom_msgs/share/custom_msgs/local_setup.sh
[0.230s] -- Up-to-date symlink: /home/alex/Desktop/2DOF-Turret/2dof_ros2_ws/install/custom_msgs/share/custom_msgs/local_setup.zsh
[0.230s] -- Up-to-date symlink: /home/alex/Desktop/2DOF-Turret/2dof_ros2_ws/install/custom_msgs/share/custom_msgs/local_setup.dsv
[0.230s] -- Symlinking: /home/alex/Desktop/2DOF-Turret/2dof_ros2_ws/install/custom_msgs/share/custom_msgs/package.dsv
[0.236s] -- Up-to-date symlink: /home/alex/Desktop/2DOF-Turret/2dof_ros2_ws/install/custom_msgs/share/ament_index/resource_index/packages/custom_msgs
[0.236s] -- Up-to-date symlink: /home/alex/Desktop/2DOF-Turret/2dof_ros2_ws/install/custom_msgs/share/custom_msgs/cmake/rosidl_cmake-extras.cmake
[0.236s] -- Up-to-date symlink: /home/alex/Desktop/2DOF-Turret/2dof_ros2_ws/install/custom_msgs/share/custom_msgs/cmake/ament_cmake_export_include_directories-extras.cmake
[0.236s] -- Up-to-date symlink: /home/alex/Desktop/2DOF-Turret/2dof_ros2_ws/install/custom_msgs/share/custom_msgs/cmake/ament_cmake_export_libraries-extras.cmake
[0.236s] -- Up-to-date symlink: /home/alex/Desktop/2DOF-Turret/2dof_ros2_ws/install/custom_msgs/share/custom_msgs/cmake/ament_cmake_export_targets-extras.cmake
[0.236s] -- Up-to-date symlink: /home/alex/Desktop/2DOF-Turret/2dof_ros2_ws/install/custom_msgs/share/custom_msgs/cmake/rosidl_cmake_export_typesupport_targets-extras.cmake
[0.236s] -- Up-to-date symlink: /home/alex/Desktop/2DOF-Turret/2dof_ros2_ws/install/custom_msgs/share/custom_msgs/cmake/ament_cmake_export_dependencies-extras.cmake
[0.236s] -- Up-to-date symlink: /home/alex/Desktop/2DOF-Turret/2dof_ros2_ws/install/custom_msgs/share/custom_msgs/cmake/rosidl_cmake_export_typesupport_libraries-extras.cmake
[0.236s] -- Up-to-date symlink: /home/alex/Desktop/2DOF-Turret/2dof_ros2_ws/install/custom_msgs/share/custom_msgs/cmake/custom_msgsConfig.cmake
[0.237s] -- Up-to-date symlink: /home/alex/Desktop/2DOF-Turret/2dof_ros2_ws/install/custom_msgs/share/custom_msgs/cmake/custom_msgsConfig-version.cmake
[0.237s] -- Up-to-date symlink: /home/alex/Desktop/2DOF-Turret/2dof_ros2_ws/install/custom_msgs/share/custom_msgs/package.xml
[0.237s] -- Up-to-date: /home/alex/Desktop/2DOF-Turret/2dof_ros2_ws/install/custom_msgs/lib/libcustom_msgs__rosidl_generator_c.so
[0.237s] -- Up-to-date: /home/alex/Desktop/2DOF-Turret/2dof_ros2_ws/install/custom_msgs/lib/libcustom_msgs__rosidl_typesupport_fastrtps_c.so
[0.237s] -- Up-to-date: /home/alex/Desktop/2DOF-Turret/2dof_ros2_ws/install/custom_msgs/lib/libcustom_msgs__rosidl_typesupport_introspection_c.so
[0.237s] -- Up-to-date: /home/alex/Desktop/2DOF-Turret/2dof_ros2_ws/install/custom_msgs/lib/libcustom_msgs__rosidl_typesupport_c.so
[0.237s] -- Up-to-date: /home/alex/Desktop/2DOF-Turret/2dof_ros2_ws/install/custom_msgs/lib/libcustom_msgs__rosidl_typesupport_fastrtps_cpp.so
[0.237s] -- Up-to-date: /home/alex/Desktop/2DOF-Turret/2dof_ros2_ws/install/custom_msgs/lib/libcustom_msgs__rosidl_typesupport_introspection_cpp.so
[0.238s] -- Up-to-date: /home/alex/Desktop/2DOF-Turret/2dof_ros2_ws/install/custom_msgs/lib/libcustom_msgs__rosidl_typesupport_cpp.so
[0.257s] Listing '/home/alex/Desktop/2DOF-Turret/2dof_ros2_ws/install/custom_msgs/local/lib/python3.10/dist-packages/custom_msgs'...
[0.257s] Listing '/home/alex/Desktop/2DOF-Turret/2dof_ros2_ws/install/custom_msgs/local/lib/python3.10/dist-packages/custom_msgs/msg'...
[0.260s] -- Up-to-date: /home/alex/Desktop/2DOF-Turret/2dof_ros2_ws/install/custom_msgs/lib/libcustom_msgs__rosidl_generator_py.so
[0.260s] -- Up-to-date: /home/alex/Desktop/2DOF-Turret/2dof_ros2_ws/install/custom_msgs/share/custom_msgs/cmake/export_custom_msgs__rosidl_generator_cExport.cmake
[0.260s] -- Up-to-date: /home/alex/Desktop/2DOF-Turret/2dof_ros2_ws/install/custom_msgs/share/custom_msgs/cmake/export_custom_msgs__rosidl_generator_cExport-noconfig.cmake
[0.260s] -- Up-to-date: /home/alex/Desktop/2DOF-Turret/2dof_ros2_ws/install/custom_msgs/share/custom_msgs/cmake/export_custom_msgs__rosidl_typesupport_fastrtps_cExport.cmake
[0.261s] -- Up-to-date: /home/alex/Desktop/2DOF-Turret/2dof_ros2_ws/install/custom_msgs/share/custom_msgs/cmake/export_custom_msgs__rosidl_typesupport_fastrtps_cExport-noconfig.cmake
[0.261s] -- Up-to-date: /home/alex/Desktop/2DOF-Turret/2dof_ros2_ws/install/custom_msgs/share/custom_msgs/cmake/custom_msgs__rosidl_typesupport_introspection_cExport.cmake
[0.261s] -- Up-to-date: /home/alex/Desktop/2DOF-Turret/2dof_ros2_ws/install/custom_msgs/share/custom_msgs/cmake/custom_msgs__rosidl_typesupport_introspection_cExport-noconfig.cmake
[0.261s] -- Up-to-date: /home/alex/Desktop/2DOF-Turret/2dof_ros2_ws/install/custom_msgs/share/custom_msgs/cmake/custom_msgs__rosidl_typesupport_cExport.cmake
[0.261s] -- Up-to-date: /home/alex/Desktop/2DOF-Turret/2dof_ros2_ws/install/custom_msgs/share/custom_msgs/cmake/custom_msgs__rosidl_typesupport_cExport-noconfig.cmake
[0.261s] -- Up-to-date: /home/alex/Desktop/2DOF-Turret/2dof_ros2_ws/install/custom_msgs/share/custom_msgs/cmake/export_custom_msgs__rosidl_generator_cppExport.cmake
[0.261s] -- Up-to-date: /home/alex/Desktop/2DOF-Turret/2dof_ros2_ws/install/custom_msgs/share/custom_msgs/cmake/export_custom_msgs__rosidl_typesupport_fastrtps_cppExport.cmake
[0.261s] -- Up-to-date: /home/alex/Desktop/2DOF-Turret/2dof_ros2_ws/install/custom_msgs/share/custom_msgs/cmake/export_custom_msgs__rosidl_typesupport_fastrtps_cppExport-noconfig.cmake
[0.261s] -- Up-to-date: /home/alex/Desktop/2DOF-Turret/2dof_ros2_ws/install/custom_msgs/share/custom_msgs/cmake/custom_msgs__rosidl_typesupport_introspection_cppExport.cmake
[0.261s] -- Up-to-date: /home/alex/Desktop/2DOF-Turret/2dof_ros2_ws/install/custom_msgs/share/custom_msgs/cmake/custom_msgs__rosidl_typesupport_introspection_cppExport-noconfig.cmake
[0.261s] -- Up-to-date: /home/alex/Desktop/2DOF-Turret/2dof_ros2_ws/install/custom_msgs/share/custom_msgs/cmake/custom_msgs__rosidl_typesupport_cppExport.cmake
[0.261s] -- Up-to-date: /home/alex/Desktop/2DOF-Turret/2dof_ros2_ws/install/custom_msgs/share/custom_msgs/cmake/custom_msgs__rosidl_typesupport_cppExport-noconfig.cmake
[0.261s] -- Up-to-date: /home/alex/Desktop/2DOF-Turret/2dof_ros2_ws/install/custom_msgs/share/custom_msgs/cmake/export_custom_msgs__rosidl_generator_pyExport.cmake
[0.261s] -- Up-to-date: /home/alex/Desktop/2DOF-Turret/2dof_ros2_ws/install/custom_msgs/share/custom_msgs/cmake/export_custom_msgs__rosidl_generator_pyExport-noconfig.cmake
[0.262s] Invoked command in '/home/alex/Desktop/2DOF-Turret/2dof_ros2_ws/build/custom_msgs' returned '0': /usr/bin/cmake --install /home/alex/Desktop/2DOF-Turret/2dof_ros2_ws/build/custom_msgs
