[0.005s] Invoking command in '/home/alex/Desktop/2DOF-Turret/2dof_ros2_ws/build/custom_msgs': /usr/bin/cmake /home/alex/Desktop/2DOF-Turret/2dof_ros2_ws/src/custom_msgs -DAMENT_CMAKE_SYMLINK_INSTALL=1 -DCMAKE_INSTALL_PREFIX=/home/alex/Desktop/2DOF-Turret/2dof_ros2_ws/install/custom_msgs
[0.035s] -- The C compiler identification is GNU 11.4.0
[0.065s] -- The CXX compiler identification is GNU 11.4.0
[0.069s] -- Detecting C compiler ABI info
[0.108s] -- Detecting C compiler ABI info - done
[0.113s] -- Check for working C compiler: /usr/bin/cc - skipped
[0.113s] -- Detecting C compile features
[0.114s] -- Detecting C compile features - done
[0.115s] -- Detecting CXX compiler ABI info
[0.162s] -- Detecting CXX compiler ABI info - done
[0.167s] -- Check for working CXX compiler: /usr/bin/c++ - skipped
[0.167s] -- Detecting CXX compile features
[0.167s] -- Detecting CXX compile features - done
[0.169s] -- Found ament_cmake: 1.3.12 (/opt/ros/humble/share/ament_cmake/cmake)
[0.264s] -- Found Python3: /usr/bin/python3 (found version "3.10.12") found components: Interpreter 
[0.304s] -- Override CMake install command with custom implementation using symlinks instead of copying resources
[0.318s] -- Found rosidl_default_generators: 1.2.0 (/opt/ros/humble/share/rosidl_default_generators/cmake)
[0.319s] -- Using all available rosidl_typesupport_c: rosidl_typesupport_fastrtps_c;rosidl_typesupport_introspection_c
[0.323s] -- Found rosidl_adapter: 3.1.7 (/opt/ros/humble/share/rosidl_adapter/cmake)
[0.344s] -- Using all available rosidl_typesupport_cpp: rosidl_typesupport_fastrtps_cpp;rosidl_typesupport_introspection_cpp
[0.513s] -- Found ament_cmake_ros: 0.10.0 (/opt/ros/humble/share/ament_cmake_ros/cmake)
[0.629s] -- Using all available rosidl_typesupport_c: rosidl_typesupport_fastrtps_c;rosidl_typesupport_introspection_c
[0.779s] -- Using all available rosidl_typesupport_cpp: rosidl_typesupport_fastrtps_cpp;rosidl_typesupport_introspection_cpp
[0.794s] -- Found PythonInterp: /usr/bin/python3 (found suitable version "3.10.12", minimum required is "3.6") 
[0.796s] -- Found python_cmake_module: 0.10.0 (/opt/ros/humble/share/python_cmake_module/cmake)
[0.814s] -- Found PythonLibs: /usr/lib/x86_64-linux-gnu/libpython3.10.so (found suitable version "3.10.12", minimum required is "3.5") 
[0.814s] -- Using PYTHON_EXECUTABLE: /usr/bin/python3
[0.814s] -- Using PYTHON_INCLUDE_DIRS: /usr/include/python3.10
[0.814s] -- Using PYTHON_LIBRARIES: /usr/lib/x86_64-linux-gnu/libpython3.10.so
[0.828s] -- Found PythonExtra: .so  
[0.857s] -- Configuring done
[0.872s] -- Generating done
[0.878s] -- Build files have been written to: /home/alex/Desktop/2DOF-Turret/2dof_ros2_ws/build/custom_msgs
[0.882s] Invoked command in '/home/alex/Desktop/2DOF-Turret/2dof_ros2_ws/build/custom_msgs' returned '0': /usr/bin/cmake /home/alex/Desktop/2DOF-Turret/2dof_ros2_ws/src/custom_msgs -DAMENT_CMAKE_SYMLINK_INSTALL=1 -DCMAKE_INSTALL_PREFIX=/home/alex/Desktop/2DOF-Turret/2dof_ros2_ws/install/custom_msgs
[0.883s] Invoking command in '/home/alex/Desktop/2DOF-Turret/2dof_ros2_ws/build/custom_msgs': /usr/bin/cmake --build /home/alex/Desktop/2DOF-Turret/2dof_ros2_ws/build/custom_msgs -- -j16 -l16
[0.905s] [  3%] [34m[1mGenerating C code for ROS interfaces[0m
[0.910s] [  6%] [34m[1mGenerating C++ code for ROS interfaces[0m
[0.915s] [  6%] Built target ament_cmake_python_symlink_custom_msgs
[1.072s] running egg_info
[1.072s] creating custom_msgs.egg-info
[1.072s] writing custom_msgs.egg-info/PKG-INFO
[1.072s] writing dependency_links to custom_msgs.egg-info/dependency_links.txt
[1.072s] writing top-level names to custom_msgs.egg-info/top_level.txt
[1.073s] writing manifest file 'custom_msgs.egg-info/SOURCES.txt'
[1.075s] reading manifest file 'custom_msgs.egg-info/SOURCES.txt'
[1.076s] writing manifest file 'custom_msgs.egg-info/SOURCES.txt'
[1.087s] [  6%] Built target custom_msgs__cpp
[1.093s] [  9%] [32mBuilding C object CMakeFiles/custom_msgs__rosidl_generator_c.dir/rosidl_generator_c/custom_msgs/msg/detail/turret_cmd__functions.c.o[0m
[1.093s] [ 16%] [34m[1mGenerating C++ type support for eProsima Fast-RTPS[0m
[1.093s] [ 16%] [34m[1mGenerating C++ type support dispatch for ROS interfaces[0m
[1.093s] [ 19%] [34m[1mGenerating C++ introspection for ROS interfaces[0m
[1.098s] [ 19%] Built target ament_cmake_python_build_custom_msgs_egg
[1.144s] [ 22%] [32m[1mLinking C shared library libcustom_msgs__rosidl_generator_c.so[0m
[1.166s] [ 22%] Built target custom_msgs__rosidl_generator_c
[1.172s] [ 32%] [34m[1mGenerating C introspection for ROS interfaces[0m
[1.172s] [ 32%] [34m[1mGenerating C type support for eProsima Fast-RTPS[0m
[1.172s] [ 32%] [34m[1mGenerating C type support dispatch for ROS interfaces[0m
[1.247s] [ 35%] [32mBuilding CXX object CMakeFiles/custom_msgs__rosidl_typesupport_cpp.dir/rosidl_typesupport_cpp/custom_msgs/msg/turret_cmd__type_support.cpp.o[0m
[1.262s] [ 38%] [32mBuilding CXX object CMakeFiles/custom_msgs__rosidl_typesupport_introspection_cpp.dir/rosidl_typesupport_introspection_cpp/custom_msgs/msg/detail/turret_cmd__type_support.cpp.o[0m
[1.267s] [ 41%] [32mBuilding CXX object CMakeFiles/custom_msgs__rosidl_typesupport_fastrtps_cpp.dir/rosidl_typesupport_fastrtps_cpp/custom_msgs/msg/detail/dds_fastrtps/turret_cmd__type_support.cpp.o[0m
[1.322s] [ 45%] [32mBuilding CXX object CMakeFiles/custom_msgs__rosidl_typesupport_c.dir/rosidl_typesupport_c/custom_msgs/msg/turret_cmd__type_support.cpp.o[0m
[1.337s] [ 51%] [32mBuilding C object CMakeFiles/custom_msgs__rosidl_typesupport_introspection_c.dir/rosidl_typesupport_introspection_c/custom_msgs/msg/detail/turret_cmd__type_support.c.o[0m
[1.337s] [ 51%] [32mBuilding CXX object CMakeFiles/custom_msgs__rosidl_typesupport_fastrtps_c.dir/rosidl_typesupport_fastrtps_c/custom_msgs/msg/detail/turret_cmd__type_support_c.cpp.o[0m
[1.340s] [ 54%] [32m[1mLinking CXX shared library libcustom_msgs__rosidl_typesupport_c.so[0m
[1.363s] [ 58%] [32m[1mLinking C shared library libcustom_msgs__rosidl_typesupport_introspection_c.so[0m
[1.365s] [ 58%] Built target custom_msgs__rosidl_typesupport_c
[1.382s] [ 58%] Built target custom_msgs__rosidl_typesupport_introspection_c
[1.421s] [ 61%] [32m[1mLinking CXX shared library libcustom_msgs__rosidl_typesupport_cpp.so[0m
[1.446s] [ 61%] Built target custom_msgs__rosidl_typesupport_cpp
[1.499s] [ 64%] [32m[1mLinking CXX shared library libcustom_msgs__rosidl_typesupport_introspection_cpp.so[0m
[1.519s] [ 67%] [32m[1mLinking CXX shared library libcustom_msgs__rosidl_typesupport_fastrtps_cpp.so[0m
[1.523s] [ 67%] Built target custom_msgs__rosidl_typesupport_introspection_cpp
[1.547s] [ 70%] [32m[1mLinking CXX shared library libcustom_msgs__rosidl_typesupport_fastrtps_c.so[0m
[1.567s] [ 70%] Built target custom_msgs__rosidl_typesupport_fastrtps_cpp
[1.597s] [ 70%] Built target custom_msgs__rosidl_typesupport_fastrtps_c
[1.609s] [ 70%] Built target custom_msgs
[1.620s] [ 74%] [34m[1mGenerating Python code for ROS interfaces[0m
[1.802s] [ 74%] Built target custom_msgs__py
[1.814s] [ 77%] [32mBuilding C object CMakeFiles/custom_msgs__rosidl_generator_py.dir/rosidl_generator_py/custom_msgs/msg/_turret_cmd_s.c.o[0m
[1.909s] [ 80%] [32m[1mLinking C shared library rosidl_generator_py/custom_msgs/libcustom_msgs__rosidl_generator_py.so[0m
[1.932s] [ 80%] Built target custom_msgs__rosidl_generator_py
[1.945s] [ 90%] [32mBuilding C object CMakeFiles/custom_msgs__rosidl_typesupport_introspection_c__pyext.dir/rosidl_generator_py/custom_msgs/_custom_msgs_s.ep.rosidl_typesupport_introspection_c.c.o[0m
[1.945s] [ 90%] [32mBuilding C object CMakeFiles/custom_msgs__rosidl_typesupport_fastrtps_c__pyext.dir/rosidl_generator_py/custom_msgs/_custom_msgs_s.ep.rosidl_typesupport_fastrtps_c.c.o[0m
[1.945s] [ 90%] [32mBuilding C object CMakeFiles/custom_msgs__rosidl_typesupport_c__pyext.dir/rosidl_generator_py/custom_msgs/_custom_msgs_s.ep.rosidl_typesupport_c.c.o[0m
[2.000s] [100%] [32m[1mLinking C shared library rosidl_generator_py/custom_msgs/custom_msgs_s__rosidl_typesupport_introspection_c.cpython-310-x86_64-linux-gnu.so[0m
[2.000s] [100%] [32m[1mLinking C shared library rosidl_generator_py/custom_msgs/custom_msgs_s__rosidl_typesupport_fastrtps_c.cpython-310-x86_64-linux-gnu.so[0m
[2.000s] [100%] [32m[1mLinking C shared library rosidl_generator_py/custom_msgs/custom_msgs_s__rosidl_typesupport_c.cpython-310-x86_64-linux-gnu.so[0m
[2.020s] [100%] Built target custom_msgs__rosidl_typesupport_introspection_c__pyext
[2.020s] [100%] Built target custom_msgs__rosidl_typesupport_c__pyext
[2.020s] [100%] Built target custom_msgs__rosidl_typesupport_fastrtps_c__pyext
[2.027s] Invoked command in '/home/alex/Desktop/2DOF-Turret/2dof_ros2_ws/build/custom_msgs' returned '0': /usr/bin/cmake --build /home/alex/Desktop/2DOF-Turret/2dof_ros2_ws/build/custom_msgs -- -j16 -l16
[2.033s] Invoking command in '/home/alex/Desktop/2DOF-Turret/2dof_ros2_ws/build/custom_msgs': /usr/bin/cmake --install /home/alex/Desktop/2DOF-Turret/2dof_ros2_ws/build/custom_msgs
[2.038s] -- Install configuration: ""
[2.038s] -- Execute custom install script
[2.038s] -- Symlinking: /home/alex/Desktop/2DOF-Turret/2dof_ros2_ws/install/custom_msgs/share/ament_index/resource_index/rosidl_interfaces/custom_msgs
[2.044s] -- Symlinking: /home/alex/Desktop/2DOF-Turret/2dof_ros2_ws/install/custom_msgs/include/custom_msgs/custom_msgs/msg/detail/turret_cmd__functions.h
[2.049s] -- Symlinking: /home/alex/Desktop/2DOF-Turret/2dof_ros2_ws/install/custom_msgs/include/custom_msgs/custom_msgs/msg/detail/turret_cmd__struct.h
[2.054s] -- Symlinking: /home/alex/Desktop/2DOF-Turret/2dof_ros2_ws/install/custom_msgs/include/custom_msgs/custom_msgs/msg/detail/turret_cmd__type_support.h
[2.059s] -- Symlinking: /home/alex/Desktop/2DOF-Turret/2dof_ros2_ws/install/custom_msgs/include/custom_msgs/custom_msgs/msg/rosidl_generator_c__visibility_control.h
[2.064s] -- Symlinking: /home/alex/Desktop/2DOF-Turret/2dof_ros2_ws/install/custom_msgs/include/custom_msgs/custom_msgs/msg/turret_cmd.h
[2.070s] -- Symlinking: /home/alex/Desktop/2DOF-Turret/2dof_ros2_ws/install/custom_msgs/share/custom_msgs/environment/library_path.sh
[2.075s] -- Symlinking: /home/alex/Desktop/2DOF-Turret/2dof_ros2_ws/install/custom_msgs/share/custom_msgs/environment/library_path.dsv
[2.080s] -- Symlinking: /home/alex/Desktop/2DOF-Turret/2dof_ros2_ws/install/custom_msgs/include/custom_msgs/custom_msgs/msg/detail/turret_cmd__rosidl_typesupport_fastrtps_c.h
[2.086s] -- Symlinking: /home/alex/Desktop/2DOF-Turret/2dof_ros2_ws/install/custom_msgs/include/custom_msgs/custom_msgs/msg/rosidl_typesupport_fastrtps_c__visibility_control.h
[2.091s] -- Symlinking: /home/alex/Desktop/2DOF-Turret/2dof_ros2_ws/install/custom_msgs/include/custom_msgs/custom_msgs/msg/detail/turret_cmd__rosidl_typesupport_introspection_c.h
[2.096s] -- Symlinking: /home/alex/Desktop/2DOF-Turret/2dof_ros2_ws/install/custom_msgs/include/custom_msgs/custom_msgs/msg/rosidl_typesupport_introspection_c__visibility_control.h
[2.102s] -- Symlinking: /home/alex/Desktop/2DOF-Turret/2dof_ros2_ws/install/custom_msgs/include/custom_msgs/custom_msgs/msg/detail/turret_cmd__builder.hpp
[2.107s] -- Symlinking: /home/alex/Desktop/2DOF-Turret/2dof_ros2_ws/install/custom_msgs/include/custom_msgs/custom_msgs/msg/detail/turret_cmd__struct.hpp
[2.112s] -- Symlinking: /home/alex/Desktop/2DOF-Turret/2dof_ros2_ws/install/custom_msgs/include/custom_msgs/custom_msgs/msg/detail/turret_cmd__traits.hpp
[2.117s] -- Symlinking: /home/alex/Desktop/2DOF-Turret/2dof_ros2_ws/install/custom_msgs/include/custom_msgs/custom_msgs/msg/detail/turret_cmd__type_support.hpp
[2.121s] -- Symlinking: /home/alex/Desktop/2DOF-Turret/2dof_ros2_ws/install/custom_msgs/include/custom_msgs/custom_msgs/msg/rosidl_generator_cpp__visibility_control.hpp
[2.126s] -- Symlinking: /home/alex/Desktop/2DOF-Turret/2dof_ros2_ws/install/custom_msgs/include/custom_msgs/custom_msgs/msg/turret_cmd.hpp
[2.132s] -- Symlinking: /home/alex/Desktop/2DOF-Turret/2dof_ros2_ws/install/custom_msgs/include/custom_msgs/custom_msgs/msg/detail/turret_cmd__rosidl_typesupport_fastrtps_cpp.hpp
[2.137s] -- Symlinking: /home/alex/Desktop/2DOF-Turret/2dof_ros2_ws/install/custom_msgs/include/custom_msgs/custom_msgs/msg/rosidl_typesupport_fastrtps_cpp__visibility_control.h
[2.141s] -- Symlinking: /home/alex/Desktop/2DOF-Turret/2dof_ros2_ws/install/custom_msgs/include/custom_msgs/custom_msgs/msg/detail/turret_cmd__rosidl_typesupport_introspection_cpp.hpp
[2.146s] -- Symlinking: /home/alex/Desktop/2DOF-Turret/2dof_ros2_ws/install/custom_msgs/share/custom_msgs/environment/pythonpath.sh
[2.151s] -- Symlinking: /home/alex/Desktop/2DOF-Turret/2dof_ros2_ws/install/custom_msgs/share/custom_msgs/environment/pythonpath.dsv
[2.156s] -- Symlinking: /home/alex/Desktop/2DOF-Turret/2dof_ros2_ws/install/custom_msgs/local/lib/python3.10/dist-packages/custom_msgs-0.0.0-py3.10.egg-info/PKG-INFO
[2.161s] -- Symlinking: /home/alex/Desktop/2DOF-Turret/2dof_ros2_ws/install/custom_msgs/local/lib/python3.10/dist-packages/custom_msgs-0.0.0-py3.10.egg-info/SOURCES.txt
[2.165s] -- Symlinking: /home/alex/Desktop/2DOF-Turret/2dof_ros2_ws/install/custom_msgs/local/lib/python3.10/dist-packages/custom_msgs-0.0.0-py3.10.egg-info/dependency_links.txt
[2.170s] -- Symlinking: /home/alex/Desktop/2DOF-Turret/2dof_ros2_ws/install/custom_msgs/local/lib/python3.10/dist-packages/custom_msgs-0.0.0-py3.10.egg-info/top_level.txt
[2.175s] -- Symlinking: /home/alex/Desktop/2DOF-Turret/2dof_ros2_ws/install/custom_msgs/local/lib/python3.10/dist-packages/custom_msgs/__init__.py
[2.179s] -- Symlinking: /home/alex/Desktop/2DOF-Turret/2dof_ros2_ws/install/custom_msgs/local/lib/python3.10/dist-packages/custom_msgs/_custom_msgs_s.ep.rosidl_typesupport_c.c
[2.184s] -- Symlinking: /home/alex/Desktop/2DOF-Turret/2dof_ros2_ws/install/custom_msgs/local/lib/python3.10/dist-packages/custom_msgs/_custom_msgs_s.ep.rosidl_typesupport_fastrtps_c.c
[2.189s] -- Symlinking: /home/alex/Desktop/2DOF-Turret/2dof_ros2_ws/install/custom_msgs/local/lib/python3.10/dist-packages/custom_msgs/_custom_msgs_s.ep.rosidl_typesupport_introspection_c.c
[2.193s] -- Symlinking: /home/alex/Desktop/2DOF-Turret/2dof_ros2_ws/install/custom_msgs/local/lib/python3.10/dist-packages/custom_msgs/custom_msgs_s__rosidl_typesupport_c.cpython-310-x86_64-linux-gnu.so
[2.198s] -- Symlinking: /home/alex/Desktop/2DOF-Turret/2dof_ros2_ws/install/custom_msgs/local/lib/python3.10/dist-packages/custom_msgs/custom_msgs_s__rosidl_typesupport_fastrtps_c.cpython-310-x86_64-linux-gnu.so
[2.203s] -- Symlinking: /home/alex/Desktop/2DOF-Turret/2dof_ros2_ws/install/custom_msgs/local/lib/python3.10/dist-packages/custom_msgs/custom_msgs_s__rosidl_typesupport_introspection_c.cpython-310-x86_64-linux-gnu.so
[2.207s] -- Symlinking: /home/alex/Desktop/2DOF-Turret/2dof_ros2_ws/install/custom_msgs/local/lib/python3.10/dist-packages/custom_msgs/libcustom_msgs__rosidl_generator_py.so
[2.212s] -- Symlinking: /home/alex/Desktop/2DOF-Turret/2dof_ros2_ws/install/custom_msgs/local/lib/python3.10/dist-packages/custom_msgs/msg/__init__.py
[2.217s] -- Symlinking: /home/alex/Desktop/2DOF-Turret/2dof_ros2_ws/install/custom_msgs/local/lib/python3.10/dist-packages/custom_msgs/msg/_turret_cmd.py
[2.221s] -- Symlinking: /home/alex/Desktop/2DOF-Turret/2dof_ros2_ws/install/custom_msgs/local/lib/python3.10/dist-packages/custom_msgs/msg/_turret_cmd_s.c
[2.226s] -- Up-to-date symlink: /home/alex/Desktop/2DOF-Turret/2dof_ros2_ws/install/custom_msgs/local/lib/python3.10/dist-packages/custom_msgs/custom_msgs_s__rosidl_typesupport_fastrtps_c.cpython-310-x86_64-linux-gnu.so
[2.226s] -- Up-to-date symlink: /home/alex/Desktop/2DOF-Turret/2dof_ros2_ws/install/custom_msgs/local/lib/python3.10/dist-packages/custom_msgs/custom_msgs_s__rosidl_typesupport_introspection_c.cpython-310-x86_64-linux-gnu.so
[2.227s] -- Up-to-date symlink: /home/alex/Desktop/2DOF-Turret/2dof_ros2_ws/install/custom_msgs/local/lib/python3.10/dist-packages/custom_msgs/custom_msgs_s__rosidl_typesupport_c.cpython-310-x86_64-linux-gnu.so
[2.227s] -- Symlinking: /home/alex/Desktop/2DOF-Turret/2dof_ros2_ws/install/custom_msgs/share/custom_msgs/msg/TurretCmd.idl
[2.232s] -- Symlinking: /home/alex/Desktop/2DOF-Turret/2dof_ros2_ws/install/custom_msgs/share/custom_msgs/msg/TurretCmd.msg
[2.237s] -- Symlinking: /home/alex/Desktop/2DOF-Turret/2dof_ros2_ws/install/custom_msgs/share/ament_index/resource_index/package_run_dependencies/custom_msgs
[2.241s] -- Symlinking: /home/alex/Desktop/2DOF-Turret/2dof_ros2_ws/install/custom_msgs/share/ament_index/resource_index/parent_prefix_path/custom_msgs
[2.246s] -- Symlinking: /home/alex/Desktop/2DOF-Turret/2dof_ros2_ws/install/custom_msgs/share/custom_msgs/environment/ament_prefix_path.sh
[2.251s] -- Symlinking: /home/alex/Desktop/2DOF-Turret/2dof_ros2_ws/install/custom_msgs/share/custom_msgs/environment/ament_prefix_path.dsv
[2.256s] -- Symlinking: /home/alex/Desktop/2DOF-Turret/2dof_ros2_ws/install/custom_msgs/share/custom_msgs/environment/path.sh
[2.261s] -- Symlinking: /home/alex/Desktop/2DOF-Turret/2dof_ros2_ws/install/custom_msgs/share/custom_msgs/environment/path.dsv
[2.265s] -- Symlinking: /home/alex/Desktop/2DOF-Turret/2dof_ros2_ws/install/custom_msgs/share/custom_msgs/local_setup.bash
[2.270s] -- Symlinking: /home/alex/Desktop/2DOF-Turret/2dof_ros2_ws/install/custom_msgs/share/custom_msgs/local_setup.sh
[2.275s] -- Symlinking: /home/alex/Desktop/2DOF-Turret/2dof_ros2_ws/install/custom_msgs/share/custom_msgs/local_setup.zsh
[2.279s] -- Symlinking: /home/alex/Desktop/2DOF-Turret/2dof_ros2_ws/install/custom_msgs/share/custom_msgs/local_setup.dsv
[2.284s] -- Symlinking: /home/alex/Desktop/2DOF-Turret/2dof_ros2_ws/install/custom_msgs/share/custom_msgs/package.dsv
[2.289s] -- Symlinking: /home/alex/Desktop/2DOF-Turret/2dof_ros2_ws/install/custom_msgs/share/ament_index/resource_index/packages/custom_msgs
[2.294s] -- Symlinking: /home/alex/Desktop/2DOF-Turret/2dof_ros2_ws/install/custom_msgs/share/custom_msgs/cmake/rosidl_cmake-extras.cmake
[2.298s] -- Symlinking: /home/alex/Desktop/2DOF-Turret/2dof_ros2_ws/install/custom_msgs/share/custom_msgs/cmake/ament_cmake_export_include_directories-extras.cmake
[2.303s] -- Symlinking: /home/alex/Desktop/2DOF-Turret/2dof_ros2_ws/install/custom_msgs/share/custom_msgs/cmake/ament_cmake_export_libraries-extras.cmake
[2.308s] -- Symlinking: /home/alex/Desktop/2DOF-Turret/2dof_ros2_ws/install/custom_msgs/share/custom_msgs/cmake/ament_cmake_export_targets-extras.cmake
[2.314s] -- Symlinking: /home/alex/Desktop/2DOF-Turret/2dof_ros2_ws/install/custom_msgs/share/custom_msgs/cmake/rosidl_cmake_export_typesupport_targets-extras.cmake
[2.319s] -- Symlinking: /home/alex/Desktop/2DOF-Turret/2dof_ros2_ws/install/custom_msgs/share/custom_msgs/cmake/ament_cmake_export_dependencies-extras.cmake
[2.324s] -- Symlinking: /home/alex/Desktop/2DOF-Turret/2dof_ros2_ws/install/custom_msgs/share/custom_msgs/cmake/rosidl_cmake_export_typesupport_libraries-extras.cmake
[2.330s] -- Symlinking: /home/alex/Desktop/2DOF-Turret/2dof_ros2_ws/install/custom_msgs/share/custom_msgs/cmake/custom_msgsConfig.cmake
[2.335s] -- Symlinking: /home/alex/Desktop/2DOF-Turret/2dof_ros2_ws/install/custom_msgs/share/custom_msgs/cmake/custom_msgsConfig-version.cmake
[2.341s] -- Symlinking: /home/alex/Desktop/2DOF-Turret/2dof_ros2_ws/install/custom_msgs/share/custom_msgs/package.xml
[2.346s] -- Installing: /home/alex/Desktop/2DOF-Turret/2dof_ros2_ws/install/custom_msgs/lib/libcustom_msgs__rosidl_generator_c.so
[2.347s] -- Set runtime path of "/home/alex/Desktop/2DOF-Turret/2dof_ros2_ws/install/custom_msgs/lib/libcustom_msgs__rosidl_generator_c.so" to ""
[2.347s] -- Installing: /home/alex/Desktop/2DOF-Turret/2dof_ros2_ws/install/custom_msgs/lib/libcustom_msgs__rosidl_typesupport_fastrtps_c.so
[2.347s] -- Set runtime path of "/home/alex/Desktop/2DOF-Turret/2dof_ros2_ws/install/custom_msgs/lib/libcustom_msgs__rosidl_typesupport_fastrtps_c.so" to ""
[2.347s] -- Installing: /home/alex/Desktop/2DOF-Turret/2dof_ros2_ws/install/custom_msgs/lib/libcustom_msgs__rosidl_typesupport_introspection_c.so
[2.347s] -- Set runtime path of "/home/alex/Desktop/2DOF-Turret/2dof_ros2_ws/install/custom_msgs/lib/libcustom_msgs__rosidl_typesupport_introspection_c.so" to ""
[2.347s] -- Installing: /home/alex/Desktop/2DOF-Turret/2dof_ros2_ws/install/custom_msgs/lib/libcustom_msgs__rosidl_typesupport_c.so
[2.347s] -- Set runtime path of "/home/alex/Desktop/2DOF-Turret/2dof_ros2_ws/install/custom_msgs/lib/libcustom_msgs__rosidl_typesupport_c.so" to ""
[2.347s] -- Installing: /home/alex/Desktop/2DOF-Turret/2dof_ros2_ws/install/custom_msgs/lib/libcustom_msgs__rosidl_typesupport_fastrtps_cpp.so
[2.347s] -- Set runtime path of "/home/alex/Desktop/2DOF-Turret/2dof_ros2_ws/install/custom_msgs/lib/libcustom_msgs__rosidl_typesupport_fastrtps_cpp.so" to ""
[2.347s] -- Installing: /home/alex/Desktop/2DOF-Turret/2dof_ros2_ws/install/custom_msgs/lib/libcustom_msgs__rosidl_typesupport_introspection_cpp.so
[2.348s] -- Set runtime path of "/home/alex/Desktop/2DOF-Turret/2dof_ros2_ws/install/custom_msgs/lib/libcustom_msgs__rosidl_typesupport_introspection_cpp.so" to ""
[2.348s] -- Installing: /home/alex/Desktop/2DOF-Turret/2dof_ros2_ws/install/custom_msgs/lib/libcustom_msgs__rosidl_typesupport_cpp.so
[2.348s] -- Set runtime path of "/home/alex/Desktop/2DOF-Turret/2dof_ros2_ws/install/custom_msgs/lib/libcustom_msgs__rosidl_typesupport_cpp.so" to ""
[2.371s] Listing '/home/alex/Desktop/2DOF-Turret/2dof_ros2_ws/install/custom_msgs/local/lib/python3.10/dist-packages/custom_msgs'...
[2.371s] Compiling '/home/alex/Desktop/2DOF-Turret/2dof_ros2_ws/install/custom_msgs/local/lib/python3.10/dist-packages/custom_msgs/__init__.py'...
[2.371s] Listing '/home/alex/Desktop/2DOF-Turret/2dof_ros2_ws/install/custom_msgs/local/lib/python3.10/dist-packages/custom_msgs/msg'...
[2.371s] Compiling '/home/alex/Desktop/2DOF-Turret/2dof_ros2_ws/install/custom_msgs/local/lib/python3.10/dist-packages/custom_msgs/msg/__init__.py'...
[2.371s] Compiling '/home/alex/Desktop/2DOF-Turret/2dof_ros2_ws/install/custom_msgs/local/lib/python3.10/dist-packages/custom_msgs/msg/_turret_cmd.py'...
[2.374s] -- Installing: /home/alex/Desktop/2DOF-Turret/2dof_ros2_ws/install/custom_msgs/lib/libcustom_msgs__rosidl_generator_py.so
[2.374s] -- Set runtime path of "/home/alex/Desktop/2DOF-Turret/2dof_ros2_ws/install/custom_msgs/lib/libcustom_msgs__rosidl_generator_py.so" to ""
[2.374s] -- Installing: /home/alex/Desktop/2DOF-Turret/2dof_ros2_ws/install/custom_msgs/share/custom_msgs/cmake/export_custom_msgs__rosidl_generator_cExport.cmake
[2.374s] -- Installing: /home/alex/Desktop/2DOF-Turret/2dof_ros2_ws/install/custom_msgs/share/custom_msgs/cmake/export_custom_msgs__rosidl_generator_cExport-noconfig.cmake
[2.374s] -- Installing: /home/alex/Desktop/2DOF-Turret/2dof_ros2_ws/install/custom_msgs/share/custom_msgs/cmake/export_custom_msgs__rosidl_typesupport_fastrtps_cExport.cmake
[2.374s] -- Installing: /home/alex/Desktop/2DOF-Turret/2dof_ros2_ws/install/custom_msgs/share/custom_msgs/cmake/export_custom_msgs__rosidl_typesupport_fastrtps_cExport-noconfig.cmake
[2.375s] -- Installing: /home/alex/Desktop/2DOF-Turret/2dof_ros2_ws/install/custom_msgs/share/custom_msgs/cmake/custom_msgs__rosidl_typesupport_introspection_cExport.cmake
[2.375s] -- Installing: /home/alex/Desktop/2DOF-Turret/2dof_ros2_ws/install/custom_msgs/share/custom_msgs/cmake/custom_msgs__rosidl_typesupport_introspection_cExport-noconfig.cmake
[2.375s] -- Installing: /home/alex/Desktop/2DOF-Turret/2dof_ros2_ws/install/custom_msgs/share/custom_msgs/cmake/custom_msgs__rosidl_typesupport_cExport.cmake
[2.375s] -- Installing: /home/alex/Desktop/2DOF-Turret/2dof_ros2_ws/install/custom_msgs/share/custom_msgs/cmake/custom_msgs__rosidl_typesupport_cExport-noconfig.cmake
[2.375s] -- Installing: /home/alex/Desktop/2DOF-Turret/2dof_ros2_ws/install/custom_msgs/share/custom_msgs/cmake/export_custom_msgs__rosidl_generator_cppExport.cmake
[2.375s] -- Installing: /home/alex/Desktop/2DOF-Turret/2dof_ros2_ws/install/custom_msgs/share/custom_msgs/cmake/export_custom_msgs__rosidl_typesupport_fastrtps_cppExport.cmake
[2.375s] -- Installing: /home/alex/Desktop/2DOF-Turret/2dof_ros2_ws/install/custom_msgs/share/custom_msgs/cmake/export_custom_msgs__rosidl_typesupport_fastrtps_cppExport-noconfig.cmake
[2.375s] -- Installing: /home/alex/Desktop/2DOF-Turret/2dof_ros2_ws/install/custom_msgs/share/custom_msgs/cmake/custom_msgs__rosidl_typesupport_introspection_cppExport.cmake
[2.375s] -- Installing: /home/alex/Desktop/2DOF-Turret/2dof_ros2_ws/install/custom_msgs/share/custom_msgs/cmake/custom_msgs__rosidl_typesupport_introspection_cppExport-noconfig.cmake
[2.375s] -- Installing: /home/alex/Desktop/2DOF-Turret/2dof_ros2_ws/install/custom_msgs/share/custom_msgs/cmake/custom_msgs__rosidl_typesupport_cppExport.cmake
[2.375s] -- Installing: /home/alex/Desktop/2DOF-Turret/2dof_ros2_ws/install/custom_msgs/share/custom_msgs/cmake/custom_msgs__rosidl_typesupport_cppExport-noconfig.cmake
[2.375s] -- Installing: /home/alex/Desktop/2DOF-Turret/2dof_ros2_ws/install/custom_msgs/share/custom_msgs/cmake/export_custom_msgs__rosidl_generator_pyExport.cmake
[2.375s] -- Installing: /home/alex/Desktop/2DOF-Turret/2dof_ros2_ws/install/custom_msgs/share/custom_msgs/cmake/export_custom_msgs__rosidl_generator_pyExport-noconfig.cmake
[2.377s] Invoked command in '/home/alex/Desktop/2DOF-Turret/2dof_ros2_ws/build/custom_msgs' returned '0': /usr/bin/cmake --install /home/alex/Desktop/2DOF-Turret/2dof_ros2_ws/build/custom_msgs
