[0.006s] Invoking command in '/home/alex/Desktop/2DOF-Turret/build/turret_control': /usr/bin/cmake /home/alex/Desktop/2DOF-Turret/2dof_ros2_ws/src/turret_control -DCMAKE_INSTALL_PREFIX=/home/alex/Desktop/2DOF-Turret/install/turret_control
[0.037s] -- The C compiler identification is GNU 11.4.0
[0.069s] -- The CXX compiler identification is GNU 11.4.0
[0.074s] -- Detecting C compiler ABI info
[0.117s] -- Detecting C compiler ABI info - done
[0.122s] -- Check for working C compiler: /usr/bin/cc - skipped
[0.122s] -- Detecting C compile features
[0.122s] -- Detecting C compile features - done
[0.124s] -- Detecting CXX compiler ABI info
[0.172s] -- Detecting CXX compiler ABI info - done
[0.176s] -- Check for working CXX compiler: /usr/bin/c++ - skipped
[0.177s] -- Detecting CXX compile features
[0.177s] -- Detecting CXX compile features - done
[0.178s] -- Found ament_cmake: 1.3.12 (/opt/ros/humble/share/ament_cmake/cmake)
[0.271s] -- Found Python3: /usr/bin/python3 (found version "3.10.12") found components: Interpreter 
[0.325s] -- Found rclcpp: 16.0.17 (/opt/ros/humble/share/rclcpp/cmake)
[0.349s] -- Found rosidl_generator_c: 3.1.7 (/opt/ros/humble/share/rosidl_generator_c/cmake)
[0.352s] -- Found rosidl_adapter: 3.1.7 (/opt/ros/humble/share/rosidl_adapter/cmake)
[0.357s] -- Found rosidl_generator_cpp: 3.1.7 (/opt/ros/humble/share/rosidl_generator_cpp/cmake)
[0.363s] -- Using all available rosidl_typesupport_c: rosidl_typesupport_fastrtps_c;rosidl_typesupport_introspection_c
[0.373s] -- Using all available rosidl_typesupport_cpp: rosidl_typesupport_fastrtps_cpp;rosidl_typesupport_introspection_cpp
[0.397s] -- Found rmw_implementation_cmake: 6.1.2 (/opt/ros/humble/share/rmw_implementation_cmake/cmake)
[0.399s] -- Found rmw_fastrtps_cpp: 6.2.9 (/opt/ros/humble/share/rmw_fastrtps_cpp/cmake)
[0.447s] -- Found OpenSSL: /usr/lib/x86_64-linux-gnu/libcrypto.so (found version "3.0.2")  
[0.463s] -- Found FastRTPS: /opt/ros/humble/include  
[0.485s] -- Using RMW implementation 'rmw_fastrtps_cpp' as default
[0.490s] -- Looking for pthread.h
[0.538s] -- Looking for pthread.h - found
[0.538s] -- Performing Test CMAKE_HAVE_LIBC_PTHREAD
[0.581s] -- Performing Test CMAKE_HAVE_LIBC_PTHREAD - Success
[0.581s] -- Found Threads: TRUE  
[0.610s] -- Found custom_msgs: 0.0.0 (/home/alex/Desktop/2DOF-Turret/2dof_ros2_ws/install/custom_msgs/share/custom_msgs/cmake)
[0.616s] -- Found geometry_msgs: 4.9.0 (/opt/ros/humble/share/geometry_msgs/cmake)
[0.665s] -- Configuring done
[0.670s] -- Generating done
[0.673s] -- Build files have been written to: /home/alex/Desktop/2DOF-Turret/build/turret_control
[0.678s] Invoked command in '/home/alex/Desktop/2DOF-Turret/build/turret_control' returned '0': /usr/bin/cmake /home/alex/Desktop/2DOF-Turret/2dof_ros2_ws/src/turret_control -DCMAKE_INSTALL_PREFIX=/home/alex/Desktop/2DOF-Turret/install/turret_control
[0.679s] Invoking command in '/home/alex/Desktop/2DOF-Turret/build/turret_control': /usr/bin/cmake --build /home/alex/Desktop/2DOF-Turret/build/turret_control -- -j16 -l16
[0.704s] [35m[1mConsolidate compiler generated dependencies of target position_controller[0m
[0.718s] [ 25%] [32mBuilding CXX object CMakeFiles/position_controller.dir/src/Control.cpp.o[0m
[1.401s] [01m[K/home/alex/Desktop/2DOF-Turret/2dof_ros2_ws/src/turret_control/src/Control.cpp:[m[K In member function ‘[01m[KEigen::VectorXd& Observer::estimate(const VectorXd&, const VectorXd&)[m[K’:
[1.401s] [01m[K/home/alex/Desktop/2DOF-Turret/2dof_ros2_ws/src/turret_control/src/Control.cpp:23:16:[m[K [01;35m[Kwarning: [m[Kcomparison of integer expressions of different signedness: ‘[01m[KEigen::EigenBase<Eigen::Matrix<double, -1, 1> >::Index[m[K’ {aka ‘[01m[Klong int[m[K’} and ‘[01m[Ksize_t[m[K’ {aka ‘[01m[Klong unsigned int[m[K’} [[01;35m[K]8;;https://gcc.gnu.org/onlinedocs/gcc/Warning-Options.html#index-Wsign-compare-Wsign-compare]8;;[m[K]
[1.401s]    23 |     if([01;35m[Ku.size()!= ss.m[m[K || y.size() != ss.p)
[1.401s]       |        [01;35m[K~~~~~~~~^~~~~~~[m[K
[1.401s] [01m[K/home/alex/Desktop/2DOF-Turret/2dof_ros2_ws/src/turret_control/src/Control.cpp:23:36:[m[K [01;35m[Kwarning: [m[Kcomparison of integer expressions of different signedness: ‘[01m[KEigen::EigenBase<Eigen::Matrix<double, -1, 1> >::Index[m[K’ {aka ‘[01m[Klong int[m[K’} and ‘[01m[Ksize_t[m[K’ {aka ‘[01m[Klong unsigned int[m[K’} [[01;35m[K]8;;https://gcc.gnu.org/onlinedocs/gcc/Warning-Options.html#index-Wsign-compare-Wsign-compare]8;;[m[K]
[1.401s]    23 |     if(u.size()!= ss.m || [01;35m[Ky.size() != ss.p[m[K)
[1.401s]       |                           [01;35m[K~~~~~~~~~^~~~~~~[m[K
[1.889s] [ 50%] [32m[1mLinking CXX executable position_controller[0m
[1.961s] [100%] Built target position_controller
[1.967s] Invoked command in '/home/alex/Desktop/2DOF-Turret/build/turret_control' returned '0': /usr/bin/cmake --build /home/alex/Desktop/2DOF-Turret/build/turret_control -- -j16 -l16
[1.972s] Invoking command in '/home/alex/Desktop/2DOF-Turret/build/turret_control': /usr/bin/cmake --install /home/alex/Desktop/2DOF-Turret/build/turret_control
[1.976s] -- Install configuration: ""
[1.976s] -- Installing: /home/alex/Desktop/2DOF-Turret/install/turret_control/lib/turret_control/position_controller
[1.977s] -- Set runtime path of "/home/alex/Desktop/2DOF-Turret/install/turret_control/lib/turret_control/position_controller" to ""
[1.977s] -- Up-to-date: /home/alex/Desktop/2DOF-Turret/install/turret_control/share/ament_index/resource_index/package_run_dependencies/turret_control
[1.977s] -- Up-to-date: /home/alex/Desktop/2DOF-Turret/install/turret_control/share/ament_index/resource_index/parent_prefix_path/turret_control
[1.977s] -- Up-to-date: /home/alex/Desktop/2DOF-Turret/install/turret_control/share/turret_control/environment/ament_prefix_path.sh
[1.977s] -- Installing: /home/alex/Desktop/2DOF-Turret/install/turret_control/share/turret_control/environment/ament_prefix_path.dsv
[1.977s] -- Up-to-date: /home/alex/Desktop/2DOF-Turret/install/turret_control/share/turret_control/environment/path.sh
[1.977s] -- Installing: /home/alex/Desktop/2DOF-Turret/install/turret_control/share/turret_control/environment/path.dsv
[1.977s] -- Up-to-date: /home/alex/Desktop/2DOF-Turret/install/turret_control/share/turret_control/local_setup.bash
[1.977s] -- Up-to-date: /home/alex/Desktop/2DOF-Turret/install/turret_control/share/turret_control/local_setup.sh
[1.977s] -- Up-to-date: /home/alex/Desktop/2DOF-Turret/install/turret_control/share/turret_control/local_setup.zsh
[1.977s] -- Installing: /home/alex/Desktop/2DOF-Turret/install/turret_control/share/turret_control/local_setup.dsv
[1.977s] -- Installing: /home/alex/Desktop/2DOF-Turret/install/turret_control/share/turret_control/package.dsv
[1.977s] -- Up-to-date: /home/alex/Desktop/2DOF-Turret/install/turret_control/share/ament_index/resource_index/packages/turret_control
[1.978s] -- Up-to-date: /home/alex/Desktop/2DOF-Turret/install/turret_control/share/turret_control/cmake/turret_controlConfig.cmake
[1.978s] -- Up-to-date: /home/alex/Desktop/2DOF-Turret/install/turret_control/share/turret_control/cmake/turret_controlConfig-version.cmake
[1.978s] -- Up-to-date: /home/alex/Desktop/2DOF-Turret/install/turret_control/share/turret_control/package.xml
[1.979s] Invoked command in '/home/alex/Desktop/2DOF-Turret/build/turret_control' returned '0': /usr/bin/cmake --install /home/alex/Desktop/2DOF-Turret/build/turret_control
