[0.005s] Invoking command in '/home/alex/Desktop/2DOF-Turret/2dof_ros2_ws/build/turret_control': CMAKE_PREFIX_PATH=/home/alex/Desktop/2DOF-Turret/2dof_ros2_ws/install/custom_msgs:/home/alex/Desktop/2DOF-Turret/2dof_ros2_ws/install/turret_control:/opt/ros/humble /usr/bin/cmake --build /home/alex/Desktop/2DOF-Turret/2dof_ros2_ws/build/turret_control -- -j16 -l16
[0.032s] [35m[1mConsolidate compiler generated dependencies of target position_controller[0m
[0.045s] [ 25%] [32mBuilding CXX object CMakeFiles/position_controller.dir/src/position_controller.cpp.o[0m
[1.862s] [01m[K/home/alex/Desktop/2DOF-Turret/2dof_ros2_ws/src/turret_control/src/position_controller.cpp:[m[K In function ‘[01m[Kint main(int, char**)[m[K’:
[1.862s] [01m[K/home/alex/Desktop/2DOF-Turret/2dof_ros2_ws/src/turret_control/src/position_controller.cpp:49:14:[m[K [01;35m[Kwarning: [m[Kunused parameter ‘[01m[Kargc[m[K’ [[01;35m[K]8;;https://gcc.gnu.org/onlinedocs/gcc/Warning-Options.html#index-Wunused-parameter-Wunused-parameter]8;;[m[K]
[1.862s]    49 | int main([01;35m[Kint argc[m[K, char **argv)
[1.862s]       |          [01;35m[K~~~~^~~~[m[K
[1.862s] [01m[K/home/alex/Desktop/2DOF-Turret/2dof_ros2_ws/src/turret_control/src/position_controller.cpp:49:27:[m[K [01;35m[Kwarning: [m[Kunused parameter ‘[01m[Kargv[m[K’ [[01;35m[K]8;;https://gcc.gnu.org/onlinedocs/gcc/Warning-Options.html#index-Wunused-parameter-Wunused-parameter]8;;[m[K]
[1.862s]    49 | int main(int argc, [01;35m[Kchar **argv[m[K)
[1.862s]       |                    [01;35m[K~~~~~~~^~~~[m[K
[3.170s] [ 50%] [32m[1mLinking CXX executable position_controller[0m
[3.229s] [100%] Built target position_controller
[3.235s] Invoked command in '/home/alex/Desktop/2DOF-Turret/2dof_ros2_ws/build/turret_control' returned '0': CMAKE_PREFIX_PATH=/home/alex/Desktop/2DOF-Turret/2dof_ros2_ws/install/custom_msgs:/home/alex/Desktop/2DOF-Turret/2dof_ros2_ws/install/turret_control:/opt/ros/humble /usr/bin/cmake --build /home/alex/Desktop/2DOF-Turret/2dof_ros2_ws/build/turret_control -- -j16 -l16
[3.236s] Invoking command in '/home/alex/Desktop/2DOF-Turret/2dof_ros2_ws/build/turret_control': CMAKE_PREFIX_PATH=/home/alex/Desktop/2DOF-Turret/2dof_ros2_ws/install/custom_msgs:/home/alex/Desktop/2DOF-Turret/2dof_ros2_ws/install/turret_control:/opt/ros/humble /usr/bin/cmake --install /home/alex/Desktop/2DOF-Turret/2dof_ros2_ws/build/turret_control
[3.239s] -- Install configuration: ""
[3.240s] -- Execute custom install script
[3.240s] -- Up-to-date symlink: /home/alex/Desktop/2DOF-Turret/2dof_ros2_ws/install/turret_control/lib/turret_control/position_controller
[3.240s] -- Up-to-date symlink: /home/alex/Desktop/2DOF-Turret/2dof_ros2_ws/install/turret_control/share/ament_index/resource_index/package_run_dependencies/turret_control
[3.240s] -- Up-to-date symlink: /home/alex/Desktop/2DOF-Turret/2dof_ros2_ws/install/turret_control/share/ament_index/resource_index/parent_prefix_path/turret_control
[3.240s] -- Up-to-date symlink: /home/alex/Desktop/2DOF-Turret/2dof_ros2_ws/install/turret_control/share/turret_control/environment/ament_prefix_path.sh
[3.240s] -- Up-to-date symlink: /home/alex/Desktop/2DOF-Turret/2dof_ros2_ws/install/turret_control/share/turret_control/environment/ament_prefix_path.dsv
[3.240s] -- Up-to-date symlink: /home/alex/Desktop/2DOF-Turret/2dof_ros2_ws/install/turret_control/share/turret_control/environment/path.sh
[3.240s] -- Up-to-date symlink: /home/alex/Desktop/2DOF-Turret/2dof_ros2_ws/install/turret_control/share/turret_control/environment/path.dsv
[3.241s] -- Up-to-date symlink: /home/alex/Desktop/2DOF-Turret/2dof_ros2_ws/install/turret_control/share/turret_control/local_setup.bash
[3.241s] -- Up-to-date symlink: /home/alex/Desktop/2DOF-Turret/2dof_ros2_ws/install/turret_control/share/turret_control/local_setup.sh
[3.241s] -- Up-to-date symlink: /home/alex/Desktop/2DOF-Turret/2dof_ros2_ws/install/turret_control/share/turret_control/local_setup.zsh
[3.241s] -- Up-to-date symlink: /home/alex/Desktop/2DOF-Turret/2dof_ros2_ws/install/turret_control/share/turret_control/local_setup.dsv
[3.241s] -- Symlinking: /home/alex/Desktop/2DOF-Turret/2dof_ros2_ws/install/turret_control/share/turret_control/package.dsv
[3.245s] -- Up-to-date symlink: /home/alex/Desktop/2DOF-Turret/2dof_ros2_ws/install/turret_control/share/ament_index/resource_index/packages/turret_control
[3.245s] -- Up-to-date symlink: /home/alex/Desktop/2DOF-Turret/2dof_ros2_ws/install/turret_control/share/turret_control/cmake/turret_controlConfig.cmake
[3.245s] -- Up-to-date symlink: /home/alex/Desktop/2DOF-Turret/2dof_ros2_ws/install/turret_control/share/turret_control/cmake/turret_controlConfig-version.cmake
[3.246s] -- Up-to-date symlink: /home/alex/Desktop/2DOF-Turret/2dof_ros2_ws/install/turret_control/share/turret_control/package.xml
[3.247s] Invoked command in '/home/alex/Desktop/2DOF-Turret/2dof_ros2_ws/build/turret_control' returned '0': CMAKE_PREFIX_PATH=/home/alex/Desktop/2DOF-Turret/2dof_ros2_ws/install/custom_msgs:/home/alex/Desktop/2DOF-Turret/2dof_ros2_ws/install/turret_control:/opt/ros/humble /usr/bin/cmake --install /home/alex/Desktop/2DOF-Turret/2dof_ros2_ws/build/turret_control
