[0.007s] Invoking command in '/home/alex/Desktop/2DOF-Turret/build/turret_control': CONDA_PROMPT_MODIFIER=(base) /usr/bin/cmake --build /home/alex/Desktop/2DOF-Turret/build/turret_control -- -j16 -l16
[0.034s] [35m[1mConsolidate compiler generated dependencies of target position_controller[0m
[0.048s] [ 50%] [32mBuilding CXX object CMakeFiles/position_controller.dir/src/jsonRead.cpp.o[0m
[0.048s] [ 50%] [32mBuilding CXX object CMakeFiles/position_controller.dir/src/Control.cpp.o[0m
[0.948s] [ 75%] [32m[1mLinking CXX executable position_controller[0m
[1.014s] [100%] Built target position_controller
[1.023s] Invoked command in '/home/alex/Desktop/2DOF-Turret/build/turret_control' returned '0': CONDA_PROMPT_MODIFIER=(base) /usr/bin/cmake --build /home/alex/Desktop/2DOF-Turret/build/turret_control -- -j16 -l16
[1.029s] Invoking command in '/home/alex/Desktop/2DOF-Turret/build/turret_control': CONDA_PROMPT_MODIFIER=(base) /usr/bin/cmake --install /home/alex/Desktop/2DOF-Turret/build/turret_control
[1.033s] -- Install configuration: ""
[1.034s] -- Installing: /home/alex/Desktop/2DOF-Turret/install/turret_control/lib/turret_control/position_controller
[1.034s] -- Set runtime path of "/home/alex/Desktop/2DOF-Turret/install/turret_control/lib/turret_control/position_controller" to ""
[1.034s] -- Up-to-date: /home/alex/Desktop/2DOF-Turret/install/turret_control/share/ament_index/resource_index/package_run_dependencies/turret_control
[1.034s] -- Up-to-date: /home/alex/Desktop/2DOF-Turret/install/turret_control/share/ament_index/resource_index/parent_prefix_path/turret_control
[1.034s] -- Up-to-date: /home/alex/Desktop/2DOF-Turret/install/turret_control/share/turret_control/environment/ament_prefix_path.sh
[1.034s] -- Up-to-date: /home/alex/Desktop/2DOF-Turret/install/turret_control/share/turret_control/environment/ament_prefix_path.dsv
[1.034s] -- Up-to-date: /home/alex/Desktop/2DOF-Turret/install/turret_control/share/turret_control/environment/path.sh
[1.034s] -- Up-to-date: /home/alex/Desktop/2DOF-Turret/install/turret_control/share/turret_control/environment/path.dsv
[1.034s] -- Up-to-date: /home/alex/Desktop/2DOF-Turret/install/turret_control/share/turret_control/local_setup.bash
[1.034s] -- Up-to-date: /home/alex/Desktop/2DOF-Turret/install/turret_control/share/turret_control/local_setup.sh
[1.034s] -- Up-to-date: /home/alex/Desktop/2DOF-Turret/install/turret_control/share/turret_control/local_setup.zsh
[1.034s] -- Up-to-date: /home/alex/Desktop/2DOF-Turret/install/turret_control/share/turret_control/local_setup.dsv
[1.034s] -- Installing: /home/alex/Desktop/2DOF-Turret/install/turret_control/share/turret_control/package.dsv
[1.034s] -- Up-to-date: /home/alex/Desktop/2DOF-Turret/install/turret_control/share/ament_index/resource_index/packages/turret_control
[1.035s] -- Up-to-date: /home/alex/Desktop/2DOF-Turret/install/turret_control/share/turret_control/cmake/turret_controlConfig.cmake
[1.035s] -- Up-to-date: /home/alex/Desktop/2DOF-Turret/install/turret_control/share/turret_control/cmake/turret_controlConfig-version.cmake
[1.035s] -- Up-to-date: /home/alex/Desktop/2DOF-Turret/install/turret_control/share/turret_control/package.xml
[1.036s] Invoked command in '/home/alex/Desktop/2DOF-Turret/build/turret_control' returned '0': CONDA_PROMPT_MODIFIER=(base) /usr/bin/cmake --install /home/alex/Desktop/2DOF-Turret/build/turret_control
