[0.005s] Invoking command in '/home/alex/Desktop/2DOF-Turret/build/turret_control': /usr/bin/cmake /home/alex/Desktop/2DOF-Turret/2dof_ros2_ws/src/turret_control -DCMAKE_EXPORT_COMPILE_COMMANDS=ON -DCMAKE_INSTALL_PREFIX=/home/alex/Desktop/2DOF-Turret/install/turret_control
[0.036s] -- The C compiler identification is GNU 11.4.0
[0.078s] -- The CXX compiler identification is GNU 11.4.0
[0.082s] -- Detecting C compiler ABI info
[0.130s] -- Detecting C compiler ABI info - done
[0.138s] -- Check for working C compiler: /usr/bin/cc - skipped
[0.138s] -- Detecting C compile features
[0.139s] -- Detecting C compile features - done
[0.141s] -- Detecting CXX compiler ABI info
[0.205s] -- Detecting CXX compiler ABI info - done
[0.210s] -- Check for working CXX compiler: /usr/bin/c++ - skipped
[0.210s] -- Detecting CXX compile features
[0.210s] -- Detecting CXX compile features - done
[0.212s] -- Found ament_cmake: 1.3.12 (/opt/ros/humble/share/ament_cmake/cmake)
[0.306s] -- Found Python3: /usr/bin/python3 (found version "3.10.12") found components: Interpreter 
[0.356s] -- Found rclcpp: 16.0.17 (/opt/ros/humble/share/rclcpp/cmake)
[0.380s] -- Found rosidl_generator_c: 3.1.7 (/opt/ros/humble/share/rosidl_generator_c/cmake)
[0.383s] -- Found rosidl_adapter: 3.1.7 (/opt/ros/humble/share/rosidl_adapter/cmake)
[0.387s] -- Found rosidl_generator_cpp: 3.1.7 (/opt/ros/humble/share/rosidl_generator_cpp/cmake)
[0.395s] -- Using all available rosidl_typesupport_c: rosidl_typesupport_fastrtps_c;rosidl_typesupport_introspection_c
[0.405s] -- Using all available rosidl_typesupport_cpp: rosidl_typesupport_fastrtps_cpp;rosidl_typesupport_introspection_cpp
[0.428s] -- Found rmw_implementation_cmake: 6.1.2 (/opt/ros/humble/share/rmw_implementation_cmake/cmake)
[0.429s] -- Found rmw_fastrtps_cpp: 6.2.9 (/opt/ros/humble/share/rmw_fastrtps_cpp/cmake)
[0.470s] -- Found OpenSSL: /usr/lib/x86_64-linux-gnu/libcrypto.so (found version "3.0.2")  
[0.485s] -- Found FastRTPS: /opt/ros/humble/include  
[0.508s] -- Using RMW implementation 'rmw_fastrtps_cpp' as default
[0.512s] -- Looking for pthread.h
[0.569s] -- Looking for pthread.h - found
[0.569s] -- Performing Test CMAKE_HAVE_LIBC_PTHREAD
[0.610s] -- Performing Test CMAKE_HAVE_LIBC_PTHREAD - Success
[0.611s] -- Found Threads: TRUE  
[0.639s] -- Found ament_lint_auto: 0.12.14 (/opt/ros/humble/share/ament_lint_auto/cmake)
[0.683s] -- Added test 'cppcheck' to perform static code analysis on C / C++ code
[0.684s] -- Configured cppcheck include dirs: $<BUILD_INTERFACE:/home/alex/Desktop/2DOF-Turret/2dof_ros2_ws/src/turret_control/include>
[0.684s] -- Configured cppcheck exclude dirs and/or files: 
[0.684s] -- Added test 'lint_cmake' to check CMake code style
[0.684s] -- Added test 'uncrustify' to check C / C++ code style
[0.684s] -- Configured uncrustify additional arguments: 
[0.685s] -- Added test 'xmllint' to check XML markup files
[0.685s] -- Configuring done
[0.690s] -- Generating done
[0.692s] -- Build files have been written to: /home/alex/Desktop/2DOF-Turret/build/turret_control
[0.697s] Invoked command in '/home/alex/Desktop/2DOF-Turret/build/turret_control' returned '0': /usr/bin/cmake /home/alex/Desktop/2DOF-Turret/2dof_ros2_ws/src/turret_control -DCMAKE_EXPORT_COMPILE_COMMANDS=ON -DCMAKE_INSTALL_PREFIX=/home/alex/Desktop/2DOF-Turret/install/turret_control
[0.698s] Invoking command in '/home/alex/Desktop/2DOF-Turret/build/turret_control': /usr/bin/cmake --build /home/alex/Desktop/2DOF-Turret/build/turret_control -- -j16 -l16
[0.725s] [ 50%] [32mBuilding CXX object CMakeFiles/position_controller.dir/src/position_controller.cpp.o[0m
[2.276s] [100%] [32m[1mLinking CXX executable position_controller[0m
[2.328s] [100%] Built target position_controller
[2.334s] Invoked command in '/home/alex/Desktop/2DOF-Turret/build/turret_control' returned '0': /usr/bin/cmake --build /home/alex/Desktop/2DOF-Turret/build/turret_control -- -j16 -l16
[2.339s] Invoking command in '/home/alex/Desktop/2DOF-Turret/build/turret_control': /usr/bin/cmake --install /home/alex/Desktop/2DOF-Turret/build/turret_control
[2.343s] -- Install configuration: ""
[2.343s] -- Installing: /home/alex/Desktop/2DOF-Turret/install/turret_control/lib/turret_control/position_controller
[2.343s] -- Set runtime path of "/home/alex/Desktop/2DOF-Turret/install/turret_control/lib/turret_control/position_controller" to ""
[2.343s] -- Installing: /home/alex/Desktop/2DOF-Turret/install/turret_control/share/ament_index/resource_index/package_run_dependencies/turret_control
[2.343s] -- Installing: /home/alex/Desktop/2DOF-Turret/install/turret_control/share/ament_index/resource_index/parent_prefix_path/turret_control
[2.344s] -- Installing: /home/alex/Desktop/2DOF-Turret/install/turret_control/share/turret_control/environment/ament_prefix_path.sh
[2.344s] -- Installing: /home/alex/Desktop/2DOF-Turret/install/turret_control/share/turret_control/environment/ament_prefix_path.dsv
[2.344s] -- Installing: /home/alex/Desktop/2DOF-Turret/install/turret_control/share/turret_control/environment/path.sh
[2.344s] -- Installing: /home/alex/Desktop/2DOF-Turret/install/turret_control/share/turret_control/environment/path.dsv
[2.344s] -- Installing: /home/alex/Desktop/2DOF-Turret/install/turret_control/share/turret_control/local_setup.bash
[2.344s] -- Installing: /home/alex/Desktop/2DOF-Turret/install/turret_control/share/turret_control/local_setup.sh
[2.344s] -- Installing: /home/alex/Desktop/2DOF-Turret/install/turret_control/share/turret_control/local_setup.zsh
[2.344s] -- Installing: /home/alex/Desktop/2DOF-Turret/install/turret_control/share/turret_control/local_setup.dsv
[2.344s] -- Installing: /home/alex/Desktop/2DOF-Turret/install/turret_control/share/turret_control/package.dsv
[2.344s] -- Installing: /home/alex/Desktop/2DOF-Turret/install/turret_control/share/ament_index/resource_index/packages/turret_control
[2.345s] -- Installing: /home/alex/Desktop/2DOF-Turret/install/turret_control/share/turret_control/cmake/turret_controlConfig.cmake
[2.345s] -- Installing: /home/alex/Desktop/2DOF-Turret/install/turret_control/share/turret_control/cmake/turret_controlConfig-version.cmake
[2.345s] -- Installing: /home/alex/Desktop/2DOF-Turret/install/turret_control/share/turret_control/package.xml
[2.346s] Invoked command in '/home/alex/Desktop/2DOF-Turret/build/turret_control' returned '0': /usr/bin/cmake --install /home/alex/Desktop/2DOF-Turret/build/turret_control
