[0.078s] DEBUG:colcon:Command line arguments: ['/usr/bin/colcon', 'build', '--symlink-install']
[0.078s] DEBUG:colcon:Parsed command line arguments: Namespace(log_base=None, log_level=None, verb_name='build', build_base='build', install_base='install', merge_install=False, symlink_install=True, test_result_base=None, continue_on_error=False, executor='parallel', parallel_workers=16, event_handlers=None, ignore_user_meta=False, metas=['./colcon.meta'], base_paths=['.'], packages_ignore=None, packages_ignore_regex=None, paths=None, packages_up_to=None, packages_up_to_regex=None, packages_above=None, packages_above_and_dependencies=None, packages_above_depth=None, packages_select_by_dep=None, packages_skip_by_dep=None, packages_skip_up_to=None, packages_select_build_failed=False, packages_skip_build_finished=False, packages_select_test_failures=False, packages_skip_test_passed=False, packages_select=None, packages_skip=None, packages_select_regex=None, packages_skip_regex=None, packages_start=None, packages_end=None, allow_overriding=[], cmake_args=None, cmake_target=None, cmake_target_skip_unavailable=False, cmake_clean_cache=False, cmake_clean_first=False, cmake_force_configure=False, ament_cmake_args=None, catkin_cmake_args=None, catkin_skip_building_tests=False, mixin_files=None, mixin=None, verb_parser=<colcon_mixin.mixin.mixin_argument.MixinArgumentDecorator object at 0x7baf566d5d50>, verb_extension=<colcon_core.verb.build.BuildVerb object at 0x7baf568573d0>, main=<bound method BuildVerb.main of <colcon_core.verb.build.BuildVerb object at 0x7baf568573d0>>, mixin_verb=('build',))
[0.175s] Level 1:colcon.colcon_core.package_discovery:discover_packages(colcon_meta) check parameters
[0.175s] Level 1:colcon.colcon_core.package_discovery:discover_packages(recursive) check parameters
[0.175s] Level 1:colcon.colcon_core.package_discovery:discover_packages(ignore) check parameters
[0.175s] Level 1:colcon.colcon_core.package_discovery:discover_packages(path) check parameters
[0.175s] Level 1:colcon.colcon_core.package_discovery:discover_packages(colcon_meta) discover
[0.175s] Level 1:colcon.colcon_core.package_discovery:discover_packages(recursive) discover
[0.175s] INFO:colcon.colcon_core.package_discovery:Crawling recursively for packages in '/home/alex/Desktop/2DOF-Turret/2dof_ros2_ws'
[0.175s] Level 1:colcon.colcon_core.package_identification:_identify(.) by extensions ['ignore', 'ignore_ament_install']
[0.175s] Level 1:colcon.colcon_core.package_identification:_identify(.) by extension 'ignore'
[0.175s] Level 1:colcon.colcon_core.package_identification:_identify(.) by extension 'ignore_ament_install'
[0.175s] Level 1:colcon.colcon_core.package_identification:_identify(.) by extensions ['colcon_pkg']
[0.175s] Level 1:colcon.colcon_core.package_identification:_identify(.) by extension 'colcon_pkg'
[0.175s] Level 1:colcon.colcon_core.package_identification:_identify(.) by extensions ['colcon_meta']
[0.175s] Level 1:colcon.colcon_core.package_identification:_identify(.) by extension 'colcon_meta'
[0.175s] Level 1:colcon.colcon_core.package_identification:_identify(.) by extensions ['ros']
[0.175s] Level 1:colcon.colcon_core.package_identification:_identify(.) by extension 'ros'
[0.181s] Level 1:colcon.colcon_core.package_identification:_identify(.) by extensions ['cmake', 'python']
[0.181s] Level 1:colcon.colcon_core.package_identification:_identify(.) by extension 'cmake'
[0.181s] Level 1:colcon.colcon_core.package_identification:_identify(.) by extension 'python'
[0.181s] Level 1:colcon.colcon_core.package_identification:_identify(.) by extensions ['python_setup_py']
[0.181s] Level 1:colcon.colcon_core.package_identification:_identify(.) by extension 'python_setup_py'
[0.181s] Level 1:colcon.colcon_core.package_identification:_identify(build) by extensions ['ignore', 'ignore_ament_install']
[0.182s] Level 1:colcon.colcon_core.package_identification:_identify(build) by extension 'ignore'
[0.182s] Level 1:colcon.colcon_core.package_identification:_identify(build) ignored
[0.182s] Level 1:colcon.colcon_core.package_identification:_identify(install) by extensions ['ignore', 'ignore_ament_install']
[0.182s] Level 1:colcon.colcon_core.package_identification:_identify(install) by extension 'ignore'
[0.182s] Level 1:colcon.colcon_core.package_identification:_identify(install) ignored
[0.182s] Level 1:colcon.colcon_core.package_identification:_identify(log) by extensions ['ignore', 'ignore_ament_install']
[0.182s] Level 1:colcon.colcon_core.package_identification:_identify(log) by extension 'ignore'
[0.182s] Level 1:colcon.colcon_core.package_identification:_identify(log) ignored
[0.182s] Level 1:colcon.colcon_core.package_identification:_identify(src) by extensions ['ignore', 'ignore_ament_install']
[0.182s] Level 1:colcon.colcon_core.package_identification:_identify(src) by extension 'ignore'
[0.182s] Level 1:colcon.colcon_core.package_identification:_identify(src) by extension 'ignore_ament_install'
[0.182s] Level 1:colcon.colcon_core.package_identification:_identify(src) by extensions ['colcon_pkg']
[0.182s] Level 1:colcon.colcon_core.package_identification:_identify(src) by extension 'colcon_pkg'
[0.182s] Level 1:colcon.colcon_core.package_identification:_identify(src) by extensions ['colcon_meta']
[0.182s] Level 1:colcon.colcon_core.package_identification:_identify(src) by extension 'colcon_meta'
[0.182s] Level 1:colcon.colcon_core.package_identification:_identify(src) by extensions ['ros']
[0.182s] Level 1:colcon.colcon_core.package_identification:_identify(src) by extension 'ros'
[0.182s] Level 1:colcon.colcon_core.package_identification:_identify(src) by extensions ['cmake', 'python']
[0.182s] Level 1:colcon.colcon_core.package_identification:_identify(src) by extension 'cmake'
[0.182s] Level 1:colcon.colcon_core.package_identification:_identify(src) by extension 'python'
[0.182s] Level 1:colcon.colcon_core.package_identification:_identify(src) by extensions ['python_setup_py']
[0.182s] Level 1:colcon.colcon_core.package_identification:_identify(src) by extension 'python_setup_py'
[0.182s] Level 1:colcon.colcon_core.package_identification:_identify(src/custom_msgs) by extensions ['ignore', 'ignore_ament_install']
[0.182s] Level 1:colcon.colcon_core.package_identification:_identify(src/custom_msgs) by extension 'ignore'
[0.182s] Level 1:colcon.colcon_core.package_identification:_identify(src/custom_msgs) by extension 'ignore_ament_install'
[0.182s] Level 1:colcon.colcon_core.package_identification:_identify(src/custom_msgs) by extensions ['colcon_pkg']
[0.182s] Level 1:colcon.colcon_core.package_identification:_identify(src/custom_msgs) by extension 'colcon_pkg'
[0.182s] Level 1:colcon.colcon_core.package_identification:_identify(src/custom_msgs) by extensions ['colcon_meta']
[0.182s] Level 1:colcon.colcon_core.package_identification:_identify(src/custom_msgs) by extension 'colcon_meta'
[0.182s] Level 1:colcon.colcon_core.package_identification:_identify(src/custom_msgs) by extensions ['ros']
[0.182s] Level 1:colcon.colcon_core.package_identification:_identify(src/custom_msgs) by extension 'ros'
[0.184s] DEBUG:colcon.colcon_core.package_identification:Package 'src/custom_msgs' with type 'ros.ament_cmake' and name 'custom_msgs'
[0.184s] Level 1:colcon.colcon_core.package_identification:_identify(src/turret_control) by extensions ['ignore', 'ignore_ament_install']
[0.184s] Level 1:colcon.colcon_core.package_identification:_identify(src/turret_control) by extension 'ignore'
[0.184s] Level 1:colcon.colcon_core.package_identification:_identify(src/turret_control) by extension 'ignore_ament_install'
[0.184s] Level 1:colcon.colcon_core.package_identification:_identify(src/turret_control) by extensions ['colcon_pkg']
[0.184s] Level 1:colcon.colcon_core.package_identification:_identify(src/turret_control) by extension 'colcon_pkg'
[0.184s] Level 1:colcon.colcon_core.package_identification:_identify(src/turret_control) by extensions ['colcon_meta']
[0.184s] Level 1:colcon.colcon_core.package_identification:_identify(src/turret_control) by extension 'colcon_meta'
[0.184s] Level 1:colcon.colcon_core.package_identification:_identify(src/turret_control) by extensions ['ros']
[0.184s] Level 1:colcon.colcon_core.package_identification:_identify(src/turret_control) by extension 'ros'
[0.185s] DEBUG:colcon.colcon_core.package_identification:Package 'src/turret_control' with type 'ros.ament_cmake' and name 'turret_control'
[0.185s] Level 1:colcon.colcon_core.package_discovery:discover_packages(recursive) using defaults
[0.185s] Level 1:colcon.colcon_core.package_discovery:discover_packages(ignore) discover
[0.185s] Level 1:colcon.colcon_core.package_discovery:discover_packages(ignore) using defaults
[0.185s] Level 1:colcon.colcon_core.package_discovery:discover_packages(path) discover
[0.185s] Level 1:colcon.colcon_core.package_discovery:discover_packages(path) using defaults
[0.204s] Level 1:colcon.colcon_core.package_discovery:discover_packages(prefix_path) check parameters
[0.204s] Level 1:colcon.colcon_core.package_discovery:discover_packages(prefix_path) discover
[0.205s] DEBUG:colcon.colcon_installed_package_information.package_discovery:Found 272 installed packages in /opt/ros/humble
[0.206s] Level 1:colcon.colcon_core.package_discovery:discover_packages(prefix_path) using defaults
[0.226s] Level 5:colcon.colcon_core.verb:set package 'custom_msgs' build argument 'cmake_args' from command line to 'None'
[0.226s] Level 5:colcon.colcon_core.verb:set package 'custom_msgs' build argument 'cmake_target' from command line to 'None'
[0.226s] Level 5:colcon.colcon_core.verb:set package 'custom_msgs' build argument 'cmake_target_skip_unavailable' from command line to 'False'
[0.226s] Level 5:colcon.colcon_core.verb:set package 'custom_msgs' build argument 'cmake_clean_cache' from command line to 'False'
[0.226s] Level 5:colcon.colcon_core.verb:set package 'custom_msgs' build argument 'cmake_clean_first' from command line to 'False'
[0.226s] Level 5:colcon.colcon_core.verb:set package 'custom_msgs' build argument 'cmake_force_configure' from command line to 'False'
[0.226s] Level 5:colcon.colcon_core.verb:set package 'custom_msgs' build argument 'ament_cmake_args' from command line to 'None'
[0.226s] Level 5:colcon.colcon_core.verb:set package 'custom_msgs' build argument 'catkin_cmake_args' from command line to 'None'
[0.226s] Level 5:colcon.colcon_core.verb:set package 'custom_msgs' build argument 'catkin_skip_building_tests' from command line to 'False'
[0.226s] DEBUG:colcon.colcon_core.verb:Building package 'custom_msgs' with the following arguments: {'ament_cmake_args': None, 'build_base': '/home/alex/Desktop/2DOF-Turret/2dof_ros2_ws/build/custom_msgs', 'catkin_cmake_args': None, 'catkin_skip_building_tests': False, 'cmake_args': None, 'cmake_clean_cache': False, 'cmake_clean_first': False, 'cmake_force_configure': False, 'cmake_target': None, 'cmake_target_skip_unavailable': False, 'install_base': '/home/alex/Desktop/2DOF-Turret/2dof_ros2_ws/install/custom_msgs', 'merge_install': False, 'path': '/home/alex/Desktop/2DOF-Turret/2dof_ros2_ws/src/custom_msgs', 'symlink_install': True, 'test_result_base': None}
[0.227s] Level 5:colcon.colcon_core.verb:set package 'turret_control' build argument 'cmake_args' from command line to 'None'
[0.227s] Level 5:colcon.colcon_core.verb:set package 'turret_control' build argument 'cmake_target' from command line to 'None'
[0.227s] Level 5:colcon.colcon_core.verb:set package 'turret_control' build argument 'cmake_target_skip_unavailable' from command line to 'False'
[0.227s] Level 5:colcon.colcon_core.verb:set package 'turret_control' build argument 'cmake_clean_cache' from command line to 'False'
[0.227s] Level 5:colcon.colcon_core.verb:set package 'turret_control' build argument 'cmake_clean_first' from command line to 'False'
[0.227s] Level 5:colcon.colcon_core.verb:set package 'turret_control' build argument 'cmake_force_configure' from command line to 'False'
[0.227s] Level 5:colcon.colcon_core.verb:set package 'turret_control' build argument 'ament_cmake_args' from command line to 'None'
[0.227s] Level 5:colcon.colcon_core.verb:set package 'turret_control' build argument 'catkin_cmake_args' from command line to 'None'
[0.227s] Level 5:colcon.colcon_core.verb:set package 'turret_control' build argument 'catkin_skip_building_tests' from command line to 'False'
[0.227s] DEBUG:colcon.colcon_core.verb:Building package 'turret_control' with the following arguments: {'ament_cmake_args': None, 'build_base': '/home/alex/Desktop/2DOF-Turret/2dof_ros2_ws/build/turret_control', 'catkin_cmake_args': None, 'catkin_skip_building_tests': False, 'cmake_args': None, 'cmake_clean_cache': False, 'cmake_clean_first': False, 'cmake_force_configure': False, 'cmake_target': None, 'cmake_target_skip_unavailable': False, 'install_base': '/home/alex/Desktop/2DOF-Turret/2dof_ros2_ws/install/turret_control', 'merge_install': False, 'path': '/home/alex/Desktop/2DOF-Turret/2dof_ros2_ws/src/turret_control', 'symlink_install': True, 'test_result_base': None}
[0.227s] INFO:colcon.colcon_core.executor:Executing jobs using 'parallel' executor
[0.227s] DEBUG:colcon.colcon_parallel_executor.executor.parallel:run_until_complete
[0.228s] INFO:colcon.colcon_ros.task.ament_cmake.build:Building ROS package in '/home/alex/Desktop/2DOF-Turret/2dof_ros2_ws/src/custom_msgs' with build type 'ament_cmake'
[0.228s] INFO:colcon.colcon_cmake.task.cmake.build:Building CMake package in '/home/alex/Desktop/2DOF-Turret/2dof_ros2_ws/src/custom_msgs'
[0.229s] INFO:colcon.colcon_core.plugin_system:Skipping extension 'colcon_core.shell.bat': Not used on non-Windows systems
[0.229s] INFO:colcon.colcon_core.shell:Skip shell extension 'powershell' for command environment: Not usable outside of PowerShell
[0.229s] DEBUG:colcon.colcon_core.shell:Skip shell extension 'dsv' for command environment
[0.233s] DEBUG:colcon.colcon_core.event_handler.log_command:Invoking command in '/home/alex/Desktop/2DOF-Turret/2dof_ros2_ws/build/custom_msgs': /usr/bin/cmake /home/alex/Desktop/2DOF-Turret/2dof_ros2_ws/src/custom_msgs -DAMENT_CMAKE_SYMLINK_INSTALL=1 -DCMAKE_INSTALL_PREFIX=/home/alex/Desktop/2DOF-Turret/2dof_ros2_ws/install/custom_msgs
[1.110s] DEBUG:colcon.colcon_core.event_handler.log_command:Invoked command in '/home/alex/Desktop/2DOF-Turret/2dof_ros2_ws/build/custom_msgs' returned '0': /usr/bin/cmake /home/alex/Desktop/2DOF-Turret/2dof_ros2_ws/src/custom_msgs -DAMENT_CMAKE_SYMLINK_INSTALL=1 -DCMAKE_INSTALL_PREFIX=/home/alex/Desktop/2DOF-Turret/2dof_ros2_ws/install/custom_msgs
[1.111s] DEBUG:colcon.colcon_core.event_handler.log_command:Invoking command in '/home/alex/Desktop/2DOF-Turret/2dof_ros2_ws/build/custom_msgs': /usr/bin/cmake --build /home/alex/Desktop/2DOF-Turret/2dof_ros2_ws/build/custom_msgs -- -j16 -l16
[2.255s] DEBUG:colcon.colcon_core.event_handler.log_command:Invoked command in '/home/alex/Desktop/2DOF-Turret/2dof_ros2_ws/build/custom_msgs' returned '0': /usr/bin/cmake --build /home/alex/Desktop/2DOF-Turret/2dof_ros2_ws/build/custom_msgs -- -j16 -l16
[2.261s] DEBUG:colcon.colcon_core.event_handler.log_command:Invoking command in '/home/alex/Desktop/2DOF-Turret/2dof_ros2_ws/build/custom_msgs': /usr/bin/cmake --install /home/alex/Desktop/2DOF-Turret/2dof_ros2_ws/build/custom_msgs
[2.604s] Level 1:colcon.colcon_core.environment:create_environment_scripts_only(custom_msgs)
[2.605s] DEBUG:colcon.colcon_core.event_handler.log_command:Invoked command in '/home/alex/Desktop/2DOF-Turret/2dof_ros2_ws/build/custom_msgs' returned '0': /usr/bin/cmake --install /home/alex/Desktop/2DOF-Turret/2dof_ros2_ws/build/custom_msgs
[2.606s] Level 1:colcon.colcon_core.environment:checking '/home/alex/Desktop/2DOF-Turret/2dof_ros2_ws/install/custom_msgs' for CMake module files
[2.606s] Level 1:colcon.colcon_core.environment:checking '/home/alex/Desktop/2DOF-Turret/2dof_ros2_ws/install/custom_msgs' for CMake config files
[2.607s] Level 1:colcon.colcon_core.shell:create_environment_hook('custom_msgs', 'cmake_prefix_path')
[2.607s] INFO:colcon.colcon_core.shell:Creating environment hook '/home/alex/Desktop/2DOF-Turret/2dof_ros2_ws/install/custom_msgs/share/custom_msgs/hook/cmake_prefix_path.ps1'
[2.607s] INFO:colcon.colcon_core.shell:Creating environment descriptor '/home/alex/Desktop/2DOF-Turret/2dof_ros2_ws/install/custom_msgs/share/custom_msgs/hook/cmake_prefix_path.dsv'
[2.608s] INFO:colcon.colcon_core.shell:Creating environment hook '/home/alex/Desktop/2DOF-Turret/2dof_ros2_ws/install/custom_msgs/share/custom_msgs/hook/cmake_prefix_path.sh'
[2.608s] Level 1:colcon.colcon_core.environment:checking '/home/alex/Desktop/2DOF-Turret/2dof_ros2_ws/install/custom_msgs/lib'
[2.608s] Level 1:colcon.colcon_core.shell:create_environment_hook('custom_msgs', 'ld_library_path_lib')
[2.608s] INFO:colcon.colcon_core.shell:Creating environment hook '/home/alex/Desktop/2DOF-Turret/2dof_ros2_ws/install/custom_msgs/share/custom_msgs/hook/ld_library_path_lib.ps1'
[2.609s] INFO:colcon.colcon_core.shell:Creating environment descriptor '/home/alex/Desktop/2DOF-Turret/2dof_ros2_ws/install/custom_msgs/share/custom_msgs/hook/ld_library_path_lib.dsv'
[2.609s] INFO:colcon.colcon_core.shell:Creating environment hook '/home/alex/Desktop/2DOF-Turret/2dof_ros2_ws/install/custom_msgs/share/custom_msgs/hook/ld_library_path_lib.sh'
[2.609s] Level 1:colcon.colcon_core.environment:checking '/home/alex/Desktop/2DOF-Turret/2dof_ros2_ws/install/custom_msgs/bin'
[2.609s] Level 1:colcon.colcon_core.environment:checking '/home/alex/Desktop/2DOF-Turret/2dof_ros2_ws/install/custom_msgs/lib/pkgconfig/custom_msgs.pc'
[2.609s] Level 1:colcon.colcon_core.environment:checking '/home/alex/Desktop/2DOF-Turret/2dof_ros2_ws/install/custom_msgs/lib/python3.10/site-packages'
[2.609s] Level 1:colcon.colcon_core.environment:checking '/home/alex/Desktop/2DOF-Turret/2dof_ros2_ws/install/custom_msgs/bin'
[2.610s] INFO:colcon.colcon_core.shell:Creating package script '/home/alex/Desktop/2DOF-Turret/2dof_ros2_ws/install/custom_msgs/share/custom_msgs/package.ps1'
[2.610s] INFO:colcon.colcon_core.shell:Creating package descriptor '/home/alex/Desktop/2DOF-Turret/2dof_ros2_ws/install/custom_msgs/share/custom_msgs/package.dsv'
[2.610s] INFO:colcon.colcon_core.shell:Creating package script '/home/alex/Desktop/2DOF-Turret/2dof_ros2_ws/install/custom_msgs/share/custom_msgs/package.sh'
[2.611s] INFO:colcon.colcon_core.shell:Creating package script '/home/alex/Desktop/2DOF-Turret/2dof_ros2_ws/install/custom_msgs/share/custom_msgs/package.bash'
[2.611s] INFO:colcon.colcon_core.shell:Creating package script '/home/alex/Desktop/2DOF-Turret/2dof_ros2_ws/install/custom_msgs/share/custom_msgs/package.zsh'
[2.612s] Level 1:colcon.colcon_core.environment:create_file_with_runtime_dependencies(/home/alex/Desktop/2DOF-Turret/2dof_ros2_ws/install/custom_msgs/share/colcon-core/packages/custom_msgs)
[2.612s] Level 1:colcon.colcon_core.environment:create_environment_scripts_only(custom_msgs)
[2.612s] Level 1:colcon.colcon_core.environment:checking '/home/alex/Desktop/2DOF-Turret/2dof_ros2_ws/install/custom_msgs' for CMake module files
[2.613s] Level 1:colcon.colcon_core.environment:checking '/home/alex/Desktop/2DOF-Turret/2dof_ros2_ws/install/custom_msgs' for CMake config files
[2.613s] Level 1:colcon.colcon_core.shell:create_environment_hook('custom_msgs', 'cmake_prefix_path')
[2.613s] INFO:colcon.colcon_core.shell:Creating environment hook '/home/alex/Desktop/2DOF-Turret/2dof_ros2_ws/install/custom_msgs/share/custom_msgs/hook/cmake_prefix_path.ps1'
[2.613s] INFO:colcon.colcon_core.shell:Creating environment descriptor '/home/alex/Desktop/2DOF-Turret/2dof_ros2_ws/install/custom_msgs/share/custom_msgs/hook/cmake_prefix_path.dsv'
[2.614s] INFO:colcon.colcon_core.shell:Creating environment hook '/home/alex/Desktop/2DOF-Turret/2dof_ros2_ws/install/custom_msgs/share/custom_msgs/hook/cmake_prefix_path.sh'
[2.614s] Level 1:colcon.colcon_core.environment:checking '/home/alex/Desktop/2DOF-Turret/2dof_ros2_ws/install/custom_msgs/lib'
[2.614s] Level 1:colcon.colcon_core.shell:create_environment_hook('custom_msgs', 'ld_library_path_lib')
[2.614s] INFO:colcon.colcon_core.shell:Creating environment hook '/home/alex/Desktop/2DOF-Turret/2dof_ros2_ws/install/custom_msgs/share/custom_msgs/hook/ld_library_path_lib.ps1'
[2.614s] INFO:colcon.colcon_core.shell:Creating environment descriptor '/home/alex/Desktop/2DOF-Turret/2dof_ros2_ws/install/custom_msgs/share/custom_msgs/hook/ld_library_path_lib.dsv'
[2.615s] INFO:colcon.colcon_core.shell:Creating environment hook '/home/alex/Desktop/2DOF-Turret/2dof_ros2_ws/install/custom_msgs/share/custom_msgs/hook/ld_library_path_lib.sh'
[2.615s] Level 1:colcon.colcon_core.environment:checking '/home/alex/Desktop/2DOF-Turret/2dof_ros2_ws/install/custom_msgs/bin'
[2.615s] Level 1:colcon.colcon_core.environment:checking '/home/alex/Desktop/2DOF-Turret/2dof_ros2_ws/install/custom_msgs/lib/pkgconfig/custom_msgs.pc'
[2.615s] Level 1:colcon.colcon_core.environment:checking '/home/alex/Desktop/2DOF-Turret/2dof_ros2_ws/install/custom_msgs/lib/python3.10/site-packages'
[2.615s] Level 1:colcon.colcon_core.environment:checking '/home/alex/Desktop/2DOF-Turret/2dof_ros2_ws/install/custom_msgs/bin'
[2.615s] INFO:colcon.colcon_core.shell:Creating package script '/home/alex/Desktop/2DOF-Turret/2dof_ros2_ws/install/custom_msgs/share/custom_msgs/package.ps1'
[2.616s] INFO:colcon.colcon_core.shell:Creating package descriptor '/home/alex/Desktop/2DOF-Turret/2dof_ros2_ws/install/custom_msgs/share/custom_msgs/package.dsv'
[2.616s] INFO:colcon.colcon_core.shell:Creating package script '/home/alex/Desktop/2DOF-Turret/2dof_ros2_ws/install/custom_msgs/share/custom_msgs/package.sh'
[2.616s] INFO:colcon.colcon_core.shell:Creating package script '/home/alex/Desktop/2DOF-Turret/2dof_ros2_ws/install/custom_msgs/share/custom_msgs/package.bash'
[2.616s] INFO:colcon.colcon_core.shell:Creating package script '/home/alex/Desktop/2DOF-Turret/2dof_ros2_ws/install/custom_msgs/share/custom_msgs/package.zsh'
[2.617s] Level 1:colcon.colcon_core.environment:create_file_with_runtime_dependencies(/home/alex/Desktop/2DOF-Turret/2dof_ros2_ws/install/custom_msgs/share/colcon-core/packages/custom_msgs)
[2.617s] INFO:colcon.colcon_ros.task.ament_cmake.build:Building ROS package in '/home/alex/Desktop/2DOF-Turret/2dof_ros2_ws/src/turret_control' with build type 'ament_cmake'
[2.617s] INFO:colcon.colcon_cmake.task.cmake.build:Building CMake package in '/home/alex/Desktop/2DOF-Turret/2dof_ros2_ws/src/turret_control'
[2.617s] INFO:colcon.colcon_core.shell:Skip shell extension 'powershell' for command environment: Not usable outside of PowerShell
[2.617s] DEBUG:colcon.colcon_core.shell:Skip shell extension 'dsv' for command environment
[2.622s] DEBUG:colcon.colcon_core.event_handler.log_command:Invoking command in '/home/alex/Desktop/2DOF-Turret/2dof_ros2_ws/build/turret_control': AMENT_PREFIX_PATH=/home/alex/Desktop/2DOF-Turret/2dof_ros2_ws/install/custom_msgs:${AMENT_PREFIX_PATH} CMAKE_PREFIX_PATH=/home/alex/Desktop/2DOF-Turret/2dof_ros2_ws/install/custom_msgs:/opt/ros/humble LD_LIBRARY_PATH=/home/alex/Desktop/2DOF-Turret/2dof_ros2_ws/install/custom_msgs/lib:${LD_LIBRARY_PATH} PYTHONPATH=/home/alex/Desktop/2DOF-Turret/2dof_ros2_ws/install/custom_msgs/local/lib/python3.10/dist-packages:${PYTHONPATH} /usr/bin/cmake /home/alex/Desktop/2DOF-Turret/2dof_ros2_ws/src/turret_control -DAMENT_CMAKE_SYMLINK_INSTALL=1 -DCMAKE_INSTALL_PREFIX=/home/alex/Desktop/2DOF-Turret/2dof_ros2_ws/install/turret_control
[3.285s] DEBUG:colcon.colcon_core.event_handler.log_command:Invoked command in '/home/alex/Desktop/2DOF-Turret/2dof_ros2_ws/build/turret_control' returned '0': AMENT_PREFIX_PATH=/home/alex/Desktop/2DOF-Turret/2dof_ros2_ws/install/custom_msgs:${AMENT_PREFIX_PATH} CMAKE_PREFIX_PATH=/home/alex/Desktop/2DOF-Turret/2dof_ros2_ws/install/custom_msgs:/opt/ros/humble LD_LIBRARY_PATH=/home/alex/Desktop/2DOF-Turret/2dof_ros2_ws/install/custom_msgs/lib:${LD_LIBRARY_PATH} PYTHONPATH=/home/alex/Desktop/2DOF-Turret/2dof_ros2_ws/install/custom_msgs/local/lib/python3.10/dist-packages:${PYTHONPATH} /usr/bin/cmake /home/alex/Desktop/2DOF-Turret/2dof_ros2_ws/src/turret_control -DAMENT_CMAKE_SYMLINK_INSTALL=1 -DCMAKE_INSTALL_PREFIX=/home/alex/Desktop/2DOF-Turret/2dof_ros2_ws/install/turret_control
[3.286s] DEBUG:colcon.colcon_core.event_handler.log_command:Invoking command in '/home/alex/Desktop/2DOF-Turret/2dof_ros2_ws/build/turret_control': AMENT_PREFIX_PATH=/home/alex/Desktop/2DOF-Turret/2dof_ros2_ws/install/custom_msgs:${AMENT_PREFIX_PATH} CMAKE_PREFIX_PATH=/home/alex/Desktop/2DOF-Turret/2dof_ros2_ws/install/custom_msgs:/opt/ros/humble LD_LIBRARY_PATH=/home/alex/Desktop/2DOF-Turret/2dof_ros2_ws/install/custom_msgs/lib:${LD_LIBRARY_PATH} PYTHONPATH=/home/alex/Desktop/2DOF-Turret/2dof_ros2_ws/install/custom_msgs/local/lib/python3.10/dist-packages:${PYTHONPATH} /usr/bin/cmake --build /home/alex/Desktop/2DOF-Turret/2dof_ros2_ws/build/turret_control -- -j16 -l16
[6.759s] DEBUG:colcon.colcon_core.event_handler.log_command:Invoked command in '/home/alex/Desktop/2DOF-Turret/2dof_ros2_ws/build/turret_control' returned '0': AMENT_PREFIX_PATH=/home/alex/Desktop/2DOF-Turret/2dof_ros2_ws/install/custom_msgs:${AMENT_PREFIX_PATH} CMAKE_PREFIX_PATH=/home/alex/Desktop/2DOF-Turret/2dof_ros2_ws/install/custom_msgs:/opt/ros/humble LD_LIBRARY_PATH=/home/alex/Desktop/2DOF-Turret/2dof_ros2_ws/install/custom_msgs/lib:${LD_LIBRARY_PATH} PYTHONPATH=/home/alex/Desktop/2DOF-Turret/2dof_ros2_ws/install/custom_msgs/local/lib/python3.10/dist-packages:${PYTHONPATH} /usr/bin/cmake --build /home/alex/Desktop/2DOF-Turret/2dof_ros2_ws/build/turret_control -- -j16 -l16
[6.761s] DEBUG:colcon.colcon_core.event_handler.log_command:Invoking command in '/home/alex/Desktop/2DOF-Turret/2dof_ros2_ws/build/turret_control': AMENT_PREFIX_PATH=/home/alex/Desktop/2DOF-Turret/2dof_ros2_ws/install/custom_msgs:${AMENT_PREFIX_PATH} CMAKE_PREFIX_PATH=/home/alex/Desktop/2DOF-Turret/2dof_ros2_ws/install/custom_msgs:/opt/ros/humble LD_LIBRARY_PATH=/home/alex/Desktop/2DOF-Turret/2dof_ros2_ws/install/custom_msgs/lib:${LD_LIBRARY_PATH} PYTHONPATH=/home/alex/Desktop/2DOF-Turret/2dof_ros2_ws/install/custom_msgs/local/lib/python3.10/dist-packages:${PYTHONPATH} /usr/bin/cmake --install /home/alex/Desktop/2DOF-Turret/2dof_ros2_ws/build/turret_control
[6.845s] Level 1:colcon.colcon_core.environment:create_environment_scripts_only(turret_control)
[6.845s] Level 1:colcon.colcon_core.environment:checking '/home/alex/Desktop/2DOF-Turret/2dof_ros2_ws/install/turret_control' for CMake module files
[6.845s] DEBUG:colcon.colcon_core.event_handler.log_command:Invoked command in '/home/alex/Desktop/2DOF-Turret/2dof_ros2_ws/build/turret_control' returned '0': AMENT_PREFIX_PATH=/home/alex/Desktop/2DOF-Turret/2dof_ros2_ws/install/custom_msgs:${AMENT_PREFIX_PATH} CMAKE_PREFIX_PATH=/home/alex/Desktop/2DOF-Turret/2dof_ros2_ws/install/custom_msgs:/opt/ros/humble LD_LIBRARY_PATH=/home/alex/Desktop/2DOF-Turret/2dof_ros2_ws/install/custom_msgs/lib:${LD_LIBRARY_PATH} PYTHONPATH=/home/alex/Desktop/2DOF-Turret/2dof_ros2_ws/install/custom_msgs/local/lib/python3.10/dist-packages:${PYTHONPATH} /usr/bin/cmake --install /home/alex/Desktop/2DOF-Turret/2dof_ros2_ws/build/turret_control
[6.845s] Level 1:colcon.colcon_core.environment:checking '/home/alex/Desktop/2DOF-Turret/2dof_ros2_ws/install/turret_control' for CMake config files
[6.846s] Level 1:colcon.colcon_core.shell:create_environment_hook('turret_control', 'cmake_prefix_path')
[6.846s] INFO:colcon.colcon_core.shell:Creating environment hook '/home/alex/Desktop/2DOF-Turret/2dof_ros2_ws/install/turret_control/share/turret_control/hook/cmake_prefix_path.ps1'
[6.846s] INFO:colcon.colcon_core.shell:Creating environment descriptor '/home/alex/Desktop/2DOF-Turret/2dof_ros2_ws/install/turret_control/share/turret_control/hook/cmake_prefix_path.dsv'
[6.846s] INFO:colcon.colcon_core.shell:Creating environment hook '/home/alex/Desktop/2DOF-Turret/2dof_ros2_ws/install/turret_control/share/turret_control/hook/cmake_prefix_path.sh'
[6.846s] Level 1:colcon.colcon_core.environment:checking '/home/alex/Desktop/2DOF-Turret/2dof_ros2_ws/install/turret_control/lib'
[6.847s] Level 1:colcon.colcon_core.environment:checking '/home/alex/Desktop/2DOF-Turret/2dof_ros2_ws/install/turret_control/bin'
[6.847s] Level 1:colcon.colcon_core.environment:checking '/home/alex/Desktop/2DOF-Turret/2dof_ros2_ws/install/turret_control/lib/pkgconfig/turret_control.pc'
[6.847s] Level 1:colcon.colcon_core.environment:checking '/home/alex/Desktop/2DOF-Turret/2dof_ros2_ws/install/turret_control/lib/python3.10/site-packages'
[6.847s] Level 1:colcon.colcon_core.environment:checking '/home/alex/Desktop/2DOF-Turret/2dof_ros2_ws/install/turret_control/bin'
[6.847s] INFO:colcon.colcon_core.shell:Creating package script '/home/alex/Desktop/2DOF-Turret/2dof_ros2_ws/install/turret_control/share/turret_control/package.ps1'
[6.847s] INFO:colcon.colcon_core.shell:Creating package descriptor '/home/alex/Desktop/2DOF-Turret/2dof_ros2_ws/install/turret_control/share/turret_control/package.dsv'
[6.847s] INFO:colcon.colcon_core.shell:Creating package script '/home/alex/Desktop/2DOF-Turret/2dof_ros2_ws/install/turret_control/share/turret_control/package.sh'
[6.848s] INFO:colcon.colcon_core.shell:Creating package script '/home/alex/Desktop/2DOF-Turret/2dof_ros2_ws/install/turret_control/share/turret_control/package.bash'
[6.848s] INFO:colcon.colcon_core.shell:Creating package script '/home/alex/Desktop/2DOF-Turret/2dof_ros2_ws/install/turret_control/share/turret_control/package.zsh'
[6.848s] Level 1:colcon.colcon_core.environment:create_file_with_runtime_dependencies(/home/alex/Desktop/2DOF-Turret/2dof_ros2_ws/install/turret_control/share/colcon-core/packages/turret_control)
[6.848s] Level 1:colcon.colcon_core.environment:create_environment_scripts_only(turret_control)
[6.848s] Level 1:colcon.colcon_core.environment:checking '/home/alex/Desktop/2DOF-Turret/2dof_ros2_ws/install/turret_control' for CMake module files
[6.849s] Level 1:colcon.colcon_core.environment:checking '/home/alex/Desktop/2DOF-Turret/2dof_ros2_ws/install/turret_control' for CMake config files
[6.849s] Level 1:colcon.colcon_core.shell:create_environment_hook('turret_control', 'cmake_prefix_path')
[6.849s] INFO:colcon.colcon_core.shell:Creating environment hook '/home/alex/Desktop/2DOF-Turret/2dof_ros2_ws/install/turret_control/share/turret_control/hook/cmake_prefix_path.ps1'
[6.849s] INFO:colcon.colcon_core.shell:Creating environment descriptor '/home/alex/Desktop/2DOF-Turret/2dof_ros2_ws/install/turret_control/share/turret_control/hook/cmake_prefix_path.dsv'
[6.849s] INFO:colcon.colcon_core.shell:Creating environment hook '/home/alex/Desktop/2DOF-Turret/2dof_ros2_ws/install/turret_control/share/turret_control/hook/cmake_prefix_path.sh'
[6.850s] Level 1:colcon.colcon_core.environment:checking '/home/alex/Desktop/2DOF-Turret/2dof_ros2_ws/install/turret_control/lib'
[6.850s] Level 1:colcon.colcon_core.environment:checking '/home/alex/Desktop/2DOF-Turret/2dof_ros2_ws/install/turret_control/bin'
[6.850s] Level 1:colcon.colcon_core.environment:checking '/home/alex/Desktop/2DOF-Turret/2dof_ros2_ws/install/turret_control/lib/pkgconfig/turret_control.pc'
[6.850s] Level 1:colcon.colcon_core.environment:checking '/home/alex/Desktop/2DOF-Turret/2dof_ros2_ws/install/turret_control/lib/python3.10/site-packages'
[6.850s] Level 1:colcon.colcon_core.environment:checking '/home/alex/Desktop/2DOF-Turret/2dof_ros2_ws/install/turret_control/bin'
[6.850s] INFO:colcon.colcon_core.shell:Creating package script '/home/alex/Desktop/2DOF-Turret/2dof_ros2_ws/install/turret_control/share/turret_control/package.ps1'
[6.851s] INFO:colcon.colcon_core.shell:Creating package descriptor '/home/alex/Desktop/2DOF-Turret/2dof_ros2_ws/install/turret_control/share/turret_control/package.dsv'
[6.851s] INFO:colcon.colcon_core.shell:Creating package script '/home/alex/Desktop/2DOF-Turret/2dof_ros2_ws/install/turret_control/share/turret_control/package.sh'
[6.851s] INFO:colcon.colcon_core.shell:Creating package script '/home/alex/Desktop/2DOF-Turret/2dof_ros2_ws/install/turret_control/share/turret_control/package.bash'
[6.851s] INFO:colcon.colcon_core.shell:Creating package script '/home/alex/Desktop/2DOF-Turret/2dof_ros2_ws/install/turret_control/share/turret_control/package.zsh'
[6.852s] Level 1:colcon.colcon_core.environment:create_file_with_runtime_dependencies(/home/alex/Desktop/2DOF-Turret/2dof_ros2_ws/install/turret_control/share/colcon-core/packages/turret_control)
[6.852s] DEBUG:colcon.colcon_parallel_executor.executor.parallel:closing loop
[6.852s] DEBUG:colcon.colcon_parallel_executor.executor.parallel:loop closed
[6.852s] DEBUG:colcon.colcon_parallel_executor.executor.parallel:run_until_complete finished with '0'
[6.852s] DEBUG:colcon.colcon_core.event_reactor:joining thread
[6.855s] INFO:colcon.colcon_core.plugin_system:Skipping extension 'colcon_notification.desktop_notification.terminal_notifier': Not used on non-Darwin systems
[6.855s] INFO:colcon.colcon_core.plugin_system:Skipping extension 'colcon_notification.desktop_notification.win32': Not used on non-Windows systems
[6.855s] INFO:colcon.colcon_notification.desktop_notification:Sending desktop notification using 'notify2'
[6.862s] DEBUG:colcon.colcon_core.event_reactor:joined thread
[6.862s] INFO:colcon.colcon_core.shell:Creating prefix script '/home/alex/Desktop/2DOF-Turret/2dof_ros2_ws/install/local_setup.ps1'
[6.862s] INFO:colcon.colcon_core.shell:Creating prefix util module '/home/alex/Desktop/2DOF-Turret/2dof_ros2_ws/install/_local_setup_util_ps1.py'
[6.863s] INFO:colcon.colcon_core.shell:Creating prefix chain script '/home/alex/Desktop/2DOF-Turret/2dof_ros2_ws/install/setup.ps1'
[6.864s] INFO:colcon.colcon_core.shell:Creating prefix script '/home/alex/Desktop/2DOF-Turret/2dof_ros2_ws/install/local_setup.sh'
[6.864s] INFO:colcon.colcon_core.shell:Creating prefix util module '/home/alex/Desktop/2DOF-Turret/2dof_ros2_ws/install/_local_setup_util_sh.py'
[6.864s] INFO:colcon.colcon_core.shell:Creating prefix chain script '/home/alex/Desktop/2DOF-Turret/2dof_ros2_ws/install/setup.sh'
[6.865s] INFO:colcon.colcon_core.shell:Creating prefix script '/home/alex/Desktop/2DOF-Turret/2dof_ros2_ws/install/local_setup.bash'
[6.865s] INFO:colcon.colcon_core.shell:Creating prefix chain script '/home/alex/Desktop/2DOF-Turret/2dof_ros2_ws/install/setup.bash'
[6.866s] INFO:colcon.colcon_core.shell:Creating prefix script '/home/alex/Desktop/2DOF-Turret/2dof_ros2_ws/install/local_setup.zsh'
[6.866s] INFO:colcon.colcon_core.shell:Creating prefix chain script '/home/alex/Desktop/2DOF-Turret/2dof_ros2_ws/install/setup.zsh'
