[0.061s] DEBUG:colcon:Command line arguments: ['/usr/bin/colcon', 'build', '--symlink-install']
[0.061s] DEBUG:colcon:Parsed command line arguments: Namespace(log_base=None, log_level=None, verb_name='build', build_base='build', install_base='install', merge_install=False, symlink_install=True, test_result_base=None, continue_on_error=False, executor='parallel', parallel_workers=16, event_handlers=None, ignore_user_meta=False, metas=['./colcon.meta'], base_paths=['.'], packages_ignore=None, packages_ignore_regex=None, paths=None, packages_up_to=None, packages_up_to_regex=None, packages_above=None, packages_above_and_dependencies=None, packages_above_depth=None, packages_select_by_dep=None, packages_skip_by_dep=None, packages_skip_up_to=None, packages_select_build_failed=False, packages_skip_build_finished=False, packages_select_test_failures=False, packages_skip_test_passed=False, packages_select=None, packages_skip=None, packages_select_regex=None, packages_skip_regex=None, packages_start=None, packages_end=None, allow_overriding=[], cmake_args=None, cmake_target=None, cmake_target_skip_unavailable=False, cmake_clean_cache=False, cmake_clean_first=False, cmake_force_configure=False, ament_cmake_args=None, catkin_cmake_args=None, catkin_skip_building_tests=False, mixin_files=None, mixin=None, verb_parser=<colcon_mixin.mixin.mixin_argument.MixinArgumentDecorator object at 0x73f80f6d5f90>, verb_extension=<colcon_core.verb.build.BuildVerb object at 0x73f80f84b610>, main=<bound method BuildVerb.main of <colcon_core.verb.build.BuildVerb object at 0x73f80f84b610>>, mixin_verb=('build',))
[0.157s] Level 1:colcon.colcon_core.package_discovery:discover_packages(colcon_meta) check parameters
[0.157s] Level 1:colcon.colcon_core.package_discovery:discover_packages(recursive) check parameters
[0.157s] Level 1:colcon.colcon_core.package_discovery:discover_packages(ignore) check parameters
[0.157s] Level 1:colcon.colcon_core.package_discovery:discover_packages(path) check parameters
[0.157s] Level 1:colcon.colcon_core.package_discovery:discover_packages(colcon_meta) discover
[0.157s] Level 1:colcon.colcon_core.package_discovery:discover_packages(recursive) discover
[0.157s] INFO:colcon.colcon_core.package_discovery:Crawling recursively for packages in '/home/alex/Desktop/2DOF-Turret/2dof_ros2_ws'
[0.157s] Level 1:colcon.colcon_core.package_identification:_identify(.) by extensions ['ignore', 'ignore_ament_install']
[0.157s] Level 1:colcon.colcon_core.package_identification:_identify(.) by extension 'ignore'
[0.157s] Level 1:colcon.colcon_core.package_identification:_identify(.) by extension 'ignore_ament_install'
[0.157s] Level 1:colcon.colcon_core.package_identification:_identify(.) by extensions ['colcon_pkg']
[0.158s] Level 1:colcon.colcon_core.package_identification:_identify(.) by extension 'colcon_pkg'
[0.158s] Level 1:colcon.colcon_core.package_identification:_identify(.) by extensions ['colcon_meta']
[0.158s] Level 1:colcon.colcon_core.package_identification:_identify(.) by extension 'colcon_meta'
[0.158s] Level 1:colcon.colcon_core.package_identification:_identify(.) by extensions ['ros']
[0.158s] Level 1:colcon.colcon_core.package_identification:_identify(.) by extension 'ros'
[0.164s] Level 1:colcon.colcon_core.package_identification:_identify(.) by extensions ['cmake', 'python']
[0.164s] Level 1:colcon.colcon_core.package_identification:_identify(.) by extension 'cmake'
[0.164s] Level 1:colcon.colcon_core.package_identification:_identify(.) by extension 'python'
[0.164s] Level 1:colcon.colcon_core.package_identification:_identify(.) by extensions ['python_setup_py']
[0.164s] Level 1:colcon.colcon_core.package_identification:_identify(.) by extension 'python_setup_py'
[0.164s] Level 1:colcon.colcon_core.package_identification:_identify(build) by extensions ['ignore', 'ignore_ament_install']
[0.164s] Level 1:colcon.colcon_core.package_identification:_identify(build) by extension 'ignore'
[0.164s] Level 1:colcon.colcon_core.package_identification:_identify(build) ignored
[0.164s] Level 1:colcon.colcon_core.package_identification:_identify(install) by extensions ['ignore', 'ignore_ament_install']
[0.164s] Level 1:colcon.colcon_core.package_identification:_identify(install) by extension 'ignore'
[0.164s] Level 1:colcon.colcon_core.package_identification:_identify(install) ignored
[0.164s] Level 1:colcon.colcon_core.package_identification:_identify(log) by extensions ['ignore', 'ignore_ament_install']
[0.164s] Level 1:colcon.colcon_core.package_identification:_identify(log) by extension 'ignore'
[0.164s] Level 1:colcon.colcon_core.package_identification:_identify(log) ignored
[0.164s] Level 1:colcon.colcon_core.package_identification:_identify(src) by extensions ['ignore', 'ignore_ament_install']
[0.164s] Level 1:colcon.colcon_core.package_identification:_identify(src) by extension 'ignore'
[0.164s] Level 1:colcon.colcon_core.package_identification:_identify(src) by extension 'ignore_ament_install'
[0.165s] Level 1:colcon.colcon_core.package_identification:_identify(src) by extensions ['colcon_pkg']
[0.165s] Level 1:colcon.colcon_core.package_identification:_identify(src) by extension 'colcon_pkg'
[0.165s] Level 1:colcon.colcon_core.package_identification:_identify(src) by extensions ['colcon_meta']
[0.165s] Level 1:colcon.colcon_core.package_identification:_identify(src) by extension 'colcon_meta'
[0.165s] Level 1:colcon.colcon_core.package_identification:_identify(src) by extensions ['ros']
[0.165s] Level 1:colcon.colcon_core.package_identification:_identify(src) by extension 'ros'
[0.165s] Level 1:colcon.colcon_core.package_identification:_identify(src) by extensions ['cmake', 'python']
[0.165s] Level 1:colcon.colcon_core.package_identification:_identify(src) by extension 'cmake'
[0.165s] Level 1:colcon.colcon_core.package_identification:_identify(src) by extension 'python'
[0.165s] Level 1:colcon.colcon_core.package_identification:_identify(src) by extensions ['python_setup_py']
[0.165s] Level 1:colcon.colcon_core.package_identification:_identify(src) by extension 'python_setup_py'
[0.165s] Level 1:colcon.colcon_core.package_identification:_identify(src/custom_msgs) by extensions ['ignore', 'ignore_ament_install']
[0.165s] Level 1:colcon.colcon_core.package_identification:_identify(src/custom_msgs) by extension 'ignore'
[0.165s] Level 1:colcon.colcon_core.package_identification:_identify(src/custom_msgs) by extension 'ignore_ament_install'
[0.165s] Level 1:colcon.colcon_core.package_identification:_identify(src/custom_msgs) by extensions ['colcon_pkg']
[0.165s] Level 1:colcon.colcon_core.package_identification:_identify(src/custom_msgs) by extension 'colcon_pkg'
[0.165s] Level 1:colcon.colcon_core.package_identification:_identify(src/custom_msgs) by extensions ['colcon_meta']
[0.165s] Level 1:colcon.colcon_core.package_identification:_identify(src/custom_msgs) by extension 'colcon_meta'
[0.165s] Level 1:colcon.colcon_core.package_identification:_identify(src/custom_msgs) by extensions ['ros']
[0.165s] Level 1:colcon.colcon_core.package_identification:_identify(src/custom_msgs) by extension 'ros'
[0.166s] DEBUG:colcon.colcon_core.package_identification:Package 'src/custom_msgs' with type 'ros.ament_cmake' and name 'custom_msgs'
[0.166s] Level 1:colcon.colcon_core.package_identification:_identify(src/turret_control) by extensions ['ignore', 'ignore_ament_install']
[0.167s] Level 1:colcon.colcon_core.package_identification:_identify(src/turret_control) by extension 'ignore'
[0.167s] Level 1:colcon.colcon_core.package_identification:_identify(src/turret_control) by extension 'ignore_ament_install'
[0.167s] Level 1:colcon.colcon_core.package_identification:_identify(src/turret_control) by extensions ['colcon_pkg']
[0.167s] Level 1:colcon.colcon_core.package_identification:_identify(src/turret_control) by extension 'colcon_pkg'
[0.167s] Level 1:colcon.colcon_core.package_identification:_identify(src/turret_control) by extensions ['colcon_meta']
[0.167s] Level 1:colcon.colcon_core.package_identification:_identify(src/turret_control) by extension 'colcon_meta'
[0.167s] Level 1:colcon.colcon_core.package_identification:_identify(src/turret_control) by extensions ['ros']
[0.167s] Level 1:colcon.colcon_core.package_identification:_identify(src/turret_control) by extension 'ros'
[0.167s] DEBUG:colcon.colcon_core.package_identification:Package 'src/turret_control' with type 'ros.ament_cmake' and name 'turret_control'
[0.167s] Level 1:colcon.colcon_core.package_discovery:discover_packages(recursive) using defaults
[0.167s] Level 1:colcon.colcon_core.package_discovery:discover_packages(ignore) discover
[0.167s] Level 1:colcon.colcon_core.package_discovery:discover_packages(ignore) using defaults
[0.167s] Level 1:colcon.colcon_core.package_discovery:discover_packages(path) discover
[0.167s] Level 1:colcon.colcon_core.package_discovery:discover_packages(path) using defaults
[0.185s] Level 1:colcon.colcon_core.package_discovery:discover_packages(prefix_path) check parameters
[0.185s] Level 1:colcon.colcon_core.package_discovery:discover_packages(prefix_path) discover
[0.186s] DEBUG:colcon.colcon_installed_package_information.package_discovery:Found 2 installed packages in /home/alex/Desktop/2DOF-Turret/2dof_ros2_ws/install
[0.187s] DEBUG:colcon.colcon_installed_package_information.package_discovery:Found 272 installed packages in /opt/ros/humble
[0.188s] Level 1:colcon.colcon_core.package_discovery:discover_packages(prefix_path) using defaults
[0.209s] Level 5:colcon.colcon_core.verb:set package 'custom_msgs' build argument 'cmake_args' from command line to 'None'
[0.209s] Level 5:colcon.colcon_core.verb:set package 'custom_msgs' build argument 'cmake_target' from command line to 'None'
[0.209s] Level 5:colcon.colcon_core.verb:set package 'custom_msgs' build argument 'cmake_target_skip_unavailable' from command line to 'False'
[0.209s] Level 5:colcon.colcon_core.verb:set package 'custom_msgs' build argument 'cmake_clean_cache' from command line to 'False'
[0.209s] Level 5:colcon.colcon_core.verb:set package 'custom_msgs' build argument 'cmake_clean_first' from command line to 'False'
[0.209s] Level 5:colcon.colcon_core.verb:set package 'custom_msgs' build argument 'cmake_force_configure' from command line to 'False'
[0.209s] Level 5:colcon.colcon_core.verb:set package 'custom_msgs' build argument 'ament_cmake_args' from command line to 'None'
[0.209s] Level 5:colcon.colcon_core.verb:set package 'custom_msgs' build argument 'catkin_cmake_args' from command line to 'None'
[0.209s] Level 5:colcon.colcon_core.verb:set package 'custom_msgs' build argument 'catkin_skip_building_tests' from command line to 'False'
[0.209s] DEBUG:colcon.colcon_core.verb:Building package 'custom_msgs' with the following arguments: {'ament_cmake_args': None, 'build_base': '/home/alex/Desktop/2DOF-Turret/2dof_ros2_ws/build/custom_msgs', 'catkin_cmake_args': None, 'catkin_skip_building_tests': False, 'cmake_args': None, 'cmake_clean_cache': False, 'cmake_clean_first': False, 'cmake_force_configure': False, 'cmake_target': None, 'cmake_target_skip_unavailable': False, 'install_base': '/home/alex/Desktop/2DOF-Turret/2dof_ros2_ws/install/custom_msgs', 'merge_install': False, 'path': '/home/alex/Desktop/2DOF-Turret/2dof_ros2_ws/src/custom_msgs', 'symlink_install': True, 'test_result_base': None}
[0.209s] Level 5:colcon.colcon_core.verb:set package 'turret_control' build argument 'cmake_args' from command line to 'None'
[0.209s] Level 5:colcon.colcon_core.verb:set package 'turret_control' build argument 'cmake_target' from command line to 'None'
[0.209s] Level 5:colcon.colcon_core.verb:set package 'turret_control' build argument 'cmake_target_skip_unavailable' from command line to 'False'
[0.209s] Level 5:colcon.colcon_core.verb:set package 'turret_control' build argument 'cmake_clean_cache' from command line to 'False'
[0.209s] Level 5:colcon.colcon_core.verb:set package 'turret_control' build argument 'cmake_clean_first' from command line to 'False'
[0.209s] Level 5:colcon.colcon_core.verb:set package 'turret_control' build argument 'cmake_force_configure' from command line to 'False'
[0.209s] Level 5:colcon.colcon_core.verb:set package 'turret_control' build argument 'ament_cmake_args' from command line to 'None'
[0.209s] Level 5:colcon.colcon_core.verb:set package 'turret_control' build argument 'catkin_cmake_args' from command line to 'None'
[0.209s] Level 5:colcon.colcon_core.verb:set package 'turret_control' build argument 'catkin_skip_building_tests' from command line to 'False'
[0.209s] DEBUG:colcon.colcon_core.verb:Building package 'turret_control' with the following arguments: {'ament_cmake_args': None, 'build_base': '/home/alex/Desktop/2DOF-Turret/2dof_ros2_ws/build/turret_control', 'catkin_cmake_args': None, 'catkin_skip_building_tests': False, 'cmake_args': None, 'cmake_clean_cache': False, 'cmake_clean_first': False, 'cmake_force_configure': False, 'cmake_target': None, 'cmake_target_skip_unavailable': False, 'install_base': '/home/alex/Desktop/2DOF-Turret/2dof_ros2_ws/install/turret_control', 'merge_install': False, 'path': '/home/alex/Desktop/2DOF-Turret/2dof_ros2_ws/src/turret_control', 'symlink_install': True, 'test_result_base': None}
[0.209s] INFO:colcon.colcon_core.executor:Executing jobs using 'parallel' executor
[0.210s] DEBUG:colcon.colcon_parallel_executor.executor.parallel:run_until_complete
[0.210s] INFO:colcon.colcon_ros.task.ament_cmake.build:Building ROS package in '/home/alex/Desktop/2DOF-Turret/2dof_ros2_ws/src/custom_msgs' with build type 'ament_cmake'
[0.210s] INFO:colcon.colcon_cmake.task.cmake.build:Building CMake package in '/home/alex/Desktop/2DOF-Turret/2dof_ros2_ws/src/custom_msgs'
[0.211s] INFO:colcon.colcon_core.plugin_system:Skipping extension 'colcon_core.shell.bat': Not used on non-Windows systems
[0.211s] INFO:colcon.colcon_core.shell:Skip shell extension 'powershell' for command environment: Not usable outside of PowerShell
[0.211s] DEBUG:colcon.colcon_core.shell:Skip shell extension 'dsv' for command environment
[0.216s] DEBUG:colcon.colcon_core.event_handler.log_command:Invoking command in '/home/alex/Desktop/2DOF-Turret/2dof_ros2_ws/build/custom_msgs': /usr/bin/cmake --build /home/alex/Desktop/2DOF-Turret/2dof_ros2_ws/build/custom_msgs -- -j16 -l16
[0.425s] DEBUG:colcon.colcon_core.event_handler.log_command:Invoked command in '/home/alex/Desktop/2DOF-Turret/2dof_ros2_ws/build/custom_msgs' returned '0': /usr/bin/cmake --build /home/alex/Desktop/2DOF-Turret/2dof_ros2_ws/build/custom_msgs -- -j16 -l16
[0.431s] DEBUG:colcon.colcon_core.event_handler.log_command:Invoking command in '/home/alex/Desktop/2DOF-Turret/2dof_ros2_ws/build/custom_msgs': /usr/bin/cmake --install /home/alex/Desktop/2DOF-Turret/2dof_ros2_ws/build/custom_msgs
[0.472s] Level 1:colcon.colcon_core.environment:create_environment_scripts_only(custom_msgs)
[0.472s] DEBUG:colcon.colcon_core.event_handler.log_command:Invoked command in '/home/alex/Desktop/2DOF-Turret/2dof_ros2_ws/build/custom_msgs' returned '0': /usr/bin/cmake --install /home/alex/Desktop/2DOF-Turret/2dof_ros2_ws/build/custom_msgs
[0.474s] Level 1:colcon.colcon_core.environment:checking '/home/alex/Desktop/2DOF-Turret/2dof_ros2_ws/install/custom_msgs' for CMake module files
[0.474s] Level 1:colcon.colcon_core.environment:checking '/home/alex/Desktop/2DOF-Turret/2dof_ros2_ws/install/custom_msgs' for CMake config files
[0.475s] Level 1:colcon.colcon_core.shell:create_environment_hook('custom_msgs', 'cmake_prefix_path')
[0.475s] INFO:colcon.colcon_core.shell:Creating environment hook '/home/alex/Desktop/2DOF-Turret/2dof_ros2_ws/install/custom_msgs/share/custom_msgs/hook/cmake_prefix_path.ps1'
[0.475s] INFO:colcon.colcon_core.shell:Creating environment descriptor '/home/alex/Desktop/2DOF-Turret/2dof_ros2_ws/install/custom_msgs/share/custom_msgs/hook/cmake_prefix_path.dsv'
[0.475s] INFO:colcon.colcon_core.shell:Creating environment hook '/home/alex/Desktop/2DOF-Turret/2dof_ros2_ws/install/custom_msgs/share/custom_msgs/hook/cmake_prefix_path.sh'
[0.476s] Level 1:colcon.colcon_core.environment:checking '/home/alex/Desktop/2DOF-Turret/2dof_ros2_ws/install/custom_msgs/lib'
[0.476s] Level 1:colcon.colcon_core.shell:create_environment_hook('custom_msgs', 'ld_library_path_lib')
[0.476s] INFO:colcon.colcon_core.shell:Creating environment hook '/home/alex/Desktop/2DOF-Turret/2dof_ros2_ws/install/custom_msgs/share/custom_msgs/hook/ld_library_path_lib.ps1'
[0.476s] INFO:colcon.colcon_core.shell:Creating environment descriptor '/home/alex/Desktop/2DOF-Turret/2dof_ros2_ws/install/custom_msgs/share/custom_msgs/hook/ld_library_path_lib.dsv'
[0.476s] INFO:colcon.colcon_core.shell:Creating environment hook '/home/alex/Desktop/2DOF-Turret/2dof_ros2_ws/install/custom_msgs/share/custom_msgs/hook/ld_library_path_lib.sh'
[0.477s] Level 1:colcon.colcon_core.environment:checking '/home/alex/Desktop/2DOF-Turret/2dof_ros2_ws/install/custom_msgs/bin'
[0.477s] Level 1:colcon.colcon_core.environment:checking '/home/alex/Desktop/2DOF-Turret/2dof_ros2_ws/install/custom_msgs/lib/pkgconfig/custom_msgs.pc'
[0.477s] Level 1:colcon.colcon_core.environment:checking '/home/alex/Desktop/2DOF-Turret/2dof_ros2_ws/install/custom_msgs/lib/python3.10/site-packages'
[0.477s] Level 1:colcon.colcon_core.environment:checking '/home/alex/Desktop/2DOF-Turret/2dof_ros2_ws/install/custom_msgs/bin'
[0.477s] INFO:colcon.colcon_core.shell:Creating package script '/home/alex/Desktop/2DOF-Turret/2dof_ros2_ws/install/custom_msgs/share/custom_msgs/package.ps1'
[0.478s] INFO:colcon.colcon_core.shell:Creating package descriptor '/home/alex/Desktop/2DOF-Turret/2dof_ros2_ws/install/custom_msgs/share/custom_msgs/package.dsv'
[0.478s] INFO:colcon.colcon_core.shell:Creating package script '/home/alex/Desktop/2DOF-Turret/2dof_ros2_ws/install/custom_msgs/share/custom_msgs/package.sh'
[0.479s] INFO:colcon.colcon_core.shell:Creating package script '/home/alex/Desktop/2DOF-Turret/2dof_ros2_ws/install/custom_msgs/share/custom_msgs/package.bash'
[0.479s] INFO:colcon.colcon_core.shell:Creating package script '/home/alex/Desktop/2DOF-Turret/2dof_ros2_ws/install/custom_msgs/share/custom_msgs/package.zsh'
[0.480s] Level 1:colcon.colcon_core.environment:create_file_with_runtime_dependencies(/home/alex/Desktop/2DOF-Turret/2dof_ros2_ws/install/custom_msgs/share/colcon-core/packages/custom_msgs)
[0.480s] Level 1:colcon.colcon_core.environment:create_environment_scripts_only(custom_msgs)
[0.480s] Level 1:colcon.colcon_core.environment:checking '/home/alex/Desktop/2DOF-Turret/2dof_ros2_ws/install/custom_msgs' for CMake module files
[0.480s] Level 1:colcon.colcon_core.environment:checking '/home/alex/Desktop/2DOF-Turret/2dof_ros2_ws/install/custom_msgs' for CMake config files
[0.481s] Level 1:colcon.colcon_core.shell:create_environment_hook('custom_msgs', 'cmake_prefix_path')
[0.481s] INFO:colcon.colcon_core.shell:Creating environment hook '/home/alex/Desktop/2DOF-Turret/2dof_ros2_ws/install/custom_msgs/share/custom_msgs/hook/cmake_prefix_path.ps1'
[0.481s] INFO:colcon.colcon_core.shell:Creating environment descriptor '/home/alex/Desktop/2DOF-Turret/2dof_ros2_ws/install/custom_msgs/share/custom_msgs/hook/cmake_prefix_path.dsv'
[0.481s] INFO:colcon.colcon_core.shell:Creating environment hook '/home/alex/Desktop/2DOF-Turret/2dof_ros2_ws/install/custom_msgs/share/custom_msgs/hook/cmake_prefix_path.sh'
[0.482s] Level 1:colcon.colcon_core.environment:checking '/home/alex/Desktop/2DOF-Turret/2dof_ros2_ws/install/custom_msgs/lib'
[0.482s] Level 1:colcon.colcon_core.shell:create_environment_hook('custom_msgs', 'ld_library_path_lib')
[0.482s] INFO:colcon.colcon_core.shell:Creating environment hook '/home/alex/Desktop/2DOF-Turret/2dof_ros2_ws/install/custom_msgs/share/custom_msgs/hook/ld_library_path_lib.ps1'
[0.482s] INFO:colcon.colcon_core.shell:Creating environment descriptor '/home/alex/Desktop/2DOF-Turret/2dof_ros2_ws/install/custom_msgs/share/custom_msgs/hook/ld_library_path_lib.dsv'
[0.482s] INFO:colcon.colcon_core.shell:Creating environment hook '/home/alex/Desktop/2DOF-Turret/2dof_ros2_ws/install/custom_msgs/share/custom_msgs/hook/ld_library_path_lib.sh'
[0.483s] Level 1:colcon.colcon_core.environment:checking '/home/alex/Desktop/2DOF-Turret/2dof_ros2_ws/install/custom_msgs/bin'
[0.483s] Level 1:colcon.colcon_core.environment:checking '/home/alex/Desktop/2DOF-Turret/2dof_ros2_ws/install/custom_msgs/lib/pkgconfig/custom_msgs.pc'
[0.483s] Level 1:colcon.colcon_core.environment:checking '/home/alex/Desktop/2DOF-Turret/2dof_ros2_ws/install/custom_msgs/lib/python3.10/site-packages'
[0.483s] Level 1:colcon.colcon_core.environment:checking '/home/alex/Desktop/2DOF-Turret/2dof_ros2_ws/install/custom_msgs/bin'
[0.483s] INFO:colcon.colcon_core.shell:Creating package script '/home/alex/Desktop/2DOF-Turret/2dof_ros2_ws/install/custom_msgs/share/custom_msgs/package.ps1'
[0.484s] INFO:colcon.colcon_core.shell:Creating package descriptor '/home/alex/Desktop/2DOF-Turret/2dof_ros2_ws/install/custom_msgs/share/custom_msgs/package.dsv'
[0.484s] INFO:colcon.colcon_core.shell:Creating package script '/home/alex/Desktop/2DOF-Turret/2dof_ros2_ws/install/custom_msgs/share/custom_msgs/package.sh'
[0.484s] INFO:colcon.colcon_core.shell:Creating package script '/home/alex/Desktop/2DOF-Turret/2dof_ros2_ws/install/custom_msgs/share/custom_msgs/package.bash'
[0.484s] INFO:colcon.colcon_core.shell:Creating package script '/home/alex/Desktop/2DOF-Turret/2dof_ros2_ws/install/custom_msgs/share/custom_msgs/package.zsh'
[0.484s] Level 1:colcon.colcon_core.environment:create_file_with_runtime_dependencies(/home/alex/Desktop/2DOF-Turret/2dof_ros2_ws/install/custom_msgs/share/colcon-core/packages/custom_msgs)
[0.485s] INFO:colcon.colcon_ros.task.ament_cmake.build:Building ROS package in '/home/alex/Desktop/2DOF-Turret/2dof_ros2_ws/src/turret_control' with build type 'ament_cmake'
[0.485s] INFO:colcon.colcon_cmake.task.cmake.build:Building CMake package in '/home/alex/Desktop/2DOF-Turret/2dof_ros2_ws/src/turret_control'
[0.485s] INFO:colcon.colcon_core.shell:Skip shell extension 'powershell' for command environment: Not usable outside of PowerShell
[0.485s] DEBUG:colcon.colcon_core.shell:Skip shell extension 'dsv' for command environment
[0.490s] DEBUG:colcon.colcon_core.event_handler.log_command:Invoking command in '/home/alex/Desktop/2DOF-Turret/2dof_ros2_ws/build/turret_control': CMAKE_PREFIX_PATH=/home/alex/Desktop/2DOF-Turret/2dof_ros2_ws/install/custom_msgs:/home/alex/Desktop/2DOF-Turret/2dof_ros2_ws/install/turret_control:/opt/ros/humble /usr/bin/cmake --build /home/alex/Desktop/2DOF-Turret/2dof_ros2_ws/build/turret_control -- -j16 -l16
[3.720s] DEBUG:colcon.colcon_core.event_handler.log_command:Invoked command in '/home/alex/Desktop/2DOF-Turret/2dof_ros2_ws/build/turret_control' returned '0': CMAKE_PREFIX_PATH=/home/alex/Desktop/2DOF-Turret/2dof_ros2_ws/install/custom_msgs:/home/alex/Desktop/2DOF-Turret/2dof_ros2_ws/install/turret_control:/opt/ros/humble /usr/bin/cmake --build /home/alex/Desktop/2DOF-Turret/2dof_ros2_ws/build/turret_control -- -j16 -l16
[3.721s] DEBUG:colcon.colcon_core.event_handler.log_command:Invoking command in '/home/alex/Desktop/2DOF-Turret/2dof_ros2_ws/build/turret_control': CMAKE_PREFIX_PATH=/home/alex/Desktop/2DOF-Turret/2dof_ros2_ws/install/custom_msgs:/home/alex/Desktop/2DOF-Turret/2dof_ros2_ws/install/turret_control:/opt/ros/humble /usr/bin/cmake --install /home/alex/Desktop/2DOF-Turret/2dof_ros2_ws/build/turret_control
[3.732s] Level 1:colcon.colcon_core.environment:create_environment_scripts_only(turret_control)
[3.732s] Level 1:colcon.colcon_core.environment:checking '/home/alex/Desktop/2DOF-Turret/2dof_ros2_ws/install/turret_control' for CMake module files
[3.732s] DEBUG:colcon.colcon_core.event_handler.log_command:Invoked command in '/home/alex/Desktop/2DOF-Turret/2dof_ros2_ws/build/turret_control' returned '0': CMAKE_PREFIX_PATH=/home/alex/Desktop/2DOF-Turret/2dof_ros2_ws/install/custom_msgs:/home/alex/Desktop/2DOF-Turret/2dof_ros2_ws/install/turret_control:/opt/ros/humble /usr/bin/cmake --install /home/alex/Desktop/2DOF-Turret/2dof_ros2_ws/build/turret_control
[3.732s] Level 1:colcon.colcon_core.environment:checking '/home/alex/Desktop/2DOF-Turret/2dof_ros2_ws/install/turret_control' for CMake config files
[3.733s] Level 1:colcon.colcon_core.shell:create_environment_hook('turret_control', 'cmake_prefix_path')
[3.733s] INFO:colcon.colcon_core.shell:Creating environment hook '/home/alex/Desktop/2DOF-Turret/2dof_ros2_ws/install/turret_control/share/turret_control/hook/cmake_prefix_path.ps1'
[3.733s] INFO:colcon.colcon_core.shell:Creating environment descriptor '/home/alex/Desktop/2DOF-Turret/2dof_ros2_ws/install/turret_control/share/turret_control/hook/cmake_prefix_path.dsv'
[3.733s] INFO:colcon.colcon_core.shell:Creating environment hook '/home/alex/Desktop/2DOF-Turret/2dof_ros2_ws/install/turret_control/share/turret_control/hook/cmake_prefix_path.sh'
[3.733s] Level 1:colcon.colcon_core.environment:checking '/home/alex/Desktop/2DOF-Turret/2dof_ros2_ws/install/turret_control/lib'
[3.734s] Level 1:colcon.colcon_core.environment:checking '/home/alex/Desktop/2DOF-Turret/2dof_ros2_ws/install/turret_control/bin'
[3.734s] Level 1:colcon.colcon_core.environment:checking '/home/alex/Desktop/2DOF-Turret/2dof_ros2_ws/install/turret_control/lib/pkgconfig/turret_control.pc'
[3.734s] Level 1:colcon.colcon_core.environment:checking '/home/alex/Desktop/2DOF-Turret/2dof_ros2_ws/install/turret_control/lib/python3.10/site-packages'
[3.734s] Level 1:colcon.colcon_core.environment:checking '/home/alex/Desktop/2DOF-Turret/2dof_ros2_ws/install/turret_control/bin'
[3.734s] INFO:colcon.colcon_core.shell:Creating package script '/home/alex/Desktop/2DOF-Turret/2dof_ros2_ws/install/turret_control/share/turret_control/package.ps1'
[3.734s] INFO:colcon.colcon_core.shell:Creating package descriptor '/home/alex/Desktop/2DOF-Turret/2dof_ros2_ws/install/turret_control/share/turret_control/package.dsv'
[3.735s] INFO:colcon.colcon_core.shell:Creating package script '/home/alex/Desktop/2DOF-Turret/2dof_ros2_ws/install/turret_control/share/turret_control/package.sh'
[3.735s] INFO:colcon.colcon_core.shell:Creating package script '/home/alex/Desktop/2DOF-Turret/2dof_ros2_ws/install/turret_control/share/turret_control/package.bash'
[3.735s] INFO:colcon.colcon_core.shell:Creating package script '/home/alex/Desktop/2DOF-Turret/2dof_ros2_ws/install/turret_control/share/turret_control/package.zsh'
[3.735s] Level 1:colcon.colcon_core.environment:create_file_with_runtime_dependencies(/home/alex/Desktop/2DOF-Turret/2dof_ros2_ws/install/turret_control/share/colcon-core/packages/turret_control)
[3.736s] Level 1:colcon.colcon_core.environment:create_environment_scripts_only(turret_control)
[3.736s] Level 1:colcon.colcon_core.environment:checking '/home/alex/Desktop/2DOF-Turret/2dof_ros2_ws/install/turret_control' for CMake module files
[3.736s] Level 1:colcon.colcon_core.environment:checking '/home/alex/Desktop/2DOF-Turret/2dof_ros2_ws/install/turret_control' for CMake config files
[3.736s] Level 1:colcon.colcon_core.shell:create_environment_hook('turret_control', 'cmake_prefix_path')
[3.736s] INFO:colcon.colcon_core.shell:Creating environment hook '/home/alex/Desktop/2DOF-Turret/2dof_ros2_ws/install/turret_control/share/turret_control/hook/cmake_prefix_path.ps1'
[3.736s] INFO:colcon.colcon_core.shell:Creating environment descriptor '/home/alex/Desktop/2DOF-Turret/2dof_ros2_ws/install/turret_control/share/turret_control/hook/cmake_prefix_path.dsv'
[3.737s] INFO:colcon.colcon_core.shell:Creating environment hook '/home/alex/Desktop/2DOF-Turret/2dof_ros2_ws/install/turret_control/share/turret_control/hook/cmake_prefix_path.sh'
[3.737s] Level 1:colcon.colcon_core.environment:checking '/home/alex/Desktop/2DOF-Turret/2dof_ros2_ws/install/turret_control/lib'
[3.737s] Level 1:colcon.colcon_core.environment:checking '/home/alex/Desktop/2DOF-Turret/2dof_ros2_ws/install/turret_control/bin'
[3.737s] Level 1:colcon.colcon_core.environment:checking '/home/alex/Desktop/2DOF-Turret/2dof_ros2_ws/install/turret_control/lib/pkgconfig/turret_control.pc'
[3.737s] Level 1:colcon.colcon_core.environment:checking '/home/alex/Desktop/2DOF-Turret/2dof_ros2_ws/install/turret_control/lib/python3.10/site-packages'
[3.737s] Level 1:colcon.colcon_core.environment:checking '/home/alex/Desktop/2DOF-Turret/2dof_ros2_ws/install/turret_control/bin'
[3.737s] INFO:colcon.colcon_core.shell:Creating package script '/home/alex/Desktop/2DOF-Turret/2dof_ros2_ws/install/turret_control/share/turret_control/package.ps1'
[3.738s] INFO:colcon.colcon_core.shell:Creating package descriptor '/home/alex/Desktop/2DOF-Turret/2dof_ros2_ws/install/turret_control/share/turret_control/package.dsv'
[3.738s] INFO:colcon.colcon_core.shell:Creating package script '/home/alex/Desktop/2DOF-Turret/2dof_ros2_ws/install/turret_control/share/turret_control/package.sh'
[3.738s] INFO:colcon.colcon_core.shell:Creating package script '/home/alex/Desktop/2DOF-Turret/2dof_ros2_ws/install/turret_control/share/turret_control/package.bash'
[3.738s] INFO:colcon.colcon_core.shell:Creating package script '/home/alex/Desktop/2DOF-Turret/2dof_ros2_ws/install/turret_control/share/turret_control/package.zsh'
[3.739s] Level 1:colcon.colcon_core.environment:create_file_with_runtime_dependencies(/home/alex/Desktop/2DOF-Turret/2dof_ros2_ws/install/turret_control/share/colcon-core/packages/turret_control)
[3.739s] DEBUG:colcon.colcon_parallel_executor.executor.parallel:closing loop
[3.739s] DEBUG:colcon.colcon_parallel_executor.executor.parallel:loop closed
[3.739s] DEBUG:colcon.colcon_parallel_executor.executor.parallel:run_until_complete finished with '0'
[3.739s] DEBUG:colcon.colcon_core.event_reactor:joining thread
[3.742s] INFO:colcon.colcon_core.plugin_system:Skipping extension 'colcon_notification.desktop_notification.terminal_notifier': Not used on non-Darwin systems
[3.742s] INFO:colcon.colcon_core.plugin_system:Skipping extension 'colcon_notification.desktop_notification.win32': Not used on non-Windows systems
[3.742s] INFO:colcon.colcon_notification.desktop_notification:Sending desktop notification using 'notify2'
[3.750s] DEBUG:colcon.colcon_core.event_reactor:joined thread
[3.750s] INFO:colcon.colcon_core.shell:Creating prefix script '/home/alex/Desktop/2DOF-Turret/2dof_ros2_ws/install/local_setup.ps1'
[3.751s] INFO:colcon.colcon_core.shell:Creating prefix util module '/home/alex/Desktop/2DOF-Turret/2dof_ros2_ws/install/_local_setup_util_ps1.py'
[3.752s] INFO:colcon.colcon_core.shell:Creating prefix chain script '/home/alex/Desktop/2DOF-Turret/2dof_ros2_ws/install/setup.ps1'
[3.752s] INFO:colcon.colcon_core.shell:Creating prefix script '/home/alex/Desktop/2DOF-Turret/2dof_ros2_ws/install/local_setup.sh'
[3.752s] INFO:colcon.colcon_core.shell:Creating prefix util module '/home/alex/Desktop/2DOF-Turret/2dof_ros2_ws/install/_local_setup_util_sh.py'
[3.753s] INFO:colcon.colcon_core.shell:Creating prefix chain script '/home/alex/Desktop/2DOF-Turret/2dof_ros2_ws/install/setup.sh'
[3.753s] INFO:colcon.colcon_core.shell:Creating prefix script '/home/alex/Desktop/2DOF-Turret/2dof_ros2_ws/install/local_setup.bash'
[3.754s] INFO:colcon.colcon_core.shell:Creating prefix chain script '/home/alex/Desktop/2DOF-Turret/2dof_ros2_ws/install/setup.bash'
[3.754s] INFO:colcon.colcon_core.shell:Creating prefix script '/home/alex/Desktop/2DOF-Turret/2dof_ros2_ws/install/local_setup.zsh'
[3.755s] INFO:colcon.colcon_core.shell:Creating prefix chain script '/home/alex/Desktop/2DOF-Turret/2dof_ros2_ws/install/setup.zsh'
