[0.065s] DEBUG:colcon:Command line arguments: ['/usr/bin/colcon', 'build', '--packages-select', 'turret_control']
[0.065s] DEBUG:colcon:Parsed command line arguments: Namespace(log_base=None, log_level=None, verb_name='build', build_base='build', install_base='install', merge_install=False, symlink_install=False, test_result_base=None, continue_on_error=False, executor='parallel', parallel_workers=16, event_handlers=None, ignore_user_meta=False, metas=['./colcon.meta'], base_paths=['.'], packages_ignore=None, packages_ignore_regex=None, paths=None, packages_up_to=None, packages_up_to_regex=None, packages_above=None, packages_above_and_dependencies=None, packages_above_depth=None, packages_select_by_dep=None, packages_skip_by_dep=None, packages_skip_up_to=None, packages_select_build_failed=False, packages_skip_build_finished=False, packages_select_test_failures=False, packages_skip_test_passed=False, packages_select=['turret_control'], packages_skip=None, packages_select_regex=None, packages_skip_regex=None, packages_start=None, packages_end=None, allow_overriding=[], cmake_args=None, cmake_target=None, cmake_target_skip_unavailable=False, cmake_clean_cache=False, cmake_clean_first=False, cmake_force_configure=False, ament_cmake_args=None, catkin_cmake_args=None, catkin_skip_building_tests=False, mixin_files=None, mixin=None, verb_parser=<colcon_mixin.mixin.mixin_argument.MixinArgumentDecorator object at 0x7b752235e1d0>, verb_extension=<colcon_core.verb.build.BuildVerb object at 0x7b7522453850>, main=<bound method BuildVerb.main of <colcon_core.verb.build.BuildVerb object at 0x7b7522453850>>, mixin_verb=('build',))
[0.167s] Level 1:colcon.colcon_core.package_discovery:discover_packages(colcon_meta) check parameters
[0.167s] Level 1:colcon.colcon_core.package_discovery:discover_packages(recursive) check parameters
[0.167s] Level 1:colcon.colcon_core.package_discovery:discover_packages(ignore) check parameters
[0.167s] Level 1:colcon.colcon_core.package_discovery:discover_packages(path) check parameters
[0.167s] Level 1:colcon.colcon_core.package_discovery:discover_packages(colcon_meta) discover
[0.167s] Level 1:colcon.colcon_core.package_discovery:discover_packages(recursive) discover
[0.167s] INFO:colcon.colcon_core.package_discovery:Crawling recursively for packages in '/home/alex/Desktop/2DOF-Turret'
[0.167s] Level 1:colcon.colcon_core.package_identification:_identify(.) by extensions ['ignore', 'ignore_ament_install']
[0.167s] Level 1:colcon.colcon_core.package_identification:_identify(.) by extension 'ignore'
[0.167s] Level 1:colcon.colcon_core.package_identification:_identify(.) by extension 'ignore_ament_install'
[0.167s] Level 1:colcon.colcon_core.package_identification:_identify(.) by extensions ['colcon_pkg']
[0.167s] Level 1:colcon.colcon_core.package_identification:_identify(.) by extension 'colcon_pkg'
[0.167s] Level 1:colcon.colcon_core.package_identification:_identify(.) by extensions ['colcon_meta']
[0.167s] Level 1:colcon.colcon_core.package_identification:_identify(.) by extension 'colcon_meta'
[0.167s] Level 1:colcon.colcon_core.package_identification:_identify(.) by extensions ['ros']
[0.167s] Level 1:colcon.colcon_core.package_identification:_identify(.) by extension 'ros'
[0.174s] Level 1:colcon.colcon_core.package_identification:_identify(.) by extensions ['cmake', 'python']
[0.174s] Level 1:colcon.colcon_core.package_identification:_identify(.) by extension 'cmake'
[0.174s] Level 1:colcon.colcon_core.package_identification:_identify(.) by extension 'python'
[0.174s] Level 1:colcon.colcon_core.package_identification:_identify(.) by extensions ['python_setup_py']
[0.174s] Level 1:colcon.colcon_core.package_identification:_identify(.) by extension 'python_setup_py'
[0.174s] Level 1:colcon.colcon_core.package_identification:_identify(2dof_ros2_ws) by extensions ['ignore', 'ignore_ament_install']
[0.174s] Level 1:colcon.colcon_core.package_identification:_identify(2dof_ros2_ws) by extension 'ignore'
[0.174s] Level 1:colcon.colcon_core.package_identification:_identify(2dof_ros2_ws) by extension 'ignore_ament_install'
[0.174s] Level 1:colcon.colcon_core.package_identification:_identify(2dof_ros2_ws) by extensions ['colcon_pkg']
[0.174s] Level 1:colcon.colcon_core.package_identification:_identify(2dof_ros2_ws) by extension 'colcon_pkg'
[0.174s] Level 1:colcon.colcon_core.package_identification:_identify(2dof_ros2_ws) by extensions ['colcon_meta']
[0.174s] Level 1:colcon.colcon_core.package_identification:_identify(2dof_ros2_ws) by extension 'colcon_meta'
[0.174s] Level 1:colcon.colcon_core.package_identification:_identify(2dof_ros2_ws) by extensions ['ros']
[0.174s] Level 1:colcon.colcon_core.package_identification:_identify(2dof_ros2_ws) by extension 'ros'
[0.174s] Level 1:colcon.colcon_core.package_identification:_identify(2dof_ros2_ws) by extensions ['cmake', 'python']
[0.174s] Level 1:colcon.colcon_core.package_identification:_identify(2dof_ros2_ws) by extension 'cmake'
[0.174s] Level 1:colcon.colcon_core.package_identification:_identify(2dof_ros2_ws) by extension 'python'
[0.174s] Level 1:colcon.colcon_core.package_identification:_identify(2dof_ros2_ws) by extensions ['python_setup_py']
[0.175s] Level 1:colcon.colcon_core.package_identification:_identify(2dof_ros2_ws) by extension 'python_setup_py'
[0.175s] Level 1:colcon.colcon_core.package_identification:_identify(2dof_ros2_ws/build) by extensions ['ignore', 'ignore_ament_install']
[0.175s] Level 1:colcon.colcon_core.package_identification:_identify(2dof_ros2_ws/build) by extension 'ignore'
[0.175s] Level 1:colcon.colcon_core.package_identification:_identify(2dof_ros2_ws/build) ignored
[0.175s] Level 1:colcon.colcon_core.package_identification:_identify(2dof_ros2_ws/install) by extensions ['ignore', 'ignore_ament_install']
[0.175s] Level 1:colcon.colcon_core.package_identification:_identify(2dof_ros2_ws/install) by extension 'ignore'
[0.175s] Level 1:colcon.colcon_core.package_identification:_identify(2dof_ros2_ws/install) ignored
[0.175s] Level 1:colcon.colcon_core.package_identification:_identify(2dof_ros2_ws/log) by extensions ['ignore', 'ignore_ament_install']
[0.175s] Level 1:colcon.colcon_core.package_identification:_identify(2dof_ros2_ws/log) by extension 'ignore'
[0.175s] Level 1:colcon.colcon_core.package_identification:_identify(2dof_ros2_ws/log) ignored
[0.175s] Level 1:colcon.colcon_core.package_identification:_identify(2dof_ros2_ws/src) by extensions ['ignore', 'ignore_ament_install']
[0.175s] Level 1:colcon.colcon_core.package_identification:_identify(2dof_ros2_ws/src) by extension 'ignore'
[0.175s] Level 1:colcon.colcon_core.package_identification:_identify(2dof_ros2_ws/src) by extension 'ignore_ament_install'
[0.175s] Level 1:colcon.colcon_core.package_identification:_identify(2dof_ros2_ws/src) by extensions ['colcon_pkg']
[0.175s] Level 1:colcon.colcon_core.package_identification:_identify(2dof_ros2_ws/src) by extension 'colcon_pkg'
[0.175s] Level 1:colcon.colcon_core.package_identification:_identify(2dof_ros2_ws/src) by extensions ['colcon_meta']
[0.175s] Level 1:colcon.colcon_core.package_identification:_identify(2dof_ros2_ws/src) by extension 'colcon_meta'
[0.175s] Level 1:colcon.colcon_core.package_identification:_identify(2dof_ros2_ws/src) by extensions ['ros']
[0.175s] Level 1:colcon.colcon_core.package_identification:_identify(2dof_ros2_ws/src) by extension 'ros'
[0.175s] Level 1:colcon.colcon_core.package_identification:_identify(2dof_ros2_ws/src) by extensions ['cmake', 'python']
[0.175s] Level 1:colcon.colcon_core.package_identification:_identify(2dof_ros2_ws/src) by extension 'cmake'
[0.175s] Level 1:colcon.colcon_core.package_identification:_identify(2dof_ros2_ws/src) by extension 'python'
[0.175s] Level 1:colcon.colcon_core.package_identification:_identify(2dof_ros2_ws/src) by extensions ['python_setup_py']
[0.175s] Level 1:colcon.colcon_core.package_identification:_identify(2dof_ros2_ws/src) by extension 'python_setup_py'
[0.175s] Level 1:colcon.colcon_core.package_identification:_identify(2dof_ros2_ws/src/custom_msgs) by extensions ['ignore', 'ignore_ament_install']
[0.175s] Level 1:colcon.colcon_core.package_identification:_identify(2dof_ros2_ws/src/custom_msgs) by extension 'ignore'
[0.175s] Level 1:colcon.colcon_core.package_identification:_identify(2dof_ros2_ws/src/custom_msgs) by extension 'ignore_ament_install'
[0.175s] Level 1:colcon.colcon_core.package_identification:_identify(2dof_ros2_ws/src/custom_msgs) by extensions ['colcon_pkg']
[0.175s] Level 1:colcon.colcon_core.package_identification:_identify(2dof_ros2_ws/src/custom_msgs) by extension 'colcon_pkg'
[0.176s] Level 1:colcon.colcon_core.package_identification:_identify(2dof_ros2_ws/src/custom_msgs) by extensions ['colcon_meta']
[0.176s] Level 1:colcon.colcon_core.package_identification:_identify(2dof_ros2_ws/src/custom_msgs) by extension 'colcon_meta'
[0.176s] Level 1:colcon.colcon_core.package_identification:_identify(2dof_ros2_ws/src/custom_msgs) by extensions ['ros']
[0.176s] Level 1:colcon.colcon_core.package_identification:_identify(2dof_ros2_ws/src/custom_msgs) by extension 'ros'
[0.177s] DEBUG:colcon.colcon_core.package_identification:Package '2dof_ros2_ws/src/custom_msgs' with type 'ros.ament_cmake' and name 'custom_msgs'
[0.177s] Level 1:colcon.colcon_core.package_identification:_identify(2dof_ros2_ws/src/turret_control) by extensions ['ignore', 'ignore_ament_install']
[0.177s] Level 1:colcon.colcon_core.package_identification:_identify(2dof_ros2_ws/src/turret_control) by extension 'ignore'
[0.177s] Level 1:colcon.colcon_core.package_identification:_identify(2dof_ros2_ws/src/turret_control) by extension 'ignore_ament_install'
[0.177s] Level 1:colcon.colcon_core.package_identification:_identify(2dof_ros2_ws/src/turret_control) by extensions ['colcon_pkg']
[0.177s] Level 1:colcon.colcon_core.package_identification:_identify(2dof_ros2_ws/src/turret_control) by extension 'colcon_pkg'
[0.177s] Level 1:colcon.colcon_core.package_identification:_identify(2dof_ros2_ws/src/turret_control) by extensions ['colcon_meta']
[0.177s] Level 1:colcon.colcon_core.package_identification:_identify(2dof_ros2_ws/src/turret_control) by extension 'colcon_meta'
[0.177s] Level 1:colcon.colcon_core.package_identification:_identify(2dof_ros2_ws/src/turret_control) by extensions ['ros']
[0.177s] Level 1:colcon.colcon_core.package_identification:_identify(2dof_ros2_ws/src/turret_control) by extension 'ros'
[0.178s] DEBUG:colcon.colcon_core.package_identification:Package '2dof_ros2_ws/src/turret_control' with type 'ros.ament_cmake' and name 'turret_control'
[0.178s] Level 1:colcon.colcon_core.package_identification:_identify(build) by extensions ['ignore', 'ignore_ament_install']
[0.178s] Level 1:colcon.colcon_core.package_identification:_identify(build) by extension 'ignore'
[0.178s] Level 1:colcon.colcon_core.package_identification:_identify(build) ignored
[0.178s] Level 1:colcon.colcon_core.package_identification:_identify(docs) by extensions ['ignore', 'ignore_ament_install']
[0.178s] Level 1:colcon.colcon_core.package_identification:_identify(docs) by extension 'ignore'
[0.178s] Level 1:colcon.colcon_core.package_identification:_identify(docs) by extension 'ignore_ament_install'
[0.178s] Level 1:colcon.colcon_core.package_identification:_identify(docs) by extensions ['colcon_pkg']
[0.178s] Level 1:colcon.colcon_core.package_identification:_identify(docs) by extension 'colcon_pkg'
[0.178s] Level 1:colcon.colcon_core.package_identification:_identify(docs) by extensions ['colcon_meta']
[0.178s] Level 1:colcon.colcon_core.package_identification:_identify(docs) by extension 'colcon_meta'
[0.178s] Level 1:colcon.colcon_core.package_identification:_identify(docs) by extensions ['ros']
[0.178s] Level 1:colcon.colcon_core.package_identification:_identify(docs) by extension 'ros'
[0.178s] Level 1:colcon.colcon_core.package_identification:_identify(docs) by extensions ['cmake', 'python']
[0.178s] Level 1:colcon.colcon_core.package_identification:_identify(docs) by extension 'cmake'
[0.178s] Level 1:colcon.colcon_core.package_identification:_identify(docs) by extension 'python'
[0.178s] Level 1:colcon.colcon_core.package_identification:_identify(docs) by extensions ['python_setup_py']
[0.178s] Level 1:colcon.colcon_core.package_identification:_identify(docs) by extension 'python_setup_py'
[0.178s] Level 1:colcon.colcon_core.package_identification:_identify(install) by extensions ['ignore', 'ignore_ament_install']
[0.178s] Level 1:colcon.colcon_core.package_identification:_identify(install) by extension 'ignore'
[0.179s] Level 1:colcon.colcon_core.package_identification:_identify(install) ignored
[0.179s] Level 1:colcon.colcon_core.package_identification:_identify(log) by extensions ['ignore', 'ignore_ament_install']
[0.179s] Level 1:colcon.colcon_core.package_identification:_identify(log) by extension 'ignore'
[0.179s] Level 1:colcon.colcon_core.package_identification:_identify(log) ignored
[0.179s] Level 1:colcon.colcon_core.package_discovery:discover_packages(recursive) using defaults
[0.179s] Level 1:colcon.colcon_core.package_discovery:discover_packages(ignore) discover
[0.179s] Level 1:colcon.colcon_core.package_discovery:discover_packages(ignore) using defaults
[0.179s] Level 1:colcon.colcon_core.package_discovery:discover_packages(path) discover
[0.179s] Level 1:colcon.colcon_core.package_discovery:discover_packages(path) using defaults
[0.197s] INFO:colcon.colcon_core.package_selection:Skipping not selected package 'custom_msgs' in '2dof_ros2_ws/src/custom_msgs'
[0.197s] Level 1:colcon.colcon_core.package_discovery:discover_packages(prefix_path) check parameters
[0.197s] Level 1:colcon.colcon_core.package_discovery:discover_packages(prefix_path) discover
[0.198s] DEBUG:colcon.colcon_installed_package_information.package_discovery:Found 2 installed packages in /home/alex/Desktop/2DOF-Turret/2dof_ros2_ws/install
[0.199s] DEBUG:colcon.colcon_installed_package_information.package_discovery:Found 272 installed packages in /opt/ros/humble
[0.199s] Level 1:colcon.colcon_core.package_discovery:discover_packages(prefix_path) using defaults
[0.220s] Level 5:colcon.colcon_core.verb:set package 'turret_control' build argument 'cmake_args' from command line to 'None'
[0.220s] Level 5:colcon.colcon_core.verb:set package 'turret_control' build argument 'cmake_target' from command line to 'None'
[0.220s] Level 5:colcon.colcon_core.verb:set package 'turret_control' build argument 'cmake_target_skip_unavailable' from command line to 'False'
[0.220s] Level 5:colcon.colcon_core.verb:set package 'turret_control' build argument 'cmake_clean_cache' from command line to 'False'
[0.220s] Level 5:colcon.colcon_core.verb:set package 'turret_control' build argument 'cmake_clean_first' from command line to 'False'
[0.220s] Level 5:colcon.colcon_core.verb:set package 'turret_control' build argument 'cmake_force_configure' from command line to 'False'
[0.220s] Level 5:colcon.colcon_core.verb:set package 'turret_control' build argument 'ament_cmake_args' from command line to 'None'
[0.220s] Level 5:colcon.colcon_core.verb:set package 'turret_control' build argument 'catkin_cmake_args' from command line to 'None'
[0.220s] Level 5:colcon.colcon_core.verb:set package 'turret_control' build argument 'catkin_skip_building_tests' from command line to 'False'
[0.220s] DEBUG:colcon.colcon_core.verb:Building package 'turret_control' with the following arguments: {'ament_cmake_args': None, 'build_base': '/home/alex/Desktop/2DOF-Turret/build/turret_control', 'catkin_cmake_args': None, 'catkin_skip_building_tests': False, 'cmake_args': None, 'cmake_clean_cache': False, 'cmake_clean_first': False, 'cmake_force_configure': False, 'cmake_target': None, 'cmake_target_skip_unavailable': False, 'install_base': '/home/alex/Desktop/2DOF-Turret/install/turret_control', 'merge_install': False, 'path': '/home/alex/Desktop/2DOF-Turret/2dof_ros2_ws/src/turret_control', 'symlink_install': False, 'test_result_base': None}
[0.220s] INFO:colcon.colcon_core.executor:Executing jobs using 'parallel' executor
[0.221s] DEBUG:colcon.colcon_parallel_executor.executor.parallel:run_until_complete
[0.221s] INFO:colcon.colcon_ros.task.ament_cmake.build:Building ROS package in '/home/alex/Desktop/2DOF-Turret/2dof_ros2_ws/src/turret_control' with build type 'ament_cmake'
[0.221s] INFO:colcon.colcon_cmake.task.cmake.build:Building CMake package in '/home/alex/Desktop/2DOF-Turret/2dof_ros2_ws/src/turret_control'
[0.223s] INFO:colcon.colcon_core.plugin_system:Skipping extension 'colcon_core.shell.bat': Not used on non-Windows systems
[0.223s] INFO:colcon.colcon_core.shell:Skip shell extension 'powershell' for command environment: Not usable outside of PowerShell
[0.223s] DEBUG:colcon.colcon_core.shell:Skip shell extension 'dsv' for command environment
[0.224s] WARNING:colcon.colcon_core.shell:The following packages are in the workspace but haven't been built:
- custom_msgs
They are being used from the following locations instead:
- /home/alex/Desktop/2DOF-Turret/2dof_ros2_ws/install/custom_msgs
To suppress this warning ignore these packages in the workspace:
--packages-ignore custom_msgs
[0.228s] DEBUG:colcon.colcon_core.event_handler.log_command:Invoking command in '/home/alex/Desktop/2DOF-Turret/build/turret_control': CONDA_PROMPT_MODIFIER=(base) /usr/bin/cmake --build /home/alex/Desktop/2DOF-Turret/build/turret_control -- -j16 -l16
[3.565s] DEBUG:colcon.colcon_core.event_handler.log_command:Invoked command in '/home/alex/Desktop/2DOF-Turret/build/turret_control' returned '2': CONDA_PROMPT_MODIFIER=(base) /usr/bin/cmake --build /home/alex/Desktop/2DOF-Turret/build/turret_control -- -j16 -l16
[3.565s] Level 1:colcon.colcon_core.environment:create_environment_scripts_only(turret_control)
[3.566s] Level 1:colcon.colcon_core.environment:checking '/home/alex/Desktop/2DOF-Turret/install/turret_control' for CMake module files
[3.567s] Level 1:colcon.colcon_core.environment:checking '/home/alex/Desktop/2DOF-Turret/install/turret_control' for CMake config files
[3.567s] Level 1:colcon.colcon_core.shell:create_environment_hook('turret_control', 'cmake_prefix_path')
[3.567s] INFO:colcon.colcon_core.shell:Creating environment hook '/home/alex/Desktop/2DOF-Turret/install/turret_control/share/turret_control/hook/cmake_prefix_path.ps1'
[3.567s] INFO:colcon.colcon_core.shell:Creating environment descriptor '/home/alex/Desktop/2DOF-Turret/install/turret_control/share/turret_control/hook/cmake_prefix_path.dsv'
[3.567s] INFO:colcon.colcon_core.shell:Creating environment hook '/home/alex/Desktop/2DOF-Turret/install/turret_control/share/turret_control/hook/cmake_prefix_path.sh'
[3.568s] Level 1:colcon.colcon_core.environment:checking '/home/alex/Desktop/2DOF-Turret/install/turret_control/lib'
[3.568s] Level 1:colcon.colcon_core.environment:checking '/home/alex/Desktop/2DOF-Turret/install/turret_control/bin'
[3.568s] Level 1:colcon.colcon_core.environment:checking '/home/alex/Desktop/2DOF-Turret/install/turret_control/lib/pkgconfig/turret_control.pc'
[3.568s] Level 1:colcon.colcon_core.environment:checking '/home/alex/Desktop/2DOF-Turret/install/turret_control/lib/python3.10/site-packages'
[3.569s] Level 1:colcon.colcon_core.environment:checking '/home/alex/Desktop/2DOF-Turret/install/turret_control/bin'
[3.569s] INFO:colcon.colcon_core.shell:Creating package script '/home/alex/Desktop/2DOF-Turret/install/turret_control/share/turret_control/package.ps1'
[3.569s] INFO:colcon.colcon_core.shell:Creating package descriptor '/home/alex/Desktop/2DOF-Turret/install/turret_control/share/turret_control/package.dsv'
[3.570s] INFO:colcon.colcon_core.shell:Creating package script '/home/alex/Desktop/2DOF-Turret/install/turret_control/share/turret_control/package.sh'
[3.570s] INFO:colcon.colcon_core.shell:Creating package script '/home/alex/Desktop/2DOF-Turret/install/turret_control/share/turret_control/package.bash'
[3.570s] INFO:colcon.colcon_core.shell:Creating package script '/home/alex/Desktop/2DOF-Turret/install/turret_control/share/turret_control/package.zsh'
[3.571s] Level 1:colcon.colcon_core.environment:create_file_with_runtime_dependencies(/home/alex/Desktop/2DOF-Turret/install/turret_control/share/colcon-core/packages/turret_control)
[3.581s] DEBUG:colcon.colcon_parallel_executor.executor.parallel:closing loop
[3.581s] DEBUG:colcon.colcon_parallel_executor.executor.parallel:loop closed
[3.581s] DEBUG:colcon.colcon_parallel_executor.executor.parallel:run_until_complete finished with '2'
[3.581s] DEBUG:colcon.colcon_core.event_reactor:joining thread
[3.587s] INFO:colcon.colcon_core.plugin_system:Skipping extension 'colcon_notification.desktop_notification.terminal_notifier': Not used on non-Darwin systems
[3.587s] INFO:colcon.colcon_core.plugin_system:Skipping extension 'colcon_notification.desktop_notification.win32': Not used on non-Windows systems
[3.587s] INFO:colcon.colcon_notification.desktop_notification:Sending desktop notification using 'notify2'
[3.595s] DEBUG:colcon.colcon_core.event_reactor:joined thread
[3.595s] INFO:colcon.colcon_core.shell:Creating prefix script '/home/alex/Desktop/2DOF-Turret/install/local_setup.ps1'
[3.596s] INFO:colcon.colcon_core.shell:Creating prefix util module '/home/alex/Desktop/2DOF-Turret/install/_local_setup_util_ps1.py'
[3.597s] INFO:colcon.colcon_core.shell:Creating prefix chain script '/home/alex/Desktop/2DOF-Turret/install/setup.ps1'
[3.598s] INFO:colcon.colcon_core.shell:Creating prefix script '/home/alex/Desktop/2DOF-Turret/install/local_setup.sh'
[3.598s] INFO:colcon.colcon_core.shell:Creating prefix util module '/home/alex/Desktop/2DOF-Turret/install/_local_setup_util_sh.py'
[3.598s] INFO:colcon.colcon_core.shell:Creating prefix chain script '/home/alex/Desktop/2DOF-Turret/install/setup.sh'
[3.599s] INFO:colcon.colcon_core.shell:Creating prefix script '/home/alex/Desktop/2DOF-Turret/install/local_setup.bash'
[3.599s] INFO:colcon.colcon_core.shell:Creating prefix chain script '/home/alex/Desktop/2DOF-Turret/install/setup.bash'
[3.600s] INFO:colcon.colcon_core.shell:Creating prefix script '/home/alex/Desktop/2DOF-Turret/install/local_setup.zsh'
[3.600s] INFO:colcon.colcon_core.shell:Creating prefix chain script '/home/alex/Desktop/2DOF-Turret/install/setup.zsh'
