[0.009s] Invoking command in '/home/alex/Desktop/2DOF-Turret/build/turret_control': CONDA_PROMPT_MODIFIER=(base) /usr/bin/cmake --build /home/alex/Desktop/2DOF-Turret/build/turret_control -- -j16 -l16
[0.027s] -- Found ament_cmake: 1.3.12 (/opt/ros/humble/share/ament_cmake/cmake)
[0.104s] -- Found rclcpp: 16.0.17 (/opt/ros/humble/share/rclcpp/cmake)
[0.120s] -- Found rosidl_generator_c: 3.1.7 (/opt/ros/humble/share/rosidl_generator_c/cmake)
[0.122s] -- Found rosidl_adapter: 3.1.7 (/opt/ros/humble/share/rosidl_adapter/cmake)
[0.125s] -- Found rosidl_generator_cpp: 3.1.7 (/opt/ros/humble/share/rosidl_generator_cpp/cmake)
[0.130s] -- Using all available rosidl_typesupport_c: rosidl_typesupport_fastrtps_c;rosidl_typesupport_introspection_c
[0.138s] -- Using all available rosidl_typesupport_cpp: rosidl_typesupport_fastrtps_cpp;rosidl_typesupport_introspection_cpp
[0.156s] -- Found rmw_implementation_cmake: 6.1.2 (/opt/ros/humble/share/rmw_implementation_cmake/cmake)
[0.157s] -- Found rmw_fastrtps_cpp: 6.2.9 (/opt/ros/humble/share/rmw_fastrtps_cpp/cmake)
[0.218s] -- Using RMW implementation 'rmw_fastrtps_cpp' as default
[0.245s] -- Found custom_msgs: 0.0.0 (/home/alex/Desktop/2DOF-Turret/2dof_ros2_ws/install/custom_msgs/share/custom_msgs/cmake)
[0.250s] -- Found geometry_msgs: 4.9.0 (/opt/ros/humble/share/geometry_msgs/cmake)
[0.298s] -- Configuring done
[0.306s] -- Generating done
[0.308s] -- Build files have been written to: /home/alex/Desktop/2DOF-Turret/build/turret_control
[0.324s] [35m[1mConsolidate compiler generated dependencies of target position_controller[0m
[0.337s] [ 50%] [32mBuilding CXX object CMakeFiles/position_controller.dir/src/position_controller.cpp.o[0m
[0.337s] [ 50%] [32mBuilding CXX object CMakeFiles/position_controller.dir/src/jsonRead.cpp.o[0m
[0.337s] [ 75%] [32mBuilding CXX object CMakeFiles/position_controller.dir/src/Control.cpp.o[0m
[1.817s] In file included from [01m[K/usr/include/eigen3/Eigen/Core:164[m[K,
[1.817s]                  from [01m[K/usr/include/eigen3/Eigen/Dense:1[m[K,
[1.817s]                  from [01m[K/home/alex/Desktop/2DOF-Turret/2dof_ros2_ws/src/turret_control/include/turret_control/JsonRead.h:6[m[K,
[1.817s]                  from [01m[K/home/alex/Desktop/2DOF-Turret/2dof_ros2_ws/src/turret_control/include/turret_control/Control.h:3[m[K,
[1.817s]                  from [01m[K/home/alex/Desktop/2DOF-Turret/2dof_ros2_ws/src/turret_control/src/Control.cpp:1[m[K:
[1.817s] /usr/include/eigen3/Eigen/src/Core/Matrix.h: In instantiation of ‘[01m[KEigen::Matrix<_Scalar, _Rows, _Cols, _Options, _MaxRows, _MaxCols>::Matrix(const Scalar&, const Scalar&, const Scalar&, const Scalar&) [with _Scalar = double; int _Rows = -1; int _Cols = 1; int _Options = 0; int _MaxRows = -1; int _MaxCols = 1; Eigen::Matrix<_Scalar, _Rows, _Cols, _Options, _MaxRows, _MaxCols>::Scalar = double][m[K’:
[1.817s] [01m[K/home/alex/Desktop/2DOF-Turret/2dof_ros2_ws/src/turret_control/src/Control.cpp:15:33:[m[K   required from here
[1.817s] [01m[K/usr/include/eigen3/Eigen/src/Core/Matrix.h:404:7:[m[K [01;31m[Kerror: [m[Kstatic assertion failed: THIS_METHOD_IS_ONLY_FOR_VECTORS_OF_A_SPECIFIC_SIZE
[1.817s]   404 |       [01;31m[KE[m[KIGEN_STATIC_ASSERT_VECTOR_SPECIFIC_SIZE(Matrix, 4)
[1.817s]       |       [01;31m[K^[m[K
[1.817s] [01m[K/usr/include/eigen3/Eigen/src/Core/Matrix.h:404:7:[m[K [01;36m[Knote: [m[K‘[01m[K(((int)Eigen::Matrix<double, -1, 1>::SizeAtCompileTime) == 4)[m[K’ evaluates to false
[1.911s] gmake[2]: *** [CMakeFiles/position_controller.dir/build.make:104: CMakeFiles/position_controller.dir/src/Control.cpp.o] Error 1
[1.911s] gmake[2]: *** Waiting for unfinished jobs....
[2.766s] [01m[K/home/alex/Desktop/2DOF-Turret/2dof_ros2_ws/src/turret_control/src/position_controller.cpp:[m[K In function ‘[01m[Kint main(int, char**)[m[K’:
[2.767s] [01m[K/home/alex/Desktop/2DOF-Turret/2dof_ros2_ws/src/turret_control/src/position_controller.cpp:49:14:[m[K [01;35m[Kwarning: [m[Kunused parameter ‘[01m[Kargc[m[K’ [[01;35m[K]8;;https://gcc.gnu.org/onlinedocs/gcc/Warning-Options.html#index-Wunused-parameter-Wunused-parameter]8;;[m[K]
[2.767s]    49 | int main([01;35m[Kint argc[m[K, char **argv)
[2.767s]       |          [01;35m[K~~~~^~~~[m[K
[2.767s] [01m[K/home/alex/Desktop/2DOF-Turret/2dof_ros2_ws/src/turret_control/src/position_controller.cpp:49:27:[m[K [01;35m[Kwarning: [m[Kunused parameter ‘[01m[Kargv[m[K’ [[01;35m[K]8;;https://gcc.gnu.org/onlinedocs/gcc/Warning-Options.html#index-Wunused-parameter-Wunused-parameter]8;;[m[K]
[2.767s]    49 | int main(int argc, [01;35m[Kchar **argv[m[K)
[2.767s]       |                    [01;35m[K~~~~~~~^~~~[m[K
[4.080s] gmake[1]: *** [CMakeFiles/Makefile2:137: CMakeFiles/position_controller.dir/all] Error 2
[4.081s] gmake: *** [Makefile:146: all] Error 2
[4.082s] Invoked command in '/home/alex/Desktop/2DOF-Turret/build/turret_control' returned '2': CONDA_PROMPT_MODIFIER=(base) /usr/bin/cmake --build /home/alex/Desktop/2DOF-Turret/build/turret_control -- -j16 -l16
