[0.007s] Invoking command in '/home/alex/Desktop/2DOF-Turret/build/turret_control': AMENT_PREFIX_PATH=/home/alex/Desktop/2DOF-Turret/install/custom_msgs:${AMENT_PREFIX_PATH} CMAKE_PREFIX_PATH=/home/alex/Desktop/2DOF-Turret/install/custom_msgs:/opt/ros/humble:/opt/ros/humble LD_LIBRARY_PATH=/home/alex/Desktop/2DOF-Turret/install/custom_msgs/lib:${LD_LIBRARY_PATH} PYTHONPATH=/home/alex/Desktop/2DOF-Turret/install/custom_msgs/local/lib/python3.10/dist-packages:${PYTHONPATH} /usr/bin/cmake /home/alex/Desktop/2DOF-Turret/2dof_ros2_ws/src/turret_control -DCMAKE_INSTALL_PREFIX=/home/alex/Desktop/2DOF-Turret/install/turret_control
[0.041s] -- The C compiler identification is GNU 11.4.0
[0.089s] -- The CXX compiler identification is GNU 11.4.0
[0.093s] -- Detecting C compiler ABI info
[0.136s] -- Detecting C compiler ABI info - done
[0.141s] -- Check for working C compiler: /usr/bin/cc - skipped
[0.141s] -- Detecting C compile features
[0.141s] -- Detecting C compile features - done
[0.143s] -- Detecting CXX compiler ABI info
[0.192s] -- Detecting CXX compiler ABI info - done
[0.196s] -- Check for working CXX compiler: /usr/bin/c++ - skipped
[0.197s] -- Detecting CXX compile features
[0.197s] -- Detecting CXX compile features - done
[0.198s] -- Found ament_cmake: 1.3.12 (/opt/ros/humble/share/ament_cmake/cmake)
[0.290s] -- Found Python3: /usr/bin/python3 (found version "3.10.12") found components: Interpreter 
[0.341s] -- Found rclcpp: 16.0.17 (/opt/ros/humble/share/rclcpp/cmake)
[0.364s] -- Found rosidl_generator_c: 3.1.7 (/opt/ros/humble/share/rosidl_generator_c/cmake)
[0.366s] -- Found rosidl_adapter: 3.1.7 (/opt/ros/humble/share/rosidl_adapter/cmake)
[0.370s] -- Found rosidl_generator_cpp: 3.1.7 (/opt/ros/humble/share/rosidl_generator_cpp/cmake)
[0.377s] -- Using all available rosidl_typesupport_c: rosidl_typesupport_fastrtps_c;rosidl_typesupport_introspection_c
[0.385s] -- Using all available rosidl_typesupport_cpp: rosidl_typesupport_fastrtps_cpp;rosidl_typesupport_introspection_cpp
[0.409s] -- Found rmw_implementation_cmake: 6.1.2 (/opt/ros/humble/share/rmw_implementation_cmake/cmake)
[0.410s] -- Found rmw_fastrtps_cpp: 6.2.9 (/opt/ros/humble/share/rmw_fastrtps_cpp/cmake)
[0.456s] -- Found OpenSSL: /usr/lib/x86_64-linux-gnu/libcrypto.so (found version "3.0.2")  
[0.471s] -- Found FastRTPS: /opt/ros/humble/include  
[0.493s] -- Using RMW implementation 'rmw_fastrtps_cpp' as default
[0.496s] -- Looking for pthread.h
[0.549s] -- Looking for pthread.h - found
[0.549s] -- Performing Test CMAKE_HAVE_LIBC_PTHREAD
[0.594s] -- Performing Test CMAKE_HAVE_LIBC_PTHREAD - Success
[0.595s] -- Found Threads: TRUE  
[0.626s] -- Found custom_msgs: 0.0.0 (/home/alex/Desktop/2DOF-Turret/install/custom_msgs/share/custom_msgs/cmake)
[0.632s] -- Found geometry_msgs: 4.9.0 (/opt/ros/humble/share/geometry_msgs/cmake)
[0.693s] -- Configuring done
[0.699s] -- Generating done
[0.702s] -- Build files have been written to: /home/alex/Desktop/2DOF-Turret/build/turret_control
[0.708s] Invoked command in '/home/alex/Desktop/2DOF-Turret/build/turret_control' returned '0': AMENT_PREFIX_PATH=/home/alex/Desktop/2DOF-Turret/install/custom_msgs:${AMENT_PREFIX_PATH} CMAKE_PREFIX_PATH=/home/alex/Desktop/2DOF-Turret/install/custom_msgs:/opt/ros/humble:/opt/ros/humble LD_LIBRARY_PATH=/home/alex/Desktop/2DOF-Turret/install/custom_msgs/lib:${LD_LIBRARY_PATH} PYTHONPATH=/home/alex/Desktop/2DOF-Turret/install/custom_msgs/local/lib/python3.10/dist-packages:${PYTHONPATH} /usr/bin/cmake /home/alex/Desktop/2DOF-Turret/2dof_ros2_ws/src/turret_control -DCMAKE_INSTALL_PREFIX=/home/alex/Desktop/2DOF-Turret/install/turret_control
[0.710s] Invoking command in '/home/alex/Desktop/2DOF-Turret/build/turret_control': AMENT_PREFIX_PATH=/home/alex/Desktop/2DOF-Turret/install/custom_msgs:${AMENT_PREFIX_PATH} CMAKE_PREFIX_PATH=/home/alex/Desktop/2DOF-Turret/install/custom_msgs:/opt/ros/humble:/opt/ros/humble LD_LIBRARY_PATH=/home/alex/Desktop/2DOF-Turret/install/custom_msgs/lib:${LD_LIBRARY_PATH} PYTHONPATH=/home/alex/Desktop/2DOF-Turret/install/custom_msgs/local/lib/python3.10/dist-packages:${PYTHONPATH} /usr/bin/cmake --build /home/alex/Desktop/2DOF-Turret/build/turret_control -- -j16 -l16
[0.733s] [35m[1mConsolidate compiler generated dependencies of target position_controller[0m
[0.746s] [ 25%] [32mBuilding CXX object CMakeFiles/position_controller.dir/src/Control.cpp.o[0m
[1.410s] [01m[K/home/alex/Desktop/2DOF-Turret/2dof_ros2_ws/src/turret_control/src/Control.cpp:[m[K In member function ‘[01m[KEigen::VectorXd& Observer::estimate(const VectorXd&, const VectorXd&)[m[K’:
[1.411s] [01m[K/home/alex/Desktop/2DOF-Turret/2dof_ros2_ws/src/turret_control/src/Control.cpp:13:18:[m[K [01;35m[Kwarning: [m[Kcomparison of integer expressions of different signedness: ‘[01m[KEigen::EigenBase<Eigen::Matrix<double, -1, 1> >::Index[m[K’ {aka ‘[01m[Klong int[m[K’} and ‘[01m[Ksize_t[m[K’ {aka ‘[01m[Klong unsigned int[m[K’} [[01;35m[K]8;;https://gcc.gnu.org/onlinedocs/gcc/Warning-Options.html#index-Wsign-compare-Wsign-compare]8;;[m[K]
[1.411s]    13 |     if ([01;35m[Ku.size() != ss.m[m[K || y.size() != ss.p)
[1.411s]       |         [01;35m[K~~~~~~~~~^~~~~~~[m[K
[1.411s] [01m[K/home/alex/Desktop/2DOF-Turret/2dof_ros2_ws/src/turret_control/src/Control.cpp:13:38:[m[K [01;35m[Kwarning: [m[Kcomparison of integer expressions of different signedness: ‘[01m[KEigen::EigenBase<Eigen::Matrix<double, -1, 1> >::Index[m[K’ {aka ‘[01m[Klong int[m[K’} and ‘[01m[Ksize_t[m[K’ {aka ‘[01m[Klong unsigned int[m[K’} [[01;35m[K]8;;https://gcc.gnu.org/onlinedocs/gcc/Warning-Options.html#index-Wsign-compare-Wsign-compare]8;;[m[K]
[1.411s]    13 |     if (u.size() != ss.m || [01;35m[Ky.size() != ss.p[m[K)
[1.411s]       |                             [01;35m[K~~~~~~~~~^~~~~~~[m[K
[2.959s] [ 50%] [32m[1mLinking CXX executable position_controller[0m
[3.062s] [100%] Built target position_controller
[3.069s] Invoked command in '/home/alex/Desktop/2DOF-Turret/build/turret_control' returned '0': AMENT_PREFIX_PATH=/home/alex/Desktop/2DOF-Turret/install/custom_msgs:${AMENT_PREFIX_PATH} CMAKE_PREFIX_PATH=/home/alex/Desktop/2DOF-Turret/install/custom_msgs:/opt/ros/humble:/opt/ros/humble LD_LIBRARY_PATH=/home/alex/Desktop/2DOF-Turret/install/custom_msgs/lib:${LD_LIBRARY_PATH} PYTHONPATH=/home/alex/Desktop/2DOF-Turret/install/custom_msgs/local/lib/python3.10/dist-packages:${PYTHONPATH} /usr/bin/cmake --build /home/alex/Desktop/2DOF-Turret/build/turret_control -- -j16 -l16
[3.074s] Invoking command in '/home/alex/Desktop/2DOF-Turret/build/turret_control': AMENT_PREFIX_PATH=/home/alex/Desktop/2DOF-Turret/install/custom_msgs:${AMENT_PREFIX_PATH} CMAKE_PREFIX_PATH=/home/alex/Desktop/2DOF-Turret/install/custom_msgs:/opt/ros/humble:/opt/ros/humble LD_LIBRARY_PATH=/home/alex/Desktop/2DOF-Turret/install/custom_msgs/lib:${LD_LIBRARY_PATH} PYTHONPATH=/home/alex/Desktop/2DOF-Turret/install/custom_msgs/local/lib/python3.10/dist-packages:${PYTHONPATH} /usr/bin/cmake --install /home/alex/Desktop/2DOF-Turret/build/turret_control
[3.078s] -- Install configuration: ""
[3.078s] -- Installing: /home/alex/Desktop/2DOF-Turret/install/turret_control/lib/turret_control/position_controller
[3.079s] -- Set runtime path of "/home/alex/Desktop/2DOF-Turret/install/turret_control/lib/turret_control/position_controller" to ""
[3.079s] -- Up-to-date: /home/alex/Desktop/2DOF-Turret/install/turret_control/share/ament_index/resource_index/package_run_dependencies/turret_control
[3.079s] -- Up-to-date: /home/alex/Desktop/2DOF-Turret/install/turret_control/share/ament_index/resource_index/parent_prefix_path/turret_control
[3.079s] -- Up-to-date: /home/alex/Desktop/2DOF-Turret/install/turret_control/share/turret_control/environment/ament_prefix_path.sh
[3.079s] -- Installing: /home/alex/Desktop/2DOF-Turret/install/turret_control/share/turret_control/environment/ament_prefix_path.dsv
[3.079s] -- Up-to-date: /home/alex/Desktop/2DOF-Turret/install/turret_control/share/turret_control/environment/path.sh
[3.079s] -- Installing: /home/alex/Desktop/2DOF-Turret/install/turret_control/share/turret_control/environment/path.dsv
[3.079s] -- Up-to-date: /home/alex/Desktop/2DOF-Turret/install/turret_control/share/turret_control/local_setup.bash
[3.079s] -- Up-to-date: /home/alex/Desktop/2DOF-Turret/install/turret_control/share/turret_control/local_setup.sh
[3.079s] -- Up-to-date: /home/alex/Desktop/2DOF-Turret/install/turret_control/share/turret_control/local_setup.zsh
[3.080s] -- Installing: /home/alex/Desktop/2DOF-Turret/install/turret_control/share/turret_control/local_setup.dsv
[3.080s] -- Installing: /home/alex/Desktop/2DOF-Turret/install/turret_control/share/turret_control/package.dsv
[3.080s] -- Up-to-date: /home/alex/Desktop/2DOF-Turret/install/turret_control/share/ament_index/resource_index/packages/turret_control
[3.080s] -- Up-to-date: /home/alex/Desktop/2DOF-Turret/install/turret_control/share/turret_control/cmake/turret_controlConfig.cmake
[3.080s] -- Up-to-date: /home/alex/Desktop/2DOF-Turret/install/turret_control/share/turret_control/cmake/turret_controlConfig-version.cmake
[3.080s] -- Up-to-date: /home/alex/Desktop/2DOF-Turret/install/turret_control/share/turret_control/package.xml
[3.081s] Invoked command in '/home/alex/Desktop/2DOF-Turret/build/turret_control' returned '0': AMENT_PREFIX_PATH=/home/alex/Desktop/2DOF-Turret/install/custom_msgs:${AMENT_PREFIX_PATH} CMAKE_PREFIX_PATH=/home/alex/Desktop/2DOF-Turret/install/custom_msgs:/opt/ros/humble:/opt/ros/humble LD_LIBRARY_PATH=/home/alex/Desktop/2DOF-Turret/install/custom_msgs/lib:${LD_LIBRARY_PATH} PYTHONPATH=/home/alex/Desktop/2DOF-Turret/install/custom_msgs/local/lib/python3.10/dist-packages:${PYTHONPATH} /usr/bin/cmake --install /home/alex/Desktop/2DOF-Turret/build/turret_control
