[0.006s] Invoking command in '/home/alex/Desktop/2DOF-Turret/build/turret_control': CONDA_PROMPT_MODIFIER=(base) /usr/bin/cmake --build /home/alex/Desktop/2DOF-Turret/build/turret_control -- -j16 -l16
[0.031s] [35m[1mConsolidate compiler generated dependencies of target position_controller[0m
[0.043s] [ 25%] [32mBuilding CXX object CMakeFiles/position_controller.dir/src/Control.cpp.o[0m
[0.863s] [ 50%] [32m[1mLinking CXX executable position_controller[0m
[1.001s] [100%] Built target position_controller
[1.007s] Invoked command in '/home/alex/Desktop/2DOF-Turret/build/turret_control' returned '0': CONDA_PROMPT_MODIFIER=(base) /usr/bin/cmake --build /home/alex/Desktop/2DOF-Turret/build/turret_control -- -j16 -l16
[1.013s] Invoking command in '/home/alex/Desktop/2DOF-Turret/build/turret_control': CONDA_PROMPT_MODIFIER=(base) /usr/bin/cmake --install /home/alex/Desktop/2DOF-Turret/build/turret_control
[1.017s] -- Install configuration: ""
[1.018s] -- Installing: /home/alex/Desktop/2DOF-Turret/install/turret_control/lib/turret_control/position_controller
[1.018s] -- Set runtime path of "/home/alex/Desktop/2DOF-Turret/install/turret_control/lib/turret_control/position_controller" to ""
[1.018s] -- Up-to-date: /home/alex/Desktop/2DOF-Turret/install/turret_control/share/ament_index/resource_index/package_run_dependencies/turret_control
[1.018s] -- Installing: /home/alex/Desktop/2DOF-Turret/install/turret_control/share/ament_index/resource_index/parent_prefix_path/turret_control
[1.018s] -- Up-to-date: /home/alex/Desktop/2DOF-Turret/install/turret_control/share/turret_control/environment/ament_prefix_path.sh
[1.018s] -- Installing: /home/alex/Desktop/2DOF-Turret/install/turret_control/share/turret_control/environment/ament_prefix_path.dsv
[1.018s] -- Up-to-date: /home/alex/Desktop/2DOF-Turret/install/turret_control/share/turret_control/environment/path.sh
[1.018s] -- Installing: /home/alex/Desktop/2DOF-Turret/install/turret_control/share/turret_control/environment/path.dsv
[1.019s] -- Up-to-date: /home/alex/Desktop/2DOF-Turret/install/turret_control/share/turret_control/local_setup.bash
[1.019s] -- Up-to-date: /home/alex/Desktop/2DOF-Turret/install/turret_control/share/turret_control/local_setup.sh
[1.019s] -- Up-to-date: /home/alex/Desktop/2DOF-Turret/install/turret_control/share/turret_control/local_setup.zsh
[1.019s] -- Installing: /home/alex/Desktop/2DOF-Turret/install/turret_control/share/turret_control/local_setup.dsv
[1.019s] -- Installing: /home/alex/Desktop/2DOF-Turret/install/turret_control/share/turret_control/package.dsv
[1.019s] -- Up-to-date: /home/alex/Desktop/2DOF-Turret/install/turret_control/share/ament_index/resource_index/packages/turret_control
[1.019s] -- Up-to-date: /home/alex/Desktop/2DOF-Turret/install/turret_control/share/turret_control/cmake/turret_controlConfig.cmake
[1.019s] -- Up-to-date: /home/alex/Desktop/2DOF-Turret/install/turret_control/share/turret_control/cmake/turret_controlConfig-version.cmake
[1.019s] -- Up-to-date: /home/alex/Desktop/2DOF-Turret/install/turret_control/share/turret_control/package.xml
[1.020s] Invoked command in '/home/alex/Desktop/2DOF-Turret/build/turret_control' returned '0': CONDA_PROMPT_MODIFIER=(base) /usr/bin/cmake --install /home/alex/Desktop/2DOF-Turret/build/turret_control
