[0.061s] DEBUG:colcon:Command line arguments: ['/usr/bin/colcon', 'build', '--cmake-args', '-DCMAKE_EXPORT_COMPILE_COMMANDS=ON']
[0.061s] DEBUG:colcon:Parsed command line arguments: Namespace(log_base=None, log_level=None, verb_name='build', build_base='build', install_base='install', merge_install=False, symlink_install=False, test_result_base=None, continue_on_error=False, executor='parallel', parallel_workers=16, event_handlers=None, ignore_user_meta=False, metas=['./colcon.meta'], base_paths=['.'], packages_ignore=None, packages_ignore_regex=None, paths=None, packages_up_to=None, packages_up_to_regex=None, packages_above=None, packages_above_and_dependencies=None, packages_above_depth=None, packages_select_by_dep=None, packages_skip_by_dep=None, packages_skip_up_to=None, packages_select_build_failed=False, packages_skip_build_finished=False, packages_select_test_failures=False, packages_skip_test_passed=False, packages_select=None, packages_skip=None, packages_select_regex=None, packages_skip_regex=None, packages_start=None, packages_end=None, allow_overriding=[], cmake_args=['-DCMAKE_EXPORT_COMPILE_COMMANDS=ON'], cmake_target=None, cmake_target_skip_unavailable=False, cmake_clean_cache=False, cmake_clean_first=False, cmake_force_configure=False, ament_cmake_args=None, catkin_cmake_args=None, catkin_skip_building_tests=False, mixin_files=None, mixin=None, verb_parser=<colcon_mixin.mixin.mixin_argument.MixinArgumentDecorator object at 0x7e3c46bcdff0>, verb_extension=<colcon_core.verb.build.BuildVerb object at 0x7e3c46d43670>, main=<bound method BuildVerb.main of <colcon_core.verb.build.BuildVerb object at 0x7e3c46d43670>>, mixin_verb=('build',))
[0.156s] Level 1:colcon.colcon_core.package_discovery:discover_packages(colcon_meta) check parameters
[0.156s] Level 1:colcon.colcon_core.package_discovery:discover_packages(recursive) check parameters
[0.156s] Level 1:colcon.colcon_core.package_discovery:discover_packages(ignore) check parameters
[0.156s] Level 1:colcon.colcon_core.package_discovery:discover_packages(path) check parameters
[0.156s] Level 1:colcon.colcon_core.package_discovery:discover_packages(colcon_meta) discover
[0.156s] Level 1:colcon.colcon_core.package_discovery:discover_packages(recursive) discover
[0.156s] INFO:colcon.colcon_core.package_discovery:Crawling recursively for packages in '/home/alex/Desktop/2DOF-Turret'
[0.157s] Level 1:colcon.colcon_core.package_identification:_identify(.) by extensions ['ignore', 'ignore_ament_install']
[0.157s] Level 1:colcon.colcon_core.package_identification:_identify(.) by extension 'ignore'
[0.157s] Level 1:colcon.colcon_core.package_identification:_identify(.) by extension 'ignore_ament_install'
[0.157s] Level 1:colcon.colcon_core.package_identification:_identify(.) by extensions ['colcon_pkg']
[0.157s] Level 1:colcon.colcon_core.package_identification:_identify(.) by extension 'colcon_pkg'
[0.157s] Level 1:colcon.colcon_core.package_identification:_identify(.) by extensions ['colcon_meta']
[0.157s] Level 1:colcon.colcon_core.package_identification:_identify(.) by extension 'colcon_meta'
[0.157s] Level 1:colcon.colcon_core.package_identification:_identify(.) by extensions ['ros']
[0.157s] Level 1:colcon.colcon_core.package_identification:_identify(.) by extension 'ros'
[0.163s] Level 1:colcon.colcon_core.package_identification:_identify(.) by extensions ['cmake', 'python']
[0.163s] Level 1:colcon.colcon_core.package_identification:_identify(.) by extension 'cmake'
[0.163s] Level 1:colcon.colcon_core.package_identification:_identify(.) by extension 'python'
[0.163s] Level 1:colcon.colcon_core.package_identification:_identify(.) by extensions ['python_setup_py']
[0.163s] Level 1:colcon.colcon_core.package_identification:_identify(.) by extension 'python_setup_py'
[0.163s] Level 1:colcon.colcon_core.package_identification:_identify(2dof_ros2_ws) by extensions ['ignore', 'ignore_ament_install']
[0.163s] Level 1:colcon.colcon_core.package_identification:_identify(2dof_ros2_ws) by extension 'ignore'
[0.163s] Level 1:colcon.colcon_core.package_identification:_identify(2dof_ros2_ws) by extension 'ignore_ament_install'
[0.163s] Level 1:colcon.colcon_core.package_identification:_identify(2dof_ros2_ws) by extensions ['colcon_pkg']
[0.163s] Level 1:colcon.colcon_core.package_identification:_identify(2dof_ros2_ws) by extension 'colcon_pkg'
[0.163s] Level 1:colcon.colcon_core.package_identification:_identify(2dof_ros2_ws) by extensions ['colcon_meta']
[0.163s] Level 1:colcon.colcon_core.package_identification:_identify(2dof_ros2_ws) by extension 'colcon_meta'
[0.163s] Level 1:colcon.colcon_core.package_identification:_identify(2dof_ros2_ws) by extensions ['ros']
[0.163s] Level 1:colcon.colcon_core.package_identification:_identify(2dof_ros2_ws) by extension 'ros'
[0.163s] Level 1:colcon.colcon_core.package_identification:_identify(2dof_ros2_ws) by extensions ['cmake', 'python']
[0.163s] Level 1:colcon.colcon_core.package_identification:_identify(2dof_ros2_ws) by extension 'cmake'
[0.163s] Level 1:colcon.colcon_core.package_identification:_identify(2dof_ros2_ws) by extension 'python'
[0.163s] Level 1:colcon.colcon_core.package_identification:_identify(2dof_ros2_ws) by extensions ['python_setup_py']
[0.163s] Level 1:colcon.colcon_core.package_identification:_identify(2dof_ros2_ws) by extension 'python_setup_py'
[0.163s] Level 1:colcon.colcon_core.package_identification:_identify(2dof_ros2_ws/build) by extensions ['ignore', 'ignore_ament_install']
[0.163s] Level 1:colcon.colcon_core.package_identification:_identify(2dof_ros2_ws/build) by extension 'ignore'
[0.163s] Level 1:colcon.colcon_core.package_identification:_identify(2dof_ros2_ws/build) ignored
[0.164s] Level 1:colcon.colcon_core.package_identification:_identify(2dof_ros2_ws/install) by extensions ['ignore', 'ignore_ament_install']
[0.164s] Level 1:colcon.colcon_core.package_identification:_identify(2dof_ros2_ws/install) by extension 'ignore'
[0.164s] Level 1:colcon.colcon_core.package_identification:_identify(2dof_ros2_ws/install) ignored
[0.164s] Level 1:colcon.colcon_core.package_identification:_identify(2dof_ros2_ws/log) by extensions ['ignore', 'ignore_ament_install']
[0.164s] Level 1:colcon.colcon_core.package_identification:_identify(2dof_ros2_ws/log) by extension 'ignore'
[0.164s] Level 1:colcon.colcon_core.package_identification:_identify(2dof_ros2_ws/log) ignored
[0.164s] Level 1:colcon.colcon_core.package_identification:_identify(2dof_ros2_ws/src) by extensions ['ignore', 'ignore_ament_install']
[0.164s] Level 1:colcon.colcon_core.package_identification:_identify(2dof_ros2_ws/src) by extension 'ignore'
[0.164s] Level 1:colcon.colcon_core.package_identification:_identify(2dof_ros2_ws/src) by extension 'ignore_ament_install'
[0.164s] Level 1:colcon.colcon_core.package_identification:_identify(2dof_ros2_ws/src) by extensions ['colcon_pkg']
[0.164s] Level 1:colcon.colcon_core.package_identification:_identify(2dof_ros2_ws/src) by extension 'colcon_pkg'
[0.164s] Level 1:colcon.colcon_core.package_identification:_identify(2dof_ros2_ws/src) by extensions ['colcon_meta']
[0.164s] Level 1:colcon.colcon_core.package_identification:_identify(2dof_ros2_ws/src) by extension 'colcon_meta'
[0.164s] Level 1:colcon.colcon_core.package_identification:_identify(2dof_ros2_ws/src) by extensions ['ros']
[0.164s] Level 1:colcon.colcon_core.package_identification:_identify(2dof_ros2_ws/src) by extension 'ros'
[0.164s] Level 1:colcon.colcon_core.package_identification:_identify(2dof_ros2_ws/src) by extensions ['cmake', 'python']
[0.164s] Level 1:colcon.colcon_core.package_identification:_identify(2dof_ros2_ws/src) by extension 'cmake'
[0.164s] Level 1:colcon.colcon_core.package_identification:_identify(2dof_ros2_ws/src) by extension 'python'
[0.164s] Level 1:colcon.colcon_core.package_identification:_identify(2dof_ros2_ws/src) by extensions ['python_setup_py']
[0.164s] Level 1:colcon.colcon_core.package_identification:_identify(2dof_ros2_ws/src) by extension 'python_setup_py'
[0.164s] Level 1:colcon.colcon_core.package_identification:_identify(2dof_ros2_ws/src/turret_control) by extensions ['ignore', 'ignore_ament_install']
[0.164s] Level 1:colcon.colcon_core.package_identification:_identify(2dof_ros2_ws/src/turret_control) by extension 'ignore'
[0.164s] Level 1:colcon.colcon_core.package_identification:_identify(2dof_ros2_ws/src/turret_control) by extension 'ignore_ament_install'
[0.164s] Level 1:colcon.colcon_core.package_identification:_identify(2dof_ros2_ws/src/turret_control) by extensions ['colcon_pkg']
[0.164s] Level 1:colcon.colcon_core.package_identification:_identify(2dof_ros2_ws/src/turret_control) by extension 'colcon_pkg'
[0.164s] Level 1:colcon.colcon_core.package_identification:_identify(2dof_ros2_ws/src/turret_control) by extensions ['colcon_meta']
[0.164s] Level 1:colcon.colcon_core.package_identification:_identify(2dof_ros2_ws/src/turret_control) by extension 'colcon_meta'
[0.164s] Level 1:colcon.colcon_core.package_identification:_identify(2dof_ros2_ws/src/turret_control) by extensions ['ros']
[0.164s] Level 1:colcon.colcon_core.package_identification:_identify(2dof_ros2_ws/src/turret_control) by extension 'ros'
[0.166s] DEBUG:colcon.colcon_core.package_identification:Package '2dof_ros2_ws/src/turret_control' with type 'ros.ament_cmake' and name 'turret_control'
[0.166s] Level 1:colcon.colcon_core.package_identification:_identify(build) by extensions ['ignore', 'ignore_ament_install']
[0.166s] Level 1:colcon.colcon_core.package_identification:_identify(build) by extension 'ignore'
[0.166s] Level 1:colcon.colcon_core.package_identification:_identify(build) ignored
[0.166s] Level 1:colcon.colcon_core.package_identification:_identify(docs) by extensions ['ignore', 'ignore_ament_install']
[0.166s] Level 1:colcon.colcon_core.package_identification:_identify(docs) by extension 'ignore'
[0.166s] Level 1:colcon.colcon_core.package_identification:_identify(docs) by extension 'ignore_ament_install'
[0.166s] Level 1:colcon.colcon_core.package_identification:_identify(docs) by extensions ['colcon_pkg']
[0.166s] Level 1:colcon.colcon_core.package_identification:_identify(docs) by extension 'colcon_pkg'
[0.166s] Level 1:colcon.colcon_core.package_identification:_identify(docs) by extensions ['colcon_meta']
[0.166s] Level 1:colcon.colcon_core.package_identification:_identify(docs) by extension 'colcon_meta'
[0.166s] Level 1:colcon.colcon_core.package_identification:_identify(docs) by extensions ['ros']
[0.166s] Level 1:colcon.colcon_core.package_identification:_identify(docs) by extension 'ros'
[0.166s] Level 1:colcon.colcon_core.package_identification:_identify(docs) by extensions ['cmake', 'python']
[0.166s] Level 1:colcon.colcon_core.package_identification:_identify(docs) by extension 'cmake'
[0.166s] Level 1:colcon.colcon_core.package_identification:_identify(docs) by extension 'python'
[0.166s] Level 1:colcon.colcon_core.package_identification:_identify(docs) by extensions ['python_setup_py']
[0.166s] Level 1:colcon.colcon_core.package_identification:_identify(docs) by extension 'python_setup_py'
[0.167s] Level 1:colcon.colcon_core.package_identification:_identify(install) by extensions ['ignore', 'ignore_ament_install']
[0.167s] Level 1:colcon.colcon_core.package_identification:_identify(install) by extension 'ignore'
[0.167s] Level 1:colcon.colcon_core.package_identification:_identify(install) ignored
[0.167s] Level 1:colcon.colcon_core.package_identification:_identify(log) by extensions ['ignore', 'ignore_ament_install']
[0.167s] Level 1:colcon.colcon_core.package_identification:_identify(log) by extension 'ignore'
[0.167s] Level 1:colcon.colcon_core.package_identification:_identify(log) ignored
[0.167s] Level 1:colcon.colcon_core.package_discovery:discover_packages(recursive) using defaults
[0.167s] Level 1:colcon.colcon_core.package_discovery:discover_packages(ignore) discover
[0.167s] Level 1:colcon.colcon_core.package_discovery:discover_packages(ignore) using defaults
[0.167s] Level 1:colcon.colcon_core.package_discovery:discover_packages(path) discover
[0.167s] Level 1:colcon.colcon_core.package_discovery:discover_packages(path) using defaults
[0.184s] Level 1:colcon.colcon_core.package_discovery:discover_packages(prefix_path) check parameters
[0.184s] Level 1:colcon.colcon_core.package_discovery:discover_packages(prefix_path) discover
[0.185s] DEBUG:colcon.colcon_installed_package_information.package_discovery:Found 272 installed packages in /opt/ros/humble
[0.186s] Level 1:colcon.colcon_core.package_discovery:discover_packages(prefix_path) using defaults
[0.206s] Level 5:colcon.colcon_core.verb:set package 'turret_control' build argument 'cmake_args' from command line to '['-DCMAKE_EXPORT_COMPILE_COMMANDS=ON']'
[0.207s] Level 5:colcon.colcon_core.verb:set package 'turret_control' build argument 'cmake_target' from command line to 'None'
[0.207s] Level 5:colcon.colcon_core.verb:set package 'turret_control' build argument 'cmake_target_skip_unavailable' from command line to 'False'
[0.207s] Level 5:colcon.colcon_core.verb:set package 'turret_control' build argument 'cmake_clean_cache' from command line to 'False'
[0.207s] Level 5:colcon.colcon_core.verb:set package 'turret_control' build argument 'cmake_clean_first' from command line to 'False'
[0.207s] Level 5:colcon.colcon_core.verb:set package 'turret_control' build argument 'cmake_force_configure' from command line to 'False'
[0.207s] Level 5:colcon.colcon_core.verb:set package 'turret_control' build argument 'ament_cmake_args' from command line to 'None'
[0.207s] Level 5:colcon.colcon_core.verb:set package 'turret_control' build argument 'catkin_cmake_args' from command line to 'None'
[0.207s] Level 5:colcon.colcon_core.verb:set package 'turret_control' build argument 'catkin_skip_building_tests' from command line to 'False'
[0.207s] DEBUG:colcon.colcon_core.verb:Building package 'turret_control' with the following arguments: {'ament_cmake_args': None, 'build_base': '/home/alex/Desktop/2DOF-Turret/build/turret_control', 'catkin_cmake_args': None, 'catkin_skip_building_tests': False, 'cmake_args': ['-DCMAKE_EXPORT_COMPILE_COMMANDS=ON'], 'cmake_clean_cache': False, 'cmake_clean_first': False, 'cmake_force_configure': False, 'cmake_target': None, 'cmake_target_skip_unavailable': False, 'install_base': '/home/alex/Desktop/2DOF-Turret/install/turret_control', 'merge_install': False, 'path': '/home/alex/Desktop/2DOF-Turret/2dof_ros2_ws/src/turret_control', 'symlink_install': False, 'test_result_base': None}
[0.207s] INFO:colcon.colcon_core.executor:Executing jobs using 'parallel' executor
[0.207s] DEBUG:colcon.colcon_parallel_executor.executor.parallel:run_until_complete
[0.208s] INFO:colcon.colcon_ros.task.ament_cmake.build:Building ROS package in '/home/alex/Desktop/2DOF-Turret/2dof_ros2_ws/src/turret_control' with build type 'ament_cmake'
[0.208s] INFO:colcon.colcon_cmake.task.cmake.build:Building CMake package in '/home/alex/Desktop/2DOF-Turret/2dof_ros2_ws/src/turret_control'
[0.209s] INFO:colcon.colcon_core.plugin_system:Skipping extension 'colcon_core.shell.bat': Not used on non-Windows systems
[0.209s] INFO:colcon.colcon_core.shell:Skip shell extension 'powershell' for command environment: Not usable outside of PowerShell
[0.209s] DEBUG:colcon.colcon_core.shell:Skip shell extension 'dsv' for command environment
[0.213s] DEBUG:colcon.colcon_core.event_handler.log_command:Invoking command in '/home/alex/Desktop/2DOF-Turret/build/turret_control': /usr/bin/cmake /home/alex/Desktop/2DOF-Turret/2dof_ros2_ws/src/turret_control -DCMAKE_EXPORT_COMPILE_COMMANDS=ON -DCMAKE_INSTALL_PREFIX=/home/alex/Desktop/2DOF-Turret/install/turret_control
[0.904s] DEBUG:colcon.colcon_core.event_handler.log_command:Invoked command in '/home/alex/Desktop/2DOF-Turret/build/turret_control' returned '0': /usr/bin/cmake /home/alex/Desktop/2DOF-Turret/2dof_ros2_ws/src/turret_control -DCMAKE_EXPORT_COMPILE_COMMANDS=ON -DCMAKE_INSTALL_PREFIX=/home/alex/Desktop/2DOF-Turret/install/turret_control
[0.905s] DEBUG:colcon.colcon_core.event_handler.log_command:Invoking command in '/home/alex/Desktop/2DOF-Turret/build/turret_control': /usr/bin/cmake --build /home/alex/Desktop/2DOF-Turret/build/turret_control -- -j16 -l16
[2.541s] DEBUG:colcon.colcon_core.event_handler.log_command:Invoked command in '/home/alex/Desktop/2DOF-Turret/build/turret_control' returned '0': /usr/bin/cmake --build /home/alex/Desktop/2DOF-Turret/build/turret_control -- -j16 -l16
[2.547s] DEBUG:colcon.colcon_core.event_handler.log_command:Invoking command in '/home/alex/Desktop/2DOF-Turret/build/turret_control': /usr/bin/cmake --install /home/alex/Desktop/2DOF-Turret/build/turret_control
[2.553s] Level 1:colcon.colcon_core.environment:create_environment_scripts_only(turret_control)
[2.554s] DEBUG:colcon.colcon_core.event_handler.log_command:Invoked command in '/home/alex/Desktop/2DOF-Turret/build/turret_control' returned '0': /usr/bin/cmake --install /home/alex/Desktop/2DOF-Turret/build/turret_control
[2.555s] Level 1:colcon.colcon_core.environment:checking '/home/alex/Desktop/2DOF-Turret/install/turret_control' for CMake module files
[2.555s] Level 1:colcon.colcon_core.environment:checking '/home/alex/Desktop/2DOF-Turret/install/turret_control' for CMake config files
[2.555s] Level 1:colcon.colcon_core.shell:create_environment_hook('turret_control', 'cmake_prefix_path')
[2.555s] INFO:colcon.colcon_core.shell:Creating environment hook '/home/alex/Desktop/2DOF-Turret/install/turret_control/share/turret_control/hook/cmake_prefix_path.ps1'
[2.556s] INFO:colcon.colcon_core.shell:Creating environment descriptor '/home/alex/Desktop/2DOF-Turret/install/turret_control/share/turret_control/hook/cmake_prefix_path.dsv'
[2.556s] INFO:colcon.colcon_core.shell:Creating environment hook '/home/alex/Desktop/2DOF-Turret/install/turret_control/share/turret_control/hook/cmake_prefix_path.sh'
[2.556s] Level 1:colcon.colcon_core.environment:checking '/home/alex/Desktop/2DOF-Turret/install/turret_control/lib'
[2.557s] Level 1:colcon.colcon_core.environment:checking '/home/alex/Desktop/2DOF-Turret/install/turret_control/bin'
[2.557s] Level 1:colcon.colcon_core.environment:checking '/home/alex/Desktop/2DOF-Turret/install/turret_control/lib/pkgconfig/turret_control.pc'
[2.557s] Level 1:colcon.colcon_core.environment:checking '/home/alex/Desktop/2DOF-Turret/install/turret_control/lib/python3.10/site-packages'
[2.557s] Level 1:colcon.colcon_core.environment:checking '/home/alex/Desktop/2DOF-Turret/install/turret_control/bin'
[2.557s] INFO:colcon.colcon_core.shell:Creating package script '/home/alex/Desktop/2DOF-Turret/install/turret_control/share/turret_control/package.ps1'
[2.558s] INFO:colcon.colcon_core.shell:Creating package descriptor '/home/alex/Desktop/2DOF-Turret/install/turret_control/share/turret_control/package.dsv'
[2.558s] INFO:colcon.colcon_core.shell:Creating package script '/home/alex/Desktop/2DOF-Turret/install/turret_control/share/turret_control/package.sh'
[2.558s] INFO:colcon.colcon_core.shell:Creating package script '/home/alex/Desktop/2DOF-Turret/install/turret_control/share/turret_control/package.bash'
[2.559s] INFO:colcon.colcon_core.shell:Creating package script '/home/alex/Desktop/2DOF-Turret/install/turret_control/share/turret_control/package.zsh'
[2.559s] Level 1:colcon.colcon_core.environment:create_file_with_runtime_dependencies(/home/alex/Desktop/2DOF-Turret/install/turret_control/share/colcon-core/packages/turret_control)
[2.559s] Level 1:colcon.colcon_core.environment:create_environment_scripts_only(turret_control)
[2.560s] Level 1:colcon.colcon_core.environment:checking '/home/alex/Desktop/2DOF-Turret/install/turret_control' for CMake module files
[2.560s] Level 1:colcon.colcon_core.environment:checking '/home/alex/Desktop/2DOF-Turret/install/turret_control' for CMake config files
[2.560s] Level 1:colcon.colcon_core.shell:create_environment_hook('turret_control', 'cmake_prefix_path')
[2.560s] INFO:colcon.colcon_core.shell:Creating environment hook '/home/alex/Desktop/2DOF-Turret/install/turret_control/share/turret_control/hook/cmake_prefix_path.ps1'
[2.560s] INFO:colcon.colcon_core.shell:Creating environment descriptor '/home/alex/Desktop/2DOF-Turret/install/turret_control/share/turret_control/hook/cmake_prefix_path.dsv'
[2.560s] INFO:colcon.colcon_core.shell:Creating environment hook '/home/alex/Desktop/2DOF-Turret/install/turret_control/share/turret_control/hook/cmake_prefix_path.sh'
[2.561s] Level 1:colcon.colcon_core.environment:checking '/home/alex/Desktop/2DOF-Turret/install/turret_control/lib'
[2.561s] Level 1:colcon.colcon_core.environment:checking '/home/alex/Desktop/2DOF-Turret/install/turret_control/bin'
[2.561s] Level 1:colcon.colcon_core.environment:checking '/home/alex/Desktop/2DOF-Turret/install/turret_control/lib/pkgconfig/turret_control.pc'
[2.561s] Level 1:colcon.colcon_core.environment:checking '/home/alex/Desktop/2DOF-Turret/install/turret_control/lib/python3.10/site-packages'
[2.561s] Level 1:colcon.colcon_core.environment:checking '/home/alex/Desktop/2DOF-Turret/install/turret_control/bin'
[2.561s] INFO:colcon.colcon_core.shell:Creating package script '/home/alex/Desktop/2DOF-Turret/install/turret_control/share/turret_control/package.ps1'
[2.562s] INFO:colcon.colcon_core.shell:Creating package descriptor '/home/alex/Desktop/2DOF-Turret/install/turret_control/share/turret_control/package.dsv'
[2.562s] INFO:colcon.colcon_core.shell:Creating package script '/home/alex/Desktop/2DOF-Turret/install/turret_control/share/turret_control/package.sh'
[2.562s] INFO:colcon.colcon_core.shell:Creating package script '/home/alex/Desktop/2DOF-Turret/install/turret_control/share/turret_control/package.bash'
[2.562s] INFO:colcon.colcon_core.shell:Creating package script '/home/alex/Desktop/2DOF-Turret/install/turret_control/share/turret_control/package.zsh'
[2.563s] Level 1:colcon.colcon_core.environment:create_file_with_runtime_dependencies(/home/alex/Desktop/2DOF-Turret/install/turret_control/share/colcon-core/packages/turret_control)
[2.563s] DEBUG:colcon.colcon_parallel_executor.executor.parallel:closing loop
[2.563s] DEBUG:colcon.colcon_parallel_executor.executor.parallel:loop closed
[2.563s] DEBUG:colcon.colcon_parallel_executor.executor.parallel:run_until_complete finished with '0'
[2.563s] DEBUG:colcon.colcon_core.event_reactor:joining thread
[2.566s] INFO:colcon.colcon_core.plugin_system:Skipping extension 'colcon_notification.desktop_notification.terminal_notifier': Not used on non-Darwin systems
[2.566s] INFO:colcon.colcon_core.plugin_system:Skipping extension 'colcon_notification.desktop_notification.win32': Not used on non-Windows systems
[2.566s] INFO:colcon.colcon_notification.desktop_notification:Sending desktop notification using 'notify2'
[2.573s] DEBUG:colcon.colcon_core.event_reactor:joined thread
[2.574s] INFO:colcon.colcon_core.shell:Creating prefix script '/home/alex/Desktop/2DOF-Turret/install/local_setup.ps1'
[2.574s] INFO:colcon.colcon_core.shell:Creating prefix util module '/home/alex/Desktop/2DOF-Turret/install/_local_setup_util_ps1.py'
[2.575s] INFO:colcon.colcon_core.shell:Creating prefix chain script '/home/alex/Desktop/2DOF-Turret/install/setup.ps1'
[2.576s] INFO:colcon.colcon_core.shell:Creating prefix script '/home/alex/Desktop/2DOF-Turret/install/local_setup.sh'
[2.576s] INFO:colcon.colcon_core.shell:Creating prefix util module '/home/alex/Desktop/2DOF-Turret/install/_local_setup_util_sh.py'
[2.576s] INFO:colcon.colcon_core.shell:Creating prefix chain script '/home/alex/Desktop/2DOF-Turret/install/setup.sh'
[2.577s] INFO:colcon.colcon_core.shell:Creating prefix script '/home/alex/Desktop/2DOF-Turret/install/local_setup.bash'
[2.577s] INFO:colcon.colcon_core.shell:Creating prefix chain script '/home/alex/Desktop/2DOF-Turret/install/setup.bash'
[2.577s] INFO:colcon.colcon_core.shell:Creating prefix script '/home/alex/Desktop/2DOF-Turret/install/local_setup.zsh'
[2.578s] INFO:colcon.colcon_core.shell:Creating prefix chain script '/home/alex/Desktop/2DOF-Turret/install/setup.zsh'
