[0.006s] Invoking command in '/home/alex/Desktop/2DOF-Turret/build/custom_msgs': CONDA_PROMPT_MODIFIER=(base) /usr/bin/cmake /home/alex/Desktop/2DOF-Turret/2dof_ros2_ws/src/custom_msgs -DCMAKE_INSTALL_PREFIX=/home/alex/Desktop/2DOF-Turret/install/custom_msgs
[0.400s] -- The C compiler identification is GNU 11.4.0
[0.439s] -- The CXX compiler identification is GNU 11.4.0
[0.445s] -- Detecting C compiler ABI info
[0.500s] -- Detecting C compiler ABI info - done
[0.505s] -- Check for working C compiler: /usr/bin/cc - skipped
[0.505s] -- Detecting C compile features
[0.506s] -- Detecting C compile features - done
[0.508s] -- Detecting CXX compiler ABI info
[0.555s] -- Detecting CXX compiler ABI info - done
[0.559s] -- Check for working CXX compiler: /usr/bin/c++ - skipped
[0.560s] -- Detecting CXX compile features
[0.560s] -- Detecting CXX compile features - done
[0.561s] -- Found ament_cmake: 1.3.12 (/opt/ros/humble/share/ament_cmake/cmake)
[0.871s] -- Found Python3: /home/alex/miniconda3/bin/python3 (found version "3.13.9") found components: Interpreter 
[0.933s] -- Found rosidl_default_generators: 1.2.0 (/opt/ros/humble/share/rosidl_default_generators/cmake)
[0.935s] -- Using all available rosidl_typesupport_c: rosidl_typesupport_fastrtps_c;rosidl_typesupport_introspection_c
[0.939s] -- Found rosidl_adapter: 3.1.7 (/opt/ros/humble/share/rosidl_adapter/cmake)
[0.963s] -- Using all available rosidl_typesupport_cpp: rosidl_typesupport_fastrtps_cpp;rosidl_typesupport_introspection_cpp
[1.054s] [31mCMake Error at /opt/ros/humble/share/rosidl_adapter/cmake/rosidl_adapt_interfaces.cmake:59 (message):
[1.054s]   execute_process(/home/alex/miniconda3/bin/python3 -m rosidl_adapter
[1.054s]   --package-name custom_msgs --arguments-file
[1.054s]   /home/alex/Desktop/2DOF-Turret/build/custom_msgs/rosidl_adapter__arguments__custom_msgs.json
[1.054s]   --output-dir
[1.054s]   /home/alex/Desktop/2DOF-Turret/build/custom_msgs/rosidl_adapter/custom_msgs
[1.054s]   --output-file
[1.054s]   /home/alex/Desktop/2DOF-Turret/build/custom_msgs/rosidl_adapter/custom_msgs.idls)
[1.054s]   returned error code 1:
[1.054s] 
[1.055s]   Traceback (most recent call last):
[1.055s] 
[1.055s]     File "<frozen runpy>", line 198, in _run_module_as_main
[1.055s]     File "<frozen runpy>", line 88, in _run_code
[1.055s]     File "/opt/ros/humble/local/lib/python3.10/dist-packages/rosidl_adapter/__main__.py", line 19, in <module>
[1.055s]       sys.exit(main())
[1.055s]                ~~~~^^
[1.055s]     File "/opt/ros/humble/local/lib/python3.10/dist-packages/rosidl_adapter/main.py", line 53, in main
[1.055s]       abs_idl_file = convert_to_idl(
[1.055s]           pathlib.Path(basepath), args.package_name,
[1.055s]           pathlib.Path(relative_path), output_dir)
[1.055s]     File "/opt/ros/humble/local/lib/python3.10/dist-packages/rosidl_adapter/__init__.py", line 18, in convert_to_idl
[1.055s]       from rosidl_adapter.msg import convert_msg_to_idl
[1.055s]     File "/opt/ros/humble/local/lib/python3.10/dist-packages/rosidl_adapter/msg/__init__.py", line 16, in <module>
[1.055s]       from rosidl_adapter.resource import expand_template
[1.055s]     File "/opt/ros/humble/local/lib/python3.10/dist-packages/rosidl_adapter/resource/__init__.py", line 19, in <module>
[1.055s]       import em
[1.055s] 
[1.055s]   ModuleNotFoundError: No module named 'em'
[1.055s] 
[1.055s] Call Stack (most recent call first):
[1.055s]   /opt/ros/humble/share/rosidl_cmake/cmake/rosidl_generate_interfaces.cmake:130 (rosidl_adapt_interfaces)
[1.055s]   CMakeLists.txt:8 (rosidl_generate_interfaces)
[1.055s] 
[1.055s] [0m
[1.055s] -- Configuring incomplete, errors occurred!
[1.055s] See also "/home/alex/Desktop/2DOF-Turret/build/custom_msgs/CMakeFiles/CMakeOutput.log".
[1.058s] Invoked command in '/home/alex/Desktop/2DOF-Turret/build/custom_msgs' returned '1': CONDA_PROMPT_MODIFIER=(base) /usr/bin/cmake /home/alex/Desktop/2DOF-Turret/2dof_ros2_ws/src/custom_msgs -DCMAKE_INSTALL_PREFIX=/home/alex/Desktop/2DOF-Turret/install/custom_msgs
